{"timestamp":"2025-06-13T07:16:12.259276","level":"info","event":"DAG bundles loaded: dags-folder, example_dags","logger":"airflow.dag_processing.bundles.manager.DagBundlesManager"}
{"timestamp":"2025-06-13T07:16:12.259955","level":"info","event":"Filling up the DagBag from /opt/airflow/dags/banking_airflow_pipeline/dag_ingesting_banking_data_into_PostgreSQL.py","logger":"airflow.models.dagbag.DagBag"}
{"timestamp":"2025-06-13T07:16:12.344004Z","level":"info","event":"Task instance is in running state","chan":"stdout","logger":"task"}
{"timestamp":"2025-06-13T07:16:12.347255Z","level":"info","event":" Previous state of the Task instance: TaskInstanceState.QUEUED","chan":"stdout","logger":"task"}
{"timestamp":"2025-06-13T07:16:12.347318Z","level":"info","event":"Current task name:load_accounts_data","chan":"stdout","logger":"task"}
{"timestamp":"2025-06-13T07:16:12.347355Z","level":"info","event":"Dag name:dag_load_data_into_postgres_v9","chan":"stdout","logger":"task"}
{"timestamp":"2025-06-13T07:16:12.309445","level":"info","event":"Connecting to PostgreSQL database...","logger":"root"}
{"timestamp":"2025-06-13T07:16:12.323531","level":"info","event":"Connection established successfully.","logger":"root"}
{"timestamp":"2025-06-13T07:16:12.328645","level":"info","event":"Reading CSV files from local path: /opt/airflow/dags/banking_airflow_pipeline/data/run_20250613_071543","logger":"root"}
{"timestamp":"2025-06-13T07:16:12.340196","level":"info","event":"Adding metadata to dataframes...","logger":"root"}
{"timestamp":"2025-06-13T07:16:12.341732","level":"info","event":"Loading accounts data into PostgreSQL...","logger":"root"}
{"timestamp":"2025-06-13T07:16:12.375929","level":"info","event":"Loading accounts data into PostgreSQL...","logger":"root"}
{"timestamp":"2025-06-13T07:16:12.432012","level":"info","event":"Accounts data loaded successfully.","logger":"root"}
{"timestamp":"2025-06-13T07:16:12.474643","level":"info","event":"Loading data into PostgreSQL...","logger":"root"}
{"timestamp":"2025-06-13T07:16:12.475040","level":"info","event":"PostgreSQL connection closed.","logger":"root"}
{"timestamp":"2025-06-13T07:16:12.475230","level":"info","event":"Data loading completed successfully.","logger":"root"}
{"timestamp":"2025-06-13T07:16:12.475627","level":"info","event":"Done. Returned value was: None","logger":"airflow.task.operators.airflow.providers.standard.decorators.python._PythonDecoratedOperator"}
{"timestamp":"2025-06-13T07:16:12.515090Z","level":"info","event":"Task instance in success state","chan":"stdout","logger":"task"}
{"timestamp":"2025-06-13T07:16:12.515708Z","level":"info","event":" Previous state of the Task instance: TaskInstanceState.RUNNING","chan":"stdout","logger":"task"}
{"timestamp":"2025-06-13T07:16:12.516159Z","level":"info","event":"Task operator:<Task(_PythonDecoratedOperator): load_accounts_data>","chan":"stdout","logger":"task"}
