{"timestamp":"2025-06-12T05:37:07.593299","level":"info","event":"DAG bundles loaded: dags-folder, example_dags","logger":"airflow.dag_processing.bundles.manager.DagBundlesManager"}
{"timestamp":"2025-06-12T05:37:07.594023","level":"info","event":"Filling up the DagBag from /opt/airflow/dags/banking_airflow_pipeline/dag_ingest_log_data_into_mongodb.py","logger":"airflow.models.dagbag.DagBag"}
{"timestamp":"2025-06-12T05:37:07.929870Z","level":"info","event":"Task instance is in running state","chan":"stdout","logger":"task"}
{"timestamp":"2025-06-12T05:37:07.930028Z","level":"info","event":" Previous state of the Task instance: TaskInstanceState.QUEUED","chan":"stdout","logger":"task"}
{"timestamp":"2025-06-12T05:37:07.930076Z","level":"info","event":"Current task name:wait_for_data_generation","chan":"stdout","logger":"task"}
{"timestamp":"2025-06-12T05:37:07.930108Z","level":"info","event":"Dag name:dag_load_data_into_mongodb","chan":"stdout","logger":"task"}
{"timestamp":"2025-06-12T05:37:07.889297","level":"info","event":"Poking for DAG 'dag_banking_data_generation' on 2025-06-12T05:37:05.345213+00:00 ... ","logger":"airflow.task.operators.airflow.providers.standard.sensors.external_task.ExternalTaskSensor"}
{"timestamp":"2025-06-12T05:37:07.950305","level":"info","event":"Rescheduling task, marking task as UP_FOR_RESCHEDULE","logger":"task"}
{"timestamp":"2025-06-12T05:37:40.113017","level":"info","event":"DAG bundles loaded: dags-folder, example_dags","logger":"airflow.dag_processing.bundles.manager.DagBundlesManager"}
{"timestamp":"2025-06-12T05:37:40.113742","level":"info","event":"Filling up the DagBag from /opt/airflow/dags/banking_airflow_pipeline/dag_ingest_log_data_into_mongodb.py","logger":"airflow.models.dagbag.DagBag"}
{"timestamp":"2025-06-12T05:37:40.329130Z","level":"info","event":"Task instance is in running state","chan":"stdout","logger":"task"}
{"timestamp":"2025-06-12T05:37:40.329245Z","level":"info","event":" Previous state of the Task instance: TaskInstanceState.QUEUED","chan":"stdout","logger":"task"}
{"timestamp":"2025-06-12T05:37:40.329296Z","level":"info","event":"Current task name:wait_for_data_generation","chan":"stdout","logger":"task"}
{"timestamp":"2025-06-12T05:37:40.329339Z","level":"info","event":"Dag name:dag_load_data_into_mongodb","chan":"stdout","logger":"task"}
{"timestamp":"2025-06-12T05:37:40.328827","level":"info","event":"Poking for DAG 'dag_banking_data_generation' on 2025-06-12T05:37:05.345213+00:00 ... ","logger":"airflow.task.operators.airflow.providers.standard.sensors.external_task.ExternalTaskSensor"}
{"timestamp":"2025-06-12T05:37:40.338464","level":"info","event":"Rescheduling task, marking task as UP_FOR_RESCHEDULE","logger":"task"}
{"timestamp":"2025-06-12T05:38:13.265575","level":"info","event":"DAG bundles loaded: dags-folder, example_dags","logger":"airflow.dag_processing.bundles.manager.DagBundlesManager"}
{"timestamp":"2025-06-12T05:38:13.266302","level":"info","event":"Filling up the DagBag from /opt/airflow/dags/banking_airflow_pipeline/dag_ingest_log_data_into_mongodb.py","logger":"airflow.models.dagbag.DagBag"}
{"timestamp":"2025-06-12T05:38:13.615740Z","level":"info","event":"Task instance is in running state","chan":"stdout","logger":"task"}
{"timestamp":"2025-06-12T05:38:13.617945Z","level":"info","event":" Previous state of the Task instance: TaskInstanceState.QUEUED","chan":"stdout","logger":"task"}
{"timestamp":"2025-06-12T05:38:13.618013Z","level":"info","event":"Current task name:wait_for_data_generation","chan":"stdout","logger":"task"}
{"timestamp":"2025-06-12T05:38:13.618062Z","level":"info","event":"Dag name:dag_load_data_into_mongodb","chan":"stdout","logger":"task"}
{"timestamp":"2025-06-12T05:38:13.618379","level":"info","event":"Poking for DAG 'dag_banking_data_generation' on 2025-06-12T05:37:05.345213+00:00 ... ","logger":"airflow.task.operators.airflow.providers.standard.sensors.external_task.ExternalTaskSensor"}
{"timestamp":"2025-06-12T05:38:13.634817","level":"info","event":"Rescheduling task, marking task as UP_FOR_RESCHEDULE","logger":"task"}
{"timestamp":"2025-06-12T05:38:55.792034","level":"info","event":"DAG bundles loaded: dags-folder, example_dags","logger":"airflow.dag_processing.bundles.manager.DagBundlesManager"}
{"timestamp":"2025-06-12T05:38:55.793579","level":"info","event":"Filling up the DagBag from /opt/airflow/dags/banking_airflow_pipeline/dag_ingest_log_data_into_mongodb.py","logger":"airflow.models.dagbag.DagBag"}
{"timestamp":"2025-06-12T05:38:56.659219Z","level":"info","event":"Task instance is in running state","chan":"stdout","logger":"task"}
{"timestamp":"2025-06-12T05:38:56.659524Z","level":"info","event":" Previous state of the Task instance: TaskInstanceState.QUEUED","chan":"stdout","logger":"task"}
{"timestamp":"2025-06-12T05:38:56.659731Z","level":"info","event":"Current task name:wait_for_data_generation","chan":"stdout","logger":"task"}
{"timestamp":"2025-06-12T05:38:56.666090Z","level":"info","event":"Dag name:dag_load_data_into_mongodb","chan":"stdout","logger":"task"}
{"timestamp":"2025-06-12T05:38:56.664236","level":"info","event":"Poking for DAG 'dag_banking_data_generation' on 2025-06-12T05:37:05.345213+00:00 ... ","logger":"airflow.task.operators.airflow.providers.standard.sensors.external_task.ExternalTaskSensor"}
{"timestamp":"2025-06-12T05:38:56.712253","level":"info","event":"Rescheduling task, marking task as UP_FOR_RESCHEDULE","logger":"task"}
{"timestamp":"2025-06-12T05:39:33.675185","level":"info","event":"DAG bundles loaded: dags-folder, example_dags","logger":"airflow.dag_processing.bundles.manager.DagBundlesManager"}
{"timestamp":"2025-06-12T05:39:33.680333","level":"info","event":"Filling up the DagBag from /opt/airflow/dags/banking_airflow_pipeline/dag_ingest_log_data_into_mongodb.py","logger":"airflow.models.dagbag.DagBag"}
{"timestamp":"2025-06-12T05:39:34.100890Z","level":"info","event":"Task instance is in running state","chan":"stdout","logger":"task"}
{"timestamp":"2025-06-12T05:39:34.101135Z","level":"info","event":" Previous state of the Task instance: TaskInstanceState.QUEUED","chan":"stdout","logger":"task"}
{"timestamp":"2025-06-12T05:39:34.101244Z","level":"info","event":"Current task name:wait_for_data_generation","chan":"stdout","logger":"task"}
{"timestamp":"2025-06-12T05:39:34.101338Z","level":"info","event":"Dag name:dag_load_data_into_mongodb","chan":"stdout","logger":"task"}
{"timestamp":"2025-06-12T05:39:34.102196","level":"info","event":"Poking for DAG 'dag_banking_data_generation' on 2025-06-12T05:37:05.345213+00:00 ... ","logger":"airflow.task.operators.airflow.providers.standard.sensors.external_task.ExternalTaskSensor"}
{"timestamp":"2025-06-12T05:39:34.124067","level":"info","event":"Rescheduling task, marking task as UP_FOR_RESCHEDULE","logger":"task"}
{"timestamp":"2025-06-12T05:40:08.226117","level":"info","event":"DAG bundles loaded: dags-folder, example_dags","logger":"airflow.dag_processing.bundles.manager.DagBundlesManager"}
{"timestamp":"2025-06-12T05:40:08.226987","level":"info","event":"Filling up the DagBag from /opt/airflow/dags/banking_airflow_pipeline/dag_ingest_log_data_into_mongodb.py","logger":"airflow.models.dagbag.DagBag"}
{"timestamp":"2025-06-12T05:40:09.493819Z","level":"info","event":"Task instance is in running state","chan":"stdout","logger":"task"}
{"timestamp":"2025-06-12T05:40:09.493999Z","level":"info","event":" Previous state of the Task instance: TaskInstanceState.QUEUED","chan":"stdout","logger":"task"}
{"timestamp":"2025-06-12T05:40:09.494059Z","level":"info","event":"Current task name:wait_for_data_generation","chan":"stdout","logger":"task"}
{"timestamp":"2025-06-12T05:40:09.494105Z","level":"info","event":"Dag name:dag_load_data_into_mongodb","chan":"stdout","logger":"task"}
{"timestamp":"2025-06-12T05:40:09.499287","level":"info","event":"Poking for DAG 'dag_banking_data_generation' on 2025-06-12T05:37:05.345213+00:00 ... ","logger":"airflow.task.operators.airflow.providers.standard.sensors.external_task.ExternalTaskSensor"}
{"timestamp":"2025-06-12T05:40:09.555230","level":"info","event":"Rescheduling task, marking task as UP_FOR_RESCHEDULE","logger":"task"}
{"timestamp":"2025-06-12T05:40:40.788694","level":"info","event":"DAG bundles loaded: dags-folder, example_dags","logger":"airflow.dag_processing.bundles.manager.DagBundlesManager"}
{"timestamp":"2025-06-12T05:40:40.791538","level":"info","event":"Filling up the DagBag from /opt/airflow/dags/banking_airflow_pipeline/dag_ingest_log_data_into_mongodb.py","logger":"airflow.models.dagbag.DagBag"}
{"timestamp":"2025-06-12T05:40:41.289777Z","level":"info","event":"Task instance is in running state","chan":"stdout","logger":"task"}
{"timestamp":"2025-06-12T05:40:41.289949Z","level":"info","event":" Previous state of the Task instance: TaskInstanceState.QUEUED","chan":"stdout","logger":"task"}
{"timestamp":"2025-06-12T05:40:41.290008Z","level":"info","event":"Current task name:wait_for_data_generation","chan":"stdout","logger":"task"}
{"timestamp":"2025-06-12T05:40:41.290055Z","level":"info","event":"Dag name:dag_load_data_into_mongodb","chan":"stdout","logger":"task"}
{"timestamp":"2025-06-12T05:40:41.289476","level":"info","event":"Poking for DAG 'dag_banking_data_generation' on 2025-06-12T05:37:05.345213+00:00 ... ","logger":"airflow.task.operators.airflow.providers.standard.sensors.external_task.ExternalTaskSensor"}
{"timestamp":"2025-06-12T05:40:41.306857","level":"info","event":"Rescheduling task, marking task as UP_FOR_RESCHEDULE","logger":"task"}
{"timestamp":"2025-06-12T05:41:12.400172","level":"info","event":"DAG bundles loaded: dags-folder, example_dags","logger":"airflow.dag_processing.bundles.manager.DagBundlesManager"}
{"timestamp":"2025-06-12T05:41:12.400895","level":"info","event":"Filling up the DagBag from /opt/airflow/dags/banking_airflow_pipeline/dag_ingest_log_data_into_mongodb.py","logger":"airflow.models.dagbag.DagBag"}
{"timestamp":"2025-06-12T05:41:12.644098Z","level":"info","event":"Task instance is in running state","chan":"stdout","logger":"task"}
{"timestamp":"2025-06-12T05:41:12.644346Z","level":"info","event":" Previous state of the Task instance: TaskInstanceState.QUEUED","chan":"stdout","logger":"task"}
{"timestamp":"2025-06-12T05:41:12.644416Z","level":"info","event":"Current task name:wait_for_data_generation","chan":"stdout","logger":"task"}
{"timestamp":"2025-06-12T05:41:12.644465Z","level":"info","event":"Dag name:dag_load_data_into_mongodb","chan":"stdout","logger":"task"}
{"timestamp":"2025-06-12T05:41:12.644864","level":"info","event":"Poking for DAG 'dag_banking_data_generation' on 2025-06-12T05:37:05.345213+00:00 ... ","logger":"airflow.task.operators.airflow.providers.standard.sensors.external_task.ExternalTaskSensor"}
{"timestamp":"2025-06-12T05:41:12.653724","level":"info","event":"Rescheduling task, marking task as UP_FOR_RESCHEDULE","logger":"task"}
{"timestamp":"2025-06-12T05:41:44.496768","level":"info","event":"DAG bundles loaded: dags-folder, example_dags","logger":"airflow.dag_processing.bundles.manager.DagBundlesManager"}
{"timestamp":"2025-06-12T05:41:44.497378","level":"info","event":"Filling up the DagBag from /opt/airflow/dags/banking_airflow_pipeline/dag_ingest_log_data_into_mongodb.py","logger":"airflow.models.dagbag.DagBag"}
{"timestamp":"2025-06-12T05:41:44.680213Z","level":"info","event":"Task instance is in running state","chan":"stdout","logger":"task"}
{"timestamp":"2025-06-12T05:41:44.680400Z","level":"info","event":" Previous state of the Task instance: TaskInstanceState.QUEUED","chan":"stdout","logger":"task"}
{"timestamp":"2025-06-12T05:41:44.680473Z","level":"info","event":"Current task name:wait_for_data_generation","chan":"stdout","logger":"task"}
{"timestamp":"2025-06-12T05:41:44.680532Z","level":"info","event":"Dag name:dag_load_data_into_mongodb","chan":"stdout","logger":"task"}
{"timestamp":"2025-06-12T05:41:44.680510","level":"info","event":"Poking for DAG 'dag_banking_data_generation' on 2025-06-12T05:37:05.345213+00:00 ... ","logger":"airflow.task.operators.airflow.providers.standard.sensors.external_task.ExternalTaskSensor"}
{"timestamp":"2025-06-12T05:41:44.688821","level":"info","event":"Rescheduling task, marking task as UP_FOR_RESCHEDULE","logger":"task"}
{"timestamp":"2025-06-12T05:42:15.850327","level":"info","event":"DAG bundles loaded: dags-folder, example_dags","logger":"airflow.dag_processing.bundles.manager.DagBundlesManager"}
{"timestamp":"2025-06-12T05:42:15.851189","level":"info","event":"Filling up the DagBag from /opt/airflow/dags/banking_airflow_pipeline/dag_ingest_log_data_into_mongodb.py","logger":"airflow.models.dagbag.DagBag"}
{"timestamp":"2025-06-12T05:42:16.050338Z","level":"info","event":"Task instance is in running state","chan":"stdout","logger":"task"}
{"timestamp":"2025-06-12T05:42:16.050501Z","level":"info","event":" Previous state of the Task instance: TaskInstanceState.QUEUED","chan":"stdout","logger":"task"}
{"timestamp":"2025-06-12T05:42:16.050574Z","level":"info","event":"Current task name:wait_for_data_generation","chan":"stdout","logger":"task"}
{"timestamp":"2025-06-12T05:42:16.050628Z","level":"info","event":"Dag name:dag_load_data_into_mongodb","chan":"stdout","logger":"task"}
{"timestamp":"2025-06-12T05:42:16.051084","level":"info","event":"Poking for DAG 'dag_banking_data_generation' on 2025-06-12T05:37:05.345213+00:00 ... ","logger":"airflow.task.operators.airflow.providers.standard.sensors.external_task.ExternalTaskSensor"}
{"timestamp":"2025-06-12T05:42:16.063776","level":"error","event":"Task failed with exception","logger":"task","error_detail":[{"exc_type":"AirflowSensorTimeout","exc_value":"Sensor has timed out; run duration of 308.096069 seconds exceeds the specified timeout of 300.0.","exc_notes":[],"syntax_error":null,"is_cause":false,"frames":[{"filename":"/home/airflow/.local/lib/python3.12/site-packages/airflow/sdk/execution_time/task_runner.py","lineno":838,"name":"run"},{"filename":"/home/airflow/.local/lib/python3.12/site-packages/airflow/sdk/execution_time/task_runner.py","lineno":1130,"name":"_execute_task"},{"filename":"/home/airflow/.local/lib/python3.12/site-packages/airflow/sdk/bases/operator.py","lineno":408,"name":"wrapper"},{"filename":"/home/airflow/.local/lib/python3.12/site-packages/airflow/providers/standard/sensors/external_task.py","lineno":418,"name":"execute"},{"filename":"/home/airflow/.local/lib/python3.12/site-packages/airflow/sdk/bases/operator.py","lineno":408,"name":"wrapper"},{"filename":"/home/airflow/.local/lib/python3.12/site-packages/airflow/sdk/bases/sensor.py","lineno":243,"name":"execute"}]}]}
{"timestamp":"2025-06-12T05:42:16.091130Z","level":"info","event":"Task instance in failure state","chan":"stdout","logger":"task"}
{"timestamp":"2025-06-12T05:42:16.091272Z","level":"info","event":"Task start","chan":"stdout","logger":"task"}
{"timestamp":"2025-06-12T05:42:16.091329Z","level":"info","event":"Task:<Task(ExternalTaskSensor): wait_for_data_generation>","chan":"stdout","logger":"task"}
{"timestamp":"2025-06-12T05:42:16.091378Z","level":"info","event":"Failure caused by Sensor has timed out; run duration of 308.096069 seconds exceeds the specified timeout of 300.0.","chan":"stdout","logger":"task"}
