{"timestamp":"2025-06-12T04:45:28.128128","level":"info","event":"DAG bundles loaded: dags-folder, example_dags","logger":"airflow.dag_processing.bundles.manager.DagBundlesManager"}
{"timestamp":"2025-06-12T04:45:28.146408","level":"info","event":"Filling up the DagBag from /opt/airflow/dags/banking_airflow_pipeline/dag_ingest_log_data_into_mongodb.py","logger":"airflow.models.dagbag.DagBag"}
{"timestamp":"2025-06-12T04:45:30.737639Z","level":"info","event":"Task instance is in running state","chan":"stdout","logger":"task"}
{"timestamp":"2025-06-12T04:45:30.744136Z","level":"info","event":" Previous state of the Task instance: TaskInstanceState.QUEUED","chan":"stdout","logger":"task"}
{"timestamp":"2025-06-12T04:45:30.746828Z","level":"info","event":"Current task name:wait_for_data_generation","chan":"stdout","logger":"task"}
{"timestamp":"2025-06-12T04:45:30.747829Z","level":"info","event":"Dag name:dag_load_data_into_mongodb","chan":"stdout","logger":"task"}
{"timestamp":"2025-06-12T04:45:30.582148","level":"info","event":"Poking for DAG 'dag_banking_data_generation' on 2025-06-12T04:08:20.978909+00:00 ... ","logger":"airflow.task.operators.airflow.providers.standard.sensors.external_task.ExternalTaskSensor"}
{"timestamp":"2025-06-12T04:45:30.751464","level":"info","event":"Rescheduling task, marking task as UP_FOR_RESCHEDULE","logger":"task"}
{"timestamp":"2025-06-12T04:46:14.289937","level":"info","event":"DAG bundles loaded: dags-folder, example_dags","logger":"airflow.dag_processing.bundles.manager.DagBundlesManager"}
{"timestamp":"2025-06-12T04:46:14.290716","level":"info","event":"Filling up the DagBag from /opt/airflow/dags/banking_airflow_pipeline/dag_ingest_log_data_into_mongodb.py","logger":"airflow.models.dagbag.DagBag"}
{"timestamp":"2025-06-12T04:46:16.159458Z","level":"info","event":"Task instance is in running state","chan":"stdout","logger":"task"}
{"timestamp":"2025-06-12T04:46:16.160987Z","level":"info","event":" Previous state of the Task instance: TaskInstanceState.QUEUED","chan":"stdout","logger":"task"}
{"timestamp":"2025-06-12T04:46:16.161284Z","level":"info","event":"Current task name:wait_for_data_generation","chan":"stdout","logger":"task"}
{"timestamp":"2025-06-12T04:46:16.163832Z","level":"info","event":"Dag name:dag_load_data_into_mongodb","chan":"stdout","logger":"task"}
{"timestamp":"2025-06-12T04:46:16.174997","level":"info","event":"Poking for DAG 'dag_banking_data_generation' on 2025-06-12T04:08:20.978909+00:00 ... ","logger":"airflow.task.operators.airflow.providers.standard.sensors.external_task.ExternalTaskSensor"}
{"timestamp":"2025-06-12T04:46:16.230144","level":"info","event":"Rescheduling task, marking task as UP_FOR_RESCHEDULE","logger":"task"}
{"timestamp":"2025-06-12T04:46:58.549191","level":"info","event":"DAG bundles loaded: dags-folder, example_dags","logger":"airflow.dag_processing.bundles.manager.DagBundlesManager"}
{"timestamp":"2025-06-12T04:46:58.552259","level":"info","event":"Filling up the DagBag from /opt/airflow/dags/banking_airflow_pipeline/dag_ingest_log_data_into_mongodb.py","logger":"airflow.models.dagbag.DagBag"}
{"timestamp":"2025-06-12T04:47:00.175918Z","level":"info","event":"Task instance is in running state","chan":"stdout","logger":"task"}
{"timestamp":"2025-06-12T04:47:00.176123Z","level":"info","event":" Previous state of the Task instance: TaskInstanceState.QUEUED","chan":"stdout","logger":"task"}
{"timestamp":"2025-06-12T04:47:00.176222Z","level":"info","event":"Current task name:wait_for_data_generation","chan":"stdout","logger":"task"}
{"timestamp":"2025-06-12T04:47:00.176279Z","level":"info","event":"Dag name:dag_load_data_into_mongodb","chan":"stdout","logger":"task"}
{"timestamp":"2025-06-12T04:47:00.179189","level":"info","event":"Poking for DAG 'dag_banking_data_generation' on 2025-06-12T04:08:20.978909+00:00 ... ","logger":"airflow.task.operators.airflow.providers.standard.sensors.external_task.ExternalTaskSensor"}
{"timestamp":"2025-06-12T04:47:00.230236","level":"info","event":"Rescheduling task, marking task as UP_FOR_RESCHEDULE","logger":"task"}
{"timestamp":"2025-06-12T04:47:38.168189","level":"info","event":"DAG bundles loaded: dags-folder, example_dags","logger":"airflow.dag_processing.bundles.manager.DagBundlesManager"}
{"timestamp":"2025-06-12T04:47:38.187743","level":"info","event":"Filling up the DagBag from /opt/airflow/dags/banking_airflow_pipeline/dag_ingest_log_data_into_mongodb.py","logger":"airflow.models.dagbag.DagBag"}
{"timestamp":"2025-06-12T04:47:39.146600Z","level":"info","event":"Task instance is in running state","chan":"stdout","logger":"task"}
{"timestamp":"2025-06-12T04:47:39.156433Z","level":"info","event":" Previous state of the Task instance: TaskInstanceState.QUEUED","chan":"stdout","logger":"task"}
{"timestamp":"2025-06-12T04:47:39.187856Z","level":"info","event":"Current task name:wait_for_data_generation","chan":"stdout","logger":"task"}
{"timestamp":"2025-06-12T04:47:39.188196Z","level":"info","event":"Dag name:dag_load_data_into_mongodb","chan":"stdout","logger":"task"}
{"timestamp":"2025-06-12T04:47:39.160061","level":"info","event":"Poking for DAG 'dag_banking_data_generation' on 2025-06-12T04:08:20.978909+00:00 ... ","logger":"airflow.task.operators.airflow.providers.standard.sensors.external_task.ExternalTaskSensor"}
{"timestamp":"2025-06-12T04:47:39.227130","level":"info","event":"Rescheduling task, marking task as UP_FOR_RESCHEDULE","logger":"task"}
{"timestamp":"2025-06-12T04:48:13.753168","level":"info","event":"DAG bundles loaded: dags-folder, example_dags","logger":"airflow.dag_processing.bundles.manager.DagBundlesManager"}
{"timestamp":"2025-06-12T04:48:13.753763","level":"info","event":"Filling up the DagBag from /opt/airflow/dags/banking_airflow_pipeline/dag_ingest_log_data_into_mongodb.py","logger":"airflow.models.dagbag.DagBag"}
{"timestamp":"2025-06-12T04:48:15.777899Z","level":"info","event":"Task instance is in running state","chan":"stdout","logger":"task"}
{"timestamp":"2025-06-12T04:48:15.780847Z","level":"info","event":" Previous state of the Task instance: TaskInstanceState.QUEUED","chan":"stdout","logger":"task"}
{"timestamp":"2025-06-12T04:48:15.783939Z","level":"info","event":"Current task name:wait_for_data_generation","chan":"stdout","logger":"task"}
{"timestamp":"2025-06-12T04:48:15.784191Z","level":"info","event":"Dag name:dag_load_data_into_mongodb","chan":"stdout","logger":"task"}
{"timestamp":"2025-06-12T04:48:15.783202","level":"info","event":"Poking for DAG 'dag_banking_data_generation' on 2025-06-12T04:08:20.978909+00:00 ... ","logger":"airflow.task.operators.airflow.providers.standard.sensors.external_task.ExternalTaskSensor"}
{"timestamp":"2025-06-12T04:48:15.827069","level":"info","event":"Rescheduling task, marking task as UP_FOR_RESCHEDULE","logger":"task"}
{"timestamp":"2025-06-12T04:48:48.530616","level":"info","event":"DAG bundles loaded: dags-folder, example_dags","logger":"airflow.dag_processing.bundles.manager.DagBundlesManager"}
{"timestamp":"2025-06-12T04:48:48.531691","level":"info","event":"Filling up the DagBag from /opt/airflow/dags/banking_airflow_pipeline/dag_ingest_log_data_into_mongodb.py","logger":"airflow.models.dagbag.DagBag"}
{"timestamp":"2025-06-12T04:48:48.831588Z","level":"info","event":"Task instance is in running state","chan":"stdout","logger":"task"}
{"timestamp":"2025-06-12T04:48:48.831932Z","level":"info","event":" Previous state of the Task instance: TaskInstanceState.QUEUED","chan":"stdout","logger":"task"}
{"timestamp":"2025-06-12T04:48:48.832108Z","level":"info","event":"Current task name:wait_for_data_generation","chan":"stdout","logger":"task"}
{"timestamp":"2025-06-12T04:48:48.832272Z","level":"info","event":"Dag name:dag_load_data_into_mongodb","chan":"stdout","logger":"task"}
{"timestamp":"2025-06-12T04:48:48.831855","level":"info","event":"Poking for DAG 'dag_banking_data_generation' on 2025-06-12T04:08:20.978909+00:00 ... ","logger":"airflow.task.operators.airflow.providers.standard.sensors.external_task.ExternalTaskSensor"}
{"timestamp":"2025-06-12T04:48:48.841638","level":"info","event":"Rescheduling task, marking task as UP_FOR_RESCHEDULE","logger":"task"}
{"timestamp":"2025-06-12T04:49:20.463097","level":"info","event":"DAG bundles loaded: dags-folder, example_dags","logger":"airflow.dag_processing.bundles.manager.DagBundlesManager"}
{"timestamp":"2025-06-12T04:49:20.464421","level":"info","event":"Filling up the DagBag from /opt/airflow/dags/banking_airflow_pipeline/dag_ingest_log_data_into_mongodb.py","logger":"airflow.models.dagbag.DagBag"}
{"timestamp":"2025-06-12T04:49:20.664649Z","level":"info","event":"Task instance is in running state","chan":"stdout","logger":"task"}
{"timestamp":"2025-06-12T04:49:20.665823Z","level":"info","event":" Previous state of the Task instance: TaskInstanceState.QUEUED","chan":"stdout","logger":"task"}
{"timestamp":"2025-06-12T04:49:20.666076Z","level":"info","event":"Current task name:wait_for_data_generation","chan":"stdout","logger":"task"}
{"timestamp":"2025-06-12T04:49:20.666248Z","level":"info","event":"Dag name:dag_load_data_into_mongodb","chan":"stdout","logger":"task"}
{"timestamp":"2025-06-12T04:49:20.665544","level":"info","event":"Poking for DAG 'dag_banking_data_generation' on 2025-06-12T04:08:20.978909+00:00 ... ","logger":"airflow.task.operators.airflow.providers.standard.sensors.external_task.ExternalTaskSensor"}
{"timestamp":"2025-06-12T04:49:20.674703","level":"info","event":"Rescheduling task, marking task as UP_FOR_RESCHEDULE","logger":"task"}
{"timestamp":"2025-06-12T04:49:57.130688","level":"info","event":"DAG bundles loaded: dags-folder, example_dags","logger":"airflow.dag_processing.bundles.manager.DagBundlesManager"}
{"timestamp":"2025-06-12T04:49:57.131705","level":"info","event":"Filling up the DagBag from /opt/airflow/dags/banking_airflow_pipeline/dag_ingest_log_data_into_mongodb.py","logger":"airflow.models.dagbag.DagBag"}
{"timestamp":"2025-06-12T04:49:57.451648Z","level":"info","event":"Task instance is in running state","chan":"stdout","logger":"task"}
{"timestamp":"2025-06-12T04:49:57.454611Z","level":"info","event":" Previous state of the Task instance: TaskInstanceState.QUEUED","chan":"stdout","logger":"task"}
{"timestamp":"2025-06-12T04:49:57.455272Z","level":"info","event":"Current task name:wait_for_data_generation","chan":"stdout","logger":"task"}
{"timestamp":"2025-06-12T04:49:57.455492Z","level":"info","event":"Dag name:dag_load_data_into_mongodb","chan":"stdout","logger":"task"}
{"timestamp":"2025-06-12T04:49:57.453167","level":"info","event":"Poking for DAG 'dag_banking_data_generation' on 2025-06-12T04:08:20.978909+00:00 ... ","logger":"airflow.task.operators.airflow.providers.standard.sensors.external_task.ExternalTaskSensor"}
{"timestamp":"2025-06-12T04:49:57.474180","level":"info","event":"Rescheduling task, marking task as UP_FOR_RESCHEDULE","logger":"task"}
{"timestamp":"2025-06-12T04:50:38.337573","level":"info","event":"DAG bundles loaded: dags-folder, example_dags","logger":"airflow.dag_processing.bundles.manager.DagBundlesManager"}
{"timestamp":"2025-06-12T04:50:38.354473","level":"info","event":"Filling up the DagBag from /opt/airflow/dags/banking_airflow_pipeline/dag_ingest_log_data_into_mongodb.py","logger":"airflow.models.dagbag.DagBag"}
{"timestamp":"2025-06-12T04:50:39.766733Z","level":"info","event":"Task instance is in running state","chan":"stdout","logger":"task"}
{"timestamp":"2025-06-12T04:50:39.773110Z","level":"info","event":" Previous state of the Task instance: TaskInstanceState.QUEUED","chan":"stdout","logger":"task"}
{"timestamp":"2025-06-12T04:50:39.773191Z","level":"info","event":"Current task name:wait_for_data_generation","chan":"stdout","logger":"task"}
{"timestamp":"2025-06-12T04:50:39.773242Z","level":"info","event":"Dag name:dag_load_data_into_mongodb","chan":"stdout","logger":"task"}
{"timestamp":"2025-06-12T04:50:39.784910","level":"info","event":"Poking for DAG 'dag_banking_data_generation' on 2025-06-12T04:08:20.978909+00:00 ... ","logger":"airflow.task.operators.airflow.providers.standard.sensors.external_task.ExternalTaskSensor"}
{"timestamp":"2025-06-12T04:50:39.840499","level":"error","event":"Task failed with exception","logger":"task","error_detail":[{"exc_type":"AirflowSensorTimeout","exc_value":"Sensor has timed out; run duration of 309.012334 seconds exceeds the specified timeout of 300.0.","exc_notes":[],"syntax_error":null,"is_cause":false,"frames":[{"filename":"/home/airflow/.local/lib/python3.12/site-packages/airflow/sdk/execution_time/task_runner.py","lineno":838,"name":"run"},{"filename":"/home/airflow/.local/lib/python3.12/site-packages/airflow/sdk/execution_time/task_runner.py","lineno":1130,"name":"_execute_task"},{"filename":"/home/airflow/.local/lib/python3.12/site-packages/airflow/sdk/bases/operator.py","lineno":408,"name":"wrapper"},{"filename":"/home/airflow/.local/lib/python3.12/site-packages/airflow/providers/standard/sensors/external_task.py","lineno":418,"name":"execute"},{"filename":"/home/airflow/.local/lib/python3.12/site-packages/airflow/sdk/bases/operator.py","lineno":408,"name":"wrapper"},{"filename":"/home/airflow/.local/lib/python3.12/site-packages/airflow/sdk/bases/sensor.py","lineno":243,"name":"execute"}]}]}
{"timestamp":"2025-06-12T04:50:39.922364Z","level":"info","event":"Task instance in failure state","chan":"stdout","logger":"task"}
{"timestamp":"2025-06-12T04:50:39.926713Z","level":"info","event":"Task start","chan":"stdout","logger":"task"}
{"timestamp":"2025-06-12T04:50:39.929833Z","level":"info","event":"Task:<Task(ExternalTaskSensor): wait_for_data_generation>","chan":"stdout","logger":"task"}
{"timestamp":"2025-06-12T04:50:39.930205Z","level":"info","event":"Failure caused by Sensor has timed out; run duration of 309.012334 seconds exceeds the specified timeout of 300.0.","chan":"stdout","logger":"task"}
