{"timestamp":"2025-06-13T07:02:50.543473","level":"info","event":"DAG bundles loaded: dags-folder, example_dags","logger":"airflow.dag_processing.bundles.manager.DagBundlesManager"}
{"timestamp":"2025-06-13T07:02:50.544007","level":"info","event":"Filling up the DagBag from /opt/airflow/dags/banking_airflow_pipeline/dag_ingesting_banking_data_into_PostgreSQL.py","logger":"airflow.models.dagbag.DagBag"}
{"timestamp":"2025-06-13T07:02:50.594448Z","level":"info","event":"Task instance is in running state","chan":"stdout","logger":"task"}
{"timestamp":"2025-06-13T07:02:50.594898Z","level":"info","event":" Previous state of the Task instance: TaskInstanceState.QUEUED","chan":"stdout","logger":"task"}
{"timestamp":"2025-06-13T07:02:50.595242Z","level":"info","event":"Current task name:load_credit_cards_data","chan":"stdout","logger":"task"}
{"timestamp":"2025-06-13T07:02:50.595627Z","level":"info","event":"Dag name:dag_load_data_into_postgres_v9","chan":"stdout","logger":"task"}
{"timestamp":"2025-06-13T07:02:50.567920","level":"info","event":"Connecting to PostgreSQL database...","logger":"root"}
{"timestamp":"2025-06-13T07:02:50.576069","level":"info","event":"Connection established successfully.","logger":"root"}
{"timestamp":"2025-06-13T07:02:50.579254","level":"info","event":"Reading CSV files from local path: /opt/airflow/dags/banking_airflow_pipeline/data/run_20250613_070219","logger":"root"}
{"timestamp":"2025-06-13T07:02:50.585222","level":"info","event":"Adding metadata to dataframes...","logger":"root"}
{"timestamp":"2025-06-13T07:02:50.586224","level":"info","event":"Loading accounts data into PostgreSQL...","logger":"root"}
{"timestamp":"2025-06-13T07:02:50.596581","level":"info","event":"Loading credit cards data into PostgreSQL...","logger":"root"}
{"timestamp":"2025-06-13T07:02:50.609438","level":"info","event":"Credit cards data loaded successfully.","logger":"root"}
{"timestamp":"2025-06-13T07:02:50.625545","level":"info","event":"Loading data into PostgreSQL...","logger":"root"}
{"timestamp":"2025-06-13T07:02:50.626842","level":"info","event":"PostgreSQL connection closed.","logger":"root"}
{"timestamp":"2025-06-13T07:02:50.626963","level":"info","event":"Data loading completed successfully.","logger":"root"}
{"timestamp":"2025-06-13T07:02:50.627151","level":"info","event":"Done. Returned value was: None","logger":"airflow.task.operators.airflow.providers.standard.decorators.python._PythonDecoratedOperator"}
{"timestamp":"2025-06-13T07:02:50.655810Z","level":"info","event":"Task instance in success state","chan":"stdout","logger":"task"}
{"timestamp":"2025-06-13T07:02:50.655918Z","level":"info","event":" Previous state of the Task instance: TaskInstanceState.RUNNING","chan":"stdout","logger":"task"}
{"timestamp":"2025-06-13T07:02:50.655956Z","level":"info","event":"Task operator:<Task(_PythonDecoratedOperator): load_credit_cards_data>","chan":"stdout","logger":"task"}
