{"timestamp":"2025-06-12T04:45:24.396685","level":"info","event":"DAG bundles loaded: dags-folder, example_dags","logger":"airflow.dag_processing.bundles.manager.DagBundlesManager"}
{"timestamp":"2025-06-12T04:45:24.448633","level":"info","event":"Filling up the DagBag from /opt/airflow/dags/banking_airflow_pipeline/dag_ingesting_banking_data_into_PostgreSQL.py","logger":"airflow.models.dagbag.DagBag"}
{"timestamp":"2025-06-12T04:45:26.138629Z","level":"info","event":"Task instance is in running state","chan":"stdout","logger":"task"}
{"timestamp":"2025-06-12T04:45:26.138852Z","level":"info","event":" Previous state of the Task instance: TaskInstanceState.QUEUED","chan":"stdout","logger":"task"}
{"timestamp":"2025-06-12T04:45:26.138929Z","level":"info","event":"Current task name:wait_for_data_generation","chan":"stdout","logger":"task"}
{"timestamp":"2025-06-12T04:45:26.138978Z","level":"info","event":"Dag name:dag_load_data_into_postgres","chan":"stdout","logger":"task"}
{"timestamp":"2025-06-12T04:45:25.774156","level":"info","event":"Poking for DAG 'dag_banking_data_generation' on 2025-06-12T04:18:59.272367+00:00 ... ","logger":"airflow.task.operators.airflow.providers.standard.sensors.external_task.ExternalTaskSensor"}
{"timestamp":"2025-06-12T04:45:26.162084","level":"info","event":"Rescheduling task, marking task as UP_FOR_RESCHEDULE","logger":"task"}
{"timestamp":"2025-06-12T04:46:07.748740","level":"info","event":"DAG bundles loaded: dags-folder, example_dags","logger":"airflow.dag_processing.bundles.manager.DagBundlesManager"}
{"timestamp":"2025-06-12T04:46:07.749524","level":"info","event":"Filling up the DagBag from /opt/airflow/dags/banking_airflow_pipeline/dag_ingesting_banking_data_into_PostgreSQL.py","logger":"airflow.models.dagbag.DagBag"}
{"timestamp":"2025-06-12T04:46:09.101720Z","level":"info","event":"Task instance is in running state","chan":"stdout","logger":"task"}
{"timestamp":"2025-06-12T04:46:09.102110Z","level":"info","event":" Previous state of the Task instance: TaskInstanceState.QUEUED","chan":"stdout","logger":"task"}
{"timestamp":"2025-06-12T04:46:09.103832Z","level":"info","event":"Current task name:wait_for_data_generation","chan":"stdout","logger":"task"}
{"timestamp":"2025-06-12T04:46:09.107818Z","level":"info","event":"Dag name:dag_load_data_into_postgres","chan":"stdout","logger":"task"}
{"timestamp":"2025-06-12T04:46:09.129147","level":"info","event":"Poking for DAG 'dag_banking_data_generation' on 2025-06-12T04:18:59.272367+00:00 ... ","logger":"airflow.task.operators.airflow.providers.standard.sensors.external_task.ExternalTaskSensor"}
{"timestamp":"2025-06-12T04:46:09.212075","level":"info","event":"Rescheduling task, marking task as UP_FOR_RESCHEDULE","logger":"task"}
{"timestamp":"2025-06-12T04:46:46.666380","level":"info","event":"DAG bundles loaded: dags-folder, example_dags","logger":"airflow.dag_processing.bundles.manager.DagBundlesManager"}
{"timestamp":"2025-06-12T04:46:46.667624","level":"info","event":"Filling up the DagBag from /opt/airflow/dags/banking_airflow_pipeline/dag_ingesting_banking_data_into_PostgreSQL.py","logger":"airflow.models.dagbag.DagBag"}
{"timestamp":"2025-06-12T04:46:47.473555Z","level":"info","event":"Task instance is in running state","chan":"stdout","logger":"task"}
{"timestamp":"2025-06-12T04:46:47.476969Z","level":"info","event":" Previous state of the Task instance: TaskInstanceState.QUEUED","chan":"stdout","logger":"task"}
{"timestamp":"2025-06-12T04:46:47.477310Z","level":"info","event":"Current task name:wait_for_data_generation","chan":"stdout","logger":"task"}
{"timestamp":"2025-06-12T04:46:47.477507Z","level":"info","event":"Dag name:dag_load_data_into_postgres","chan":"stdout","logger":"task"}
{"timestamp":"2025-06-12T04:46:47.478042","level":"info","event":"Poking for DAG 'dag_banking_data_generation' on 2025-06-12T04:18:59.272367+00:00 ... ","logger":"airflow.task.operators.airflow.providers.standard.sensors.external_task.ExternalTaskSensor"}
{"timestamp":"2025-06-12T04:46:47.519111","level":"info","event":"Rescheduling task, marking task as UP_FOR_RESCHEDULE","logger":"task"}
{"timestamp":"2025-06-12T04:47:22.482510","level":"info","event":"DAG bundles loaded: dags-folder, example_dags","logger":"airflow.dag_processing.bundles.manager.DagBundlesManager"}
{"timestamp":"2025-06-12T04:47:22.499839","level":"info","event":"Filling up the DagBag from /opt/airflow/dags/banking_airflow_pipeline/dag_ingesting_banking_data_into_PostgreSQL.py","logger":"airflow.models.dagbag.DagBag"}
{"timestamp":"2025-06-12T04:47:23.072152Z","level":"info","event":"Task instance is in running state","chan":"stdout","logger":"task"}
{"timestamp":"2025-06-12T04:47:23.074818Z","level":"info","event":" Previous state of the Task instance: TaskInstanceState.QUEUED","chan":"stdout","logger":"task"}
{"timestamp":"2025-06-12T04:47:23.076090Z","level":"info","event":"Current task name:wait_for_data_generation","chan":"stdout","logger":"task"}
{"timestamp":"2025-06-12T04:47:23.076558Z","level":"info","event":"Dag name:dag_load_data_into_postgres","chan":"stdout","logger":"task"}
{"timestamp":"2025-06-12T04:47:23.075202","level":"info","event":"Poking for DAG 'dag_banking_data_generation' on 2025-06-12T04:18:59.272367+00:00 ... ","logger":"airflow.task.operators.airflow.providers.standard.sensors.external_task.ExternalTaskSensor"}
{"timestamp":"2025-06-12T04:47:23.111181","level":"info","event":"Rescheduling task, marking task as UP_FOR_RESCHEDULE","logger":"task"}
{"timestamp":"2025-06-12T04:47:59.329119","level":"info","event":"DAG bundles loaded: dags-folder, example_dags","logger":"airflow.dag_processing.bundles.manager.DagBundlesManager"}
{"timestamp":"2025-06-12T04:47:59.329852","level":"info","event":"Filling up the DagBag from /opt/airflow/dags/banking_airflow_pipeline/dag_ingesting_banking_data_into_PostgreSQL.py","logger":"airflow.models.dagbag.DagBag"}
{"timestamp":"2025-06-12T04:47:59.685113Z","level":"info","event":"Task instance is in running state","chan":"stdout","logger":"task"}
{"timestamp":"2025-06-12T04:47:59.685283Z","level":"info","event":" Previous state of the Task instance: TaskInstanceState.QUEUED","chan":"stdout","logger":"task"}
{"timestamp":"2025-06-12T04:47:59.685342Z","level":"info","event":"Current task name:wait_for_data_generation","chan":"stdout","logger":"task"}
{"timestamp":"2025-06-12T04:47:59.685384Z","level":"info","event":"Dag name:dag_load_data_into_postgres","chan":"stdout","logger":"task"}
{"timestamp":"2025-06-12T04:47:59.683040","level":"info","event":"Poking for DAG 'dag_banking_data_generation' on 2025-06-12T04:18:59.272367+00:00 ... ","logger":"airflow.task.operators.airflow.providers.standard.sensors.external_task.ExternalTaskSensor"}
{"timestamp":"2025-06-12T04:47:59.729972","level":"info","event":"Rescheduling task, marking task as UP_FOR_RESCHEDULE","logger":"task"}
{"timestamp":"2025-06-12T04:48:37.562290","level":"info","event":"DAG bundles loaded: dags-folder, example_dags","logger":"airflow.dag_processing.bundles.manager.DagBundlesManager"}
{"timestamp":"2025-06-12T04:48:37.563564","level":"info","event":"Filling up the DagBag from /opt/airflow/dags/banking_airflow_pipeline/dag_ingesting_banking_data_into_PostgreSQL.py","logger":"airflow.models.dagbag.DagBag"}
{"timestamp":"2025-06-12T04:48:37.871799Z","level":"info","event":"Task instance is in running state","chan":"stdout","logger":"task"}
{"timestamp":"2025-06-12T04:48:37.872163Z","level":"info","event":" Previous state of the Task instance: TaskInstanceState.QUEUED","chan":"stdout","logger":"task"}
{"timestamp":"2025-06-12T04:48:37.872367Z","level":"info","event":"Current task name:wait_for_data_generation","chan":"stdout","logger":"task"}
{"timestamp":"2025-06-12T04:48:37.872569Z","level":"info","event":"Dag name:dag_load_data_into_postgres","chan":"stdout","logger":"task"}
{"timestamp":"2025-06-12T04:48:37.871431","level":"info","event":"Poking for DAG 'dag_banking_data_generation' on 2025-06-12T04:18:59.272367+00:00 ... ","logger":"airflow.task.operators.airflow.providers.standard.sensors.external_task.ExternalTaskSensor"}
{"timestamp":"2025-06-12T04:48:37.881876","level":"info","event":"Rescheduling task, marking task as UP_FOR_RESCHEDULE","logger":"task"}
{"timestamp":"2025-06-12T04:49:15.755513","level":"info","event":"DAG bundles loaded: dags-folder, example_dags","logger":"airflow.dag_processing.bundles.manager.DagBundlesManager"}
{"timestamp":"2025-06-12T04:49:15.763343","level":"info","event":"Filling up the DagBag from /opt/airflow/dags/banking_airflow_pipeline/dag_ingesting_banking_data_into_PostgreSQL.py","logger":"airflow.models.dagbag.DagBag"}
{"timestamp":"2025-06-12T04:49:16.150857Z","level":"info","event":"Task instance is in running state","chan":"stdout","logger":"task"}
{"timestamp":"2025-06-12T04:49:16.151023Z","level":"info","event":" Previous state of the Task instance: TaskInstanceState.QUEUED","chan":"stdout","logger":"task"}
{"timestamp":"2025-06-12T04:49:16.151082Z","level":"info","event":"Current task name:wait_for_data_generation","chan":"stdout","logger":"task"}
{"timestamp":"2025-06-12T04:49:16.151129Z","level":"info","event":"Dag name:dag_load_data_into_postgres","chan":"stdout","logger":"task"}
{"timestamp":"2025-06-12T04:49:16.154175","level":"info","event":"Poking for DAG 'dag_banking_data_generation' on 2025-06-12T04:18:59.272367+00:00 ... ","logger":"airflow.task.operators.airflow.providers.standard.sensors.external_task.ExternalTaskSensor"}
{"timestamp":"2025-06-12T04:49:16.217130","level":"info","event":"Rescheduling task, marking task as UP_FOR_RESCHEDULE","logger":"task"}
{"timestamp":"2025-06-12T04:49:54.034049","level":"info","event":"DAG bundles loaded: dags-folder, example_dags","logger":"airflow.dag_processing.bundles.manager.DagBundlesManager"}
{"timestamp":"2025-06-12T04:49:54.034741","level":"info","event":"Filling up the DagBag from /opt/airflow/dags/banking_airflow_pipeline/dag_ingesting_banking_data_into_PostgreSQL.py","logger":"airflow.models.dagbag.DagBag"}
{"timestamp":"2025-06-12T04:49:54.677456Z","level":"info","event":"Task instance is in running state","chan":"stdout","logger":"task"}
{"timestamp":"2025-06-12T04:49:54.677635Z","level":"info","event":" Previous state of the Task instance: TaskInstanceState.QUEUED","chan":"stdout","logger":"task"}
{"timestamp":"2025-06-12T04:49:54.677702Z","level":"info","event":"Current task name:wait_for_data_generation","chan":"stdout","logger":"task"}
{"timestamp":"2025-06-12T04:49:54.681796Z","level":"info","event":"Dag name:dag_load_data_into_postgres","chan":"stdout","logger":"task"}
{"timestamp":"2025-06-12T04:49:54.738245","level":"info","event":"Poking for DAG 'dag_banking_data_generation' on 2025-06-12T04:18:59.272367+00:00 ... ","logger":"airflow.task.operators.airflow.providers.standard.sensors.external_task.ExternalTaskSensor"}
{"timestamp":"2025-06-12T04:49:54.791078","level":"info","event":"Rescheduling task, marking task as UP_FOR_RESCHEDULE","logger":"task"}
{"timestamp":"2025-06-12T04:50:34.707163","level":"info","event":"DAG bundles loaded: dags-folder, example_dags","logger":"airflow.dag_processing.bundles.manager.DagBundlesManager"}
{"timestamp":"2025-06-12T04:50:34.707876","level":"info","event":"Filling up the DagBag from /opt/airflow/dags/banking_airflow_pipeline/dag_ingesting_banking_data_into_PostgreSQL.py","logger":"airflow.models.dagbag.DagBag"}
{"timestamp":"2025-06-12T04:50:35.339619Z","level":"info","event":"Task instance is in running state","chan":"stdout","logger":"task"}
{"timestamp":"2025-06-12T04:50:35.342835Z","level":"info","event":" Previous state of the Task instance: TaskInstanceState.QUEUED","chan":"stdout","logger":"task"}
{"timestamp":"2025-06-12T04:50:35.343117Z","level":"info","event":"Current task name:wait_for_data_generation","chan":"stdout","logger":"task"}
{"timestamp":"2025-06-12T04:50:35.344818Z","level":"info","event":"Dag name:dag_load_data_into_postgres","chan":"stdout","logger":"task"}
{"timestamp":"2025-06-12T04:50:35.388085","level":"info","event":"Poking for DAG 'dag_banking_data_generation' on 2025-06-12T04:18:59.272367+00:00 ... ","logger":"airflow.task.operators.airflow.providers.standard.sensors.external_task.ExternalTaskSensor"}
{"timestamp":"2025-06-12T04:50:35.419253","level":"error","event":"Task failed with exception","logger":"task","error_detail":[{"exc_type":"AirflowSensorTimeout","exc_value":"Sensor has timed out; run duration of 309.210774 seconds exceeds the specified timeout of 300.0.","exc_notes":[],"syntax_error":null,"is_cause":false,"frames":[{"filename":"/home/airflow/.local/lib/python3.12/site-packages/airflow/sdk/execution_time/task_runner.py","lineno":838,"name":"run"},{"filename":"/home/airflow/.local/lib/python3.12/site-packages/airflow/sdk/execution_time/task_runner.py","lineno":1130,"name":"_execute_task"},{"filename":"/home/airflow/.local/lib/python3.12/site-packages/airflow/sdk/bases/operator.py","lineno":408,"name":"wrapper"},{"filename":"/home/airflow/.local/lib/python3.12/site-packages/airflow/providers/standard/sensors/external_task.py","lineno":418,"name":"execute"},{"filename":"/home/airflow/.local/lib/python3.12/site-packages/airflow/sdk/bases/operator.py","lineno":408,"name":"wrapper"},{"filename":"/home/airflow/.local/lib/python3.12/site-packages/airflow/sdk/bases/sensor.py","lineno":243,"name":"execute"}]}]}
{"timestamp":"2025-06-12T04:50:35.469318Z","level":"info","event":"Task instance in failure state","chan":"stdout","logger":"task"}
{"timestamp":"2025-06-12T04:50:35.469796Z","level":"info","event":"Task start","chan":"stdout","logger":"task"}
{"timestamp":"2025-06-12T04:50:35.471804Z","level":"info","event":"Task:<Task(ExternalTaskSensor): wait_for_data_generation>","chan":"stdout","logger":"task"}
{"timestamp":"2025-06-12T04:50:35.472085Z","level":"info","event":"Failure caused by Sensor has timed out; run duration of 309.210774 seconds exceeds the specified timeout of 300.0.","chan":"stdout","logger":"task"}
