{"timestamp":"2025-06-11T06:10:00.608692","level":"info","event":"DAG bundles loaded: dags-folder, example_dags","logger":"airflow.dag_processing.bundles.manager.DagBundlesManager"}
{"timestamp":"2025-06-11T06:10:00.611676","level":"info","event":"Filling up the DagBag from /opt/airflow/dags/banking_airflow_pipeline/dag_ingest_data_from_sftp.py","logger":"airflow.models.dagbag.DagBag"}
{"timestamp":"2025-06-11T06:10:00.639219","level":"info","event":"Connecting to PostgreSQL database...","logger":"root"}
{"timestamp":"2025-06-11T06:10:00.692693Z","level":"info","event":"Task instance is in running state","chan":"stdout","logger":"task"}
{"timestamp":"2025-06-11T06:10:00.695829Z","level":"info","event":" Previous state of the Task instance: TaskInstanceState.QUEUED","chan":"stdout","logger":"task"}
{"timestamp":"2025-06-11T06:10:00.696516Z","level":"info","event":"Current task name:load_transactions_data_from_sftp","chan":"stdout","logger":"task"}
{"timestamp":"2025-06-11T06:10:00.698852Z","level":"info","event":"Dag name:load_data_into_postgres","chan":"stdout","logger":"task"}
{"timestamp":"2025-06-11T06:10:00.654829","level":"info","event":"Connection established successfully.","logger":"root"}
{"timestamp":"2025-06-11T06:10:00.655127","level":"info","event":"Reading CSV files from local path: /opt/airflow/dags/banking_airflow_pipeline/data/","logger":"root"}
{"timestamp":"2025-06-11T06:10:00.784974","level":"info","event":"Adding metadata to dataframes...","logger":"root"}
{"timestamp":"2025-06-11T06:10:00.789437","level":"info","event":"Loading transactions data into PostgreSQL...","logger":"root"}
{"timestamp":"2025-06-11T06:10:02.274587","level":"info","event":"Transactions data loaded successfully.","logger":"root"}
{"timestamp":"2025-06-11T06:10:02.285819","level":"info","event":"Loading data into PostgreSQL...","logger":"root"}
{"timestamp":"2025-06-11T06:10:02.286263","level":"info","event":"PostgreSQL connection closed.","logger":"root"}
{"timestamp":"2025-06-11T06:10:02.286465","level":"info","event":"Data loading completed successfully.","logger":"root"}
{"timestamp":"2025-06-11T06:10:02.289491","level":"info","event":"Done. Returned value was: Data loaded successfully from local transaction csv to PostgreSQL database.","logger":"airflow.task.operators.airflow.providers.standard.operators.python.PythonOperator"}
{"timestamp":"2025-06-11T06:10:02.290562","level":"info","event":"Pushing xcom","ti":"RuntimeTaskInstance(id=UUID('01975d9c-02a5-76b8-b1a2-6b38f023dd7f'), task_id='load_transactions_data_from_sftp', dag_id='load_data_into_postgres', run_id='scheduled__2025-06-11T06:09:54.613355+00:00', try_number=1, map_index=-1, hostname='70ffd000aa3c', context_carrier={}, task=<Task(PythonOperator): load_transactions_data_from_sftp>, bundle_instance=LocalDagBundle(name=dags-folder), max_tries=1, start_date=datetime.datetime(2025, 6, 11, 6, 9, 59, 613407, tzinfo=TzInfo(UTC)), end_date=None, state=<TaskInstanceState.RUNNING: 'running'>, is_mapped=False, rendered_map_index=None)","logger":"task"}
{"timestamp":"2025-06-11T06:10:02.343717Z","level":"info","event":"Task instance in success state","chan":"stdout","logger":"task"}
{"timestamp":"2025-06-11T06:10:02.343911Z","level":"info","event":" Previous state of the Task instance: TaskInstanceState.RUNNING","chan":"stdout","logger":"task"}
{"timestamp":"2025-06-11T06:10:02.343978Z","level":"info","event":"Task operator:<Task(PythonOperator): load_transactions_data_from_sftp>","chan":"stdout","logger":"task"}
