{"timestamp":"2025-06-13T03:18:57.302348","level":"info","event":"DAG bundles loaded: dags-folder, example_dags","logger":"airflow.dag_processing.bundles.manager.DagBundlesManager"}
{"timestamp":"2025-06-13T03:18:57.302995","level":"info","event":"Filling up the DagBag from /opt/airflow/dags/banking_airflow_pipeline/dag_ingesting_banking_data_into_PostgreSQL.py","logger":"airflow.models.dagbag.DagBag"}
{"timestamp":"2025-06-13T03:18:57.352863Z","level":"info","event":"Task instance is in running state","chan":"stdout","logger":"task"}
{"timestamp":"2025-06-13T03:18:57.352983Z","level":"info","event":" Previous state of the Task instance: TaskInstanceState.QUEUED","chan":"stdout","logger":"task"}
{"timestamp":"2025-06-13T03:18:57.353027Z","level":"info","event":"Current task name:load_accounts_data","chan":"stdout","logger":"task"}
{"timestamp":"2025-06-13T03:18:57.353070Z","level":"info","event":"Dag name:dag_load_data_into_postgres_v8","chan":"stdout","logger":"task"}
{"timestamp":"2025-06-13T03:18:57.328377","level":"info","event":"Connecting to PostgreSQL database...","logger":"root"}
{"timestamp":"2025-06-13T03:18:57.338356","level":"info","event":"Connection established successfully.","logger":"root"}
{"timestamp":"2025-06-13T03:18:57.341081","level":"info","event":"Reading CSV files from local path: /opt/airflow/dags/banking_airflow_pipeline/data/run_20250613_031828","logger":"root"}
{"timestamp":"2025-06-13T03:18:57.349788","level":"info","event":"Adding metadata to dataframes...","logger":"root"}
{"timestamp":"2025-06-13T03:18:57.351249","level":"info","event":"Loading accounts data into PostgreSQL...","logger":"root"}
{"timestamp":"2025-06-13T03:18:57.377362","level":"info","event":"Loading accounts data into PostgreSQL...","logger":"root"}
{"timestamp":"2025-06-13T03:18:57.423729","level":"info","event":"Accounts data loaded successfully.","logger":"root"}
{"timestamp":"2025-06-13T03:18:57.456143","level":"info","event":"Loading data into PostgreSQL...","logger":"root"}
{"timestamp":"2025-06-13T03:18:57.456529","level":"info","event":"PostgreSQL connection closed.","logger":"root"}
{"timestamp":"2025-06-13T03:18:57.456713","level":"info","event":"Data loading completed successfully.","logger":"root"}
{"timestamp":"2025-06-13T03:18:57.457142","level":"info","event":"Done. Returned value was: None","logger":"airflow.task.operators.airflow.providers.standard.decorators.python._PythonDecoratedOperator"}
{"timestamp":"2025-06-13T03:18:57.485433Z","level":"info","event":"Task instance in success state","chan":"stdout","logger":"task"}
{"timestamp":"2025-06-13T03:18:57.485634Z","level":"info","event":" Previous state of the Task instance: TaskInstanceState.RUNNING","chan":"stdout","logger":"task"}
{"timestamp":"2025-06-13T03:18:57.485712Z","level":"info","event":"Task operator:<Task(_PythonDecoratedOperator): load_accounts_data>","chan":"stdout","logger":"task"}
