{"timestamp":"2025-06-13T08:48:11.601800","level":"info","event":"DAG bundles loaded: dags-folder, example_dags","logger":"airflow.dag_processing.bundles.manager.DagBundlesManager"}
{"timestamp":"2025-06-13T08:48:11.604936","level":"info","event":"Filling up the DagBag from /opt/airflow/dags/banking_airflow_pipeline/dag_ingesting_banking_data_into_PostgreSQL.py","logger":"airflow.models.dagbag.DagBag"}
{"timestamp":"2025-06-13T08:48:11.742008Z","level":"info","event":"Task instance is in running state","chan":"stdout","logger":"task"}
{"timestamp":"2025-06-13T08:48:11.744855Z","level":"info","event":" Previous state of the Task instance: TaskInstanceState.QUEUED","chan":"stdout","logger":"task"}
{"timestamp":"2025-06-13T08:48:11.745442Z","level":"info","event":"Current task name:load_accounts_data","chan":"stdout","logger":"task"}
{"timestamp":"2025-06-13T08:48:11.745880Z","level":"info","event":"Dag name:dag_load_data_into_postgres_v9","chan":"stdout","logger":"task"}
{"timestamp":"2025-06-13T08:48:11.694584","level":"info","event":"Connecting to PostgreSQL database...","logger":"root"}
{"timestamp":"2025-06-13T08:48:11.723648","level":"info","event":"Connection established successfully.","logger":"root"}
{"timestamp":"2025-06-13T08:48:11.724175","level":"info","event":"Reading CSV files from local path: /opt/airflow/dags/banking_airflow_pipeline/data/run_20250613_084736","logger":"root"}
{"timestamp":"2025-06-13T08:48:11.754285","level":"info","event":"Adding metadata to dataframes...","logger":"root"}
{"timestamp":"2025-06-13T08:48:11.759359","level":"info","event":"Loading accounts data into PostgreSQL...","logger":"root"}
{"timestamp":"2025-06-13T08:48:11.829017","level":"info","event":"Loading accounts data into PostgreSQL...","logger":"root"}
{"timestamp":"2025-06-13T08:48:11.953125","level":"info","event":"Accounts data loaded successfully.","logger":"root"}
{"timestamp":"2025-06-13T08:48:12.039891","level":"info","event":"Loading data into PostgreSQL...","logger":"root"}
{"timestamp":"2025-06-13T08:48:12.040307","level":"info","event":"PostgreSQL connection closed.","logger":"root"}
{"timestamp":"2025-06-13T08:48:12.040497","level":"info","event":"Data loading completed successfully.","logger":"root"}
{"timestamp":"2025-06-13T08:48:12.040954","level":"info","event":"Done. Returned value was: None","logger":"airflow.task.operators.airflow.providers.standard.decorators.python._PythonDecoratedOperator"}
{"timestamp":"2025-06-13T08:48:12.122168Z","level":"info","event":"Task instance in success state","chan":"stdout","logger":"task"}
{"timestamp":"2025-06-13T08:48:12.122440Z","level":"info","event":" Previous state of the Task instance: TaskInstanceState.RUNNING","chan":"stdout","logger":"task"}
{"timestamp":"2025-06-13T08:48:12.122595Z","level":"info","event":"Task operator:<Task(_PythonDecoratedOperator): load_accounts_data>","chan":"stdout","logger":"task"}
