{"timestamp":"2025-06-14T00:00:34.599984","level":"info","event":"DAG bundles loaded: dags-folder, example_dags","logger":"airflow.dag_processing.bundles.manager.DagBundlesManager"}
{"timestamp":"2025-06-14T00:00:34.600586","level":"info","event":"Filling up the DagBag from /opt/airflow/dags/banking_airflow_pipeline/dag_ingesting_banking_data_into_PostgreSQL.py","logger":"airflow.models.dagbag.DagBag"}
{"timestamp":"2025-06-14T00:00:34.653076Z","level":"info","event":"Task instance is in running state","chan":"stdout","logger":"task"}
{"timestamp":"2025-06-14T00:00:34.653245Z","level":"info","event":" Previous state of the Task instance: TaskInstanceState.QUEUED","chan":"stdout","logger":"task"}
{"timestamp":"2025-06-14T00:00:34.653326Z","level":"info","event":"Current task name:load_credit_cards_data","chan":"stdout","logger":"task"}
{"timestamp":"2025-06-14T00:00:34.653384Z","level":"info","event":"Dag name:dag_load_data_into_postgres","chan":"stdout","logger":"task"}
{"timestamp":"2025-06-14T00:00:34.631947","level":"info","event":"Connecting to PostgreSQL database...","logger":"root"}
{"timestamp":"2025-06-14T00:00:34.641156","level":"info","event":"Connection established successfully.","logger":"root"}
{"timestamp":"2025-06-14T00:00:34.641431","level":"info","event":"Reading CSV files from local path: /opt/airflow/dags/banking_airflow_pipeline/data/run_20250614_000002","logger":"root"}
{"timestamp":"2025-06-14T00:00:34.648074","level":"info","event":"Adding metadata to dataframes...","logger":"root"}
{"timestamp":"2025-06-14T00:00:34.649388","level":"info","event":"Loading accounts data into PostgreSQL...","logger":"root"}
{"timestamp":"2025-06-14T00:00:34.662646","level":"info","event":"Loading credit cards data into PostgreSQL...","logger":"root"}
{"timestamp":"2025-06-14T00:00:34.681586","level":"info","event":"Credit cards data loaded successfully.","logger":"root"}
{"timestamp":"2025-06-14T00:00:34.717339","level":"info","event":"Loading data into PostgreSQL...","logger":"root"}
{"timestamp":"2025-06-14T00:00:34.719005","level":"info","event":"PostgreSQL connection closed.","logger":"root"}
{"timestamp":"2025-06-14T00:00:34.719254","level":"info","event":"Data loading completed successfully.","logger":"root"}
{"timestamp":"2025-06-14T00:00:34.719495","level":"info","event":"Done. Returned value was: None","logger":"airflow.task.operators.airflow.providers.standard.decorators.python._PythonDecoratedOperator"}
{"timestamp":"2025-06-14T00:00:34.756340Z","level":"info","event":"Task instance in success state","chan":"stdout","logger":"task"}
{"timestamp":"2025-06-14T00:00:34.756467Z","level":"info","event":" Previous state of the Task instance: TaskInstanceState.RUNNING","chan":"stdout","logger":"task"}
{"timestamp":"2025-06-14T00:00:34.756528Z","level":"info","event":"Task operator:<Task(_PythonDecoratedOperator): load_credit_cards_data>","chan":"stdout","logger":"task"}
