{"timestamp":"2025-06-12T10:59:53.768708","level":"info","event":"DAG bundles loaded: dags-folder, example_dags","logger":"airflow.dag_processing.bundles.manager.DagBundlesManager"}
{"timestamp":"2025-06-12T10:59:53.786530","level":"info","event":"Filling up the DagBag from /opt/airflow/dags/banking_airflow_pipeline/dag_ingesting_banking_data_into_PostgreSQL.py","logger":"airflow.models.dagbag.DagBag"}
{"timestamp":"2025-06-12T10:59:54.277933Z","level":"info","event":"Task instance is in running state","chan":"stdout","logger":"task"}
{"timestamp":"2025-06-12T10:59:54.284828Z","level":"info","event":" Previous state of the Task instance: TaskInstanceState.QUEUED","chan":"stdout","logger":"task"}
{"timestamp":"2025-06-12T10:59:54.285794Z","level":"info","event":"Current task name:load_credit_cards_data","chan":"stdout","logger":"task"}
{"timestamp":"2025-06-12T10:59:54.285908Z","level":"info","event":"Dag name:dag_load_data_into_postgres_v5","chan":"stdout","logger":"task"}
{"timestamp":"2025-06-12T10:59:54.249991","level":"info","event":"Connecting to PostgreSQL database...","logger":"root"}
{"timestamp":"2025-06-12T10:59:54.322347","level":"info","event":"Connection established successfully.","logger":"root"}
{"timestamp":"2025-06-12T10:59:54.323200","level":"info","event":"Reading CSV files from local path: /opt/airflow/dags/banking_airflow_pipeline/data/run_20250612_105924","logger":"root"}
{"timestamp":"2025-06-12T10:59:54.453988","level":"info","event":"Adding metadata to dataframes...","logger":"root"}
{"timestamp":"2025-06-12T10:59:54.472924","level":"info","event":"Loading accounts data into PostgreSQL...","logger":"root"}
{"timestamp":"2025-06-12T10:59:54.851056","level":"info","event":"Loading credit cards data into PostgreSQL...","logger":"root"}
{"timestamp":"2025-06-12T10:59:55.114165","level":"info","event":"Credit cards data loaded successfully.","logger":"root"}
{"timestamp":"2025-06-12T10:59:55.160964","level":"info","event":"Loading data into PostgreSQL...","logger":"root"}
{"timestamp":"2025-06-12T10:59:55.162887","level":"info","event":"PostgreSQL connection closed.","logger":"root"}
{"timestamp":"2025-06-12T10:59:55.163041","level":"info","event":"Data loading completed successfully.","logger":"root"}
{"timestamp":"2025-06-12T10:59:55.163396","level":"info","event":"Done. Returned value was: None","logger":"airflow.task.operators.airflow.providers.standard.decorators.python._PythonDecoratedOperator"}
{"timestamp":"2025-06-12T10:59:55.227547Z","level":"info","event":"Task instance in success state","chan":"stdout","logger":"task"}
{"timestamp":"2025-06-12T10:59:55.234868Z","level":"info","event":" Previous state of the Task instance: TaskInstanceState.RUNNING","chan":"stdout","logger":"task"}
{"timestamp":"2025-06-12T10:59:55.235459Z","level":"info","event":"Task operator:<Task(_PythonDecoratedOperator): load_credit_cards_data>","chan":"stdout","logger":"task"}
