{"timestamp":"2025-06-12T12:37:05.220559","level":"info","event":"DAG bundles loaded: dags-folder, example_dags","logger":"airflow.dag_processing.bundles.manager.DagBundlesManager"}
{"timestamp":"2025-06-12T12:37:05.221530","level":"info","event":"Filling up the DagBag from /opt/airflow/dags/banking_airflow_pipeline/dag_ingesting_banking_data_into_PostgreSQL.py","logger":"airflow.models.dagbag.DagBag"}
{"timestamp":"2025-06-12T12:37:05.488102Z","level":"info","event":"Task instance is in running state","chan":"stdout","logger":"task"}
{"timestamp":"2025-06-12T12:37:05.488383Z","level":"info","event":" Previous state of the Task instance: TaskInstanceState.QUEUED","chan":"stdout","logger":"task"}
{"timestamp":"2025-06-12T12:37:05.488562Z","level":"info","event":"Current task name:load_customer_data","chan":"stdout","logger":"task"}
{"timestamp":"2025-06-12T12:37:05.488688Z","level":"info","event":"Dag name:dag_load_data_into_postgres_v5","chan":"stdout","logger":"task"}
{"timestamp":"2025-06-12T12:37:05.428374","level":"info","event":"Connecting to PostgreSQL database...","logger":"root"}
{"timestamp":"2025-06-12T12:37:05.481826","level":"info","event":"Connection established successfully.","logger":"root"}
{"timestamp":"2025-06-12T12:37:05.483456","level":"info","event":"Reading CSV files from sftp path: /opt/airflow/sftp_data/run_20250612_123557","logger":"root"}
{"timestamp":"2025-06-12T12:37:05.590907","level":"info","event":"Adding metadata to dataframes...","logger":"root"}
{"timestamp":"2025-06-12T12:37:05.592569","level":"info","event":"Loading customer data into PostgreSQL...","logger":"root"}
{"timestamp":"2025-06-12T12:37:05.807368","level":"info","event":"Loading customers data into PostgreSQL...","logger":"root"}
{"timestamp":"2025-06-12T12:37:05.899974","level":"info","event":"Customer data loaded successfully.","logger":"root"}
{"timestamp":"2025-06-12T12:37:05.970083","level":"info","event":"Loading data into PostgreSQL...","logger":"root"}
{"timestamp":"2025-06-12T12:37:05.972139","level":"info","event":"PostgreSQL connection closed.","logger":"root"}
{"timestamp":"2025-06-12T12:37:05.972644","level":"info","event":"Data loading completed successfully.","logger":"root"}
{"timestamp":"2025-06-12T12:37:05.975643","level":"info","event":"Done. Returned value was: None","logger":"airflow.task.operators.airflow.providers.standard.decorators.python._PythonDecoratedOperator"}
{"timestamp":"2025-06-12T12:37:06.024061Z","level":"info","event":"Task instance in success state","chan":"stdout","logger":"task"}
{"timestamp":"2025-06-12T12:37:06.024444Z","level":"info","event":" Previous state of the Task instance: TaskInstanceState.RUNNING","chan":"stdout","logger":"task"}
{"timestamp":"2025-06-12T12:37:06.024665Z","level":"info","event":"Task operator:<Task(_PythonDecoratedOperator): load_customer_data>","chan":"stdout","logger":"task"}
