{"timestamp":"2025-06-12T04:48:59.947195","level":"info","event":"DAG bundles loaded: dags-folder, example_dags","logger":"airflow.dag_processing.bundles.manager.DagBundlesManager"}
{"timestamp":"2025-06-12T04:48:59.947885","level":"info","event":"Filling up the DagBag from /opt/airflow/dags/banking_airflow_pipeline/dag_data_generation.py","logger":"airflow.models.dagbag.DagBag"}
{"timestamp":"2025-06-12T04:49:00.638662Z","level":"info","event":"Task instance is in running state","chan":"stdout","logger":"task"}
{"timestamp":"2025-06-12T04:49:00.644945Z","level":"info","event":" Previous state of the Task instance: TaskInstanceState.QUEUED","chan":"stdout","logger":"task"}
{"timestamp":"2025-06-12T04:49:00.645080Z","level":"info","event":"Current task name:load_customer_data_into_pg","chan":"stdout","logger":"task"}
{"timestamp":"2025-06-12T04:49:00.645151Z","level":"info","event":"Dag name:banking_data_generation_dag","chan":"stdout","logger":"task"}
{"timestamp":"2025-06-12T04:49:00.555100","level":"info","event":"Connecting to PostgreSQL database...","logger":"root"}
{"timestamp":"2025-06-12T04:49:00.639308","level":"info","event":"Connection established successfully.","logger":"root"}
{"timestamp":"2025-06-12T04:49:00.646911","level":"info","event":"Reading CSV files from sftp path: /opt/airflow/sftp_data/run_20250612_044807","logger":"root"}
{"timestamp":"2025-06-12T04:49:00.836354","level":"info","event":"Adding metadata to dataframes...","logger":"root"}
{"timestamp":"2025-06-12T04:49:00.849973","level":"info","event":"Loading customer data into PostgreSQL...","logger":"root"}
{"timestamp":"2025-06-12T04:49:01.444186","level":"info","event":"Loading customers data into PostgreSQL...","logger":"root"}
{"timestamp":"2025-06-12T04:49:01.624940","level":"info","event":"Customer data loaded successfully.","logger":"root"}
{"timestamp":"2025-06-12T04:49:01.754635","level":"info","event":"Loading data into PostgreSQL...","logger":"root"}
{"timestamp":"2025-06-12T04:49:01.754936","level":"info","event":"PostgreSQL connection closed.","logger":"root"}
{"timestamp":"2025-06-12T04:49:01.755016","level":"info","event":"Data loading completed successfully.","logger":"root"}
{"timestamp":"2025-06-12T04:49:01.756253","level":"info","event":"Done. Returned value was: Data loaded successfully from local customers csv to PostgreSQL database.","logger":"airflow.task.operators.airflow.providers.standard.operators.python.PythonOperator"}
{"timestamp":"2025-06-12T04:49:01.756481","level":"info","event":"Pushing xcom","ti":"RuntimeTaskInstance(id=UUID('01976277-7613-7570-9c60-b05e73943492'), task_id='load_customer_data_into_pg', dag_id='banking_data_generation_dag', run_id='scheduled__2025-06-12T04:48:05.328601+00:00', try_number=1, map_index=-1, hostname='557b185c0777', context_carrier={}, task=<Task(PythonOperator): load_customer_data_into_pg>, bundle_instance=LocalDagBundle(name=dags-folder), max_tries=1, start_date=datetime.datetime(2025, 6, 12, 4, 48, 53, 307239, tzinfo=TzInfo(UTC)), end_date=None, state=<TaskInstanceState.RUNNING: 'running'>, is_mapped=False, rendered_map_index=None)","logger":"task"}
{"timestamp":"2025-06-12T04:49:02.062652Z","level":"info","event":"Task instance in success state","chan":"stdout","logger":"task"}
{"timestamp":"2025-06-12T04:49:02.063000Z","level":"info","event":" Previous state of the Task instance: TaskInstanceState.RUNNING","chan":"stdout","logger":"task"}
{"timestamp":"2025-06-12T04:49:02.063183Z","level":"info","event":"Task operator:<Task(PythonOperator): load_customer_data_into_pg>","chan":"stdout","logger":"task"}
