{"timestamp":"2025-06-12T10:10:44.304322","level":"info","event":"DAG bundles loaded: dags-folder, example_dags","logger":"airflow.dag_processing.bundles.manager.DagBundlesManager"}
{"timestamp":"2025-06-12T10:10:44.305181","level":"info","event":"Filling up the DagBag from /opt/airflow/dags/banking_airflow_pipeline/dag_data_generation.py","logger":"airflow.models.dagbag.DagBag"}
{"timestamp":"2025-06-12T10:10:44.863490Z","level":"info","event":"Task instance is in running state","chan":"stdout","logger":"task"}
{"timestamp":"2025-06-12T10:10:44.867826Z","level":"info","event":" Previous state of the Task instance: TaskInstanceState.QUEUED","chan":"stdout","logger":"task"}
{"timestamp":"2025-06-12T10:10:44.868134Z","level":"info","event":"Current task name:wait_for_mongodb_dag","chan":"stdout","logger":"task"}
{"timestamp":"2025-06-12T10:10:44.868282Z","level":"info","event":"Dag name:dag_banking_data_generation_v3","chan":"stdout","logger":"task"}
{"timestamp":"2025-06-12T10:10:44.768556","level":"info","event":"Poking for DAG 'dag_load_data_into_mongodb_v1' on 2025-06-12T10:10:10.748848+00:00 ... ","logger":"airflow.task.operators.airflow.providers.standard.sensors.external_task.ExternalTaskSensor"}
{"timestamp":"2025-06-12T10:10:44.864356","level":"info","event":"Rescheduling task, marking task as UP_FOR_RESCHEDULE","logger":"task"}
{"timestamp":"2025-06-12T10:11:16.399951","level":"info","event":"DAG bundles loaded: dags-folder, example_dags","logger":"airflow.dag_processing.bundles.manager.DagBundlesManager"}
{"timestamp":"2025-06-12T10:11:16.403294","level":"info","event":"Filling up the DagBag from /opt/airflow/dags/banking_airflow_pipeline/dag_data_generation.py","logger":"airflow.models.dagbag.DagBag"}
{"timestamp":"2025-06-12T10:11:16.786000Z","level":"info","event":"Task instance is in running state","chan":"stdout","logger":"task"}
{"timestamp":"2025-06-12T10:11:16.786562Z","level":"info","event":" Previous state of the Task instance: TaskInstanceState.QUEUED","chan":"stdout","logger":"task"}
{"timestamp":"2025-06-12T10:11:16.787809Z","level":"info","event":"Current task name:wait_for_mongodb_dag","chan":"stdout","logger":"task"}
{"timestamp":"2025-06-12T10:11:16.788096Z","level":"info","event":"Dag name:dag_banking_data_generation_v3","chan":"stdout","logger":"task"}
{"timestamp":"2025-06-12T10:11:16.787044","level":"info","event":"Poking for DAG 'dag_load_data_into_mongodb_v1' on 2025-06-12T10:10:10.748848+00:00 ... ","logger":"airflow.task.operators.airflow.providers.standard.sensors.external_task.ExternalTaskSensor"}
{"timestamp":"2025-06-12T10:11:16.806330","level":"info","event":"Rescheduling task, marking task as UP_FOR_RESCHEDULE","logger":"task"}
{"timestamp":"2025-06-12T10:11:49.304188","level":"info","event":"DAG bundles loaded: dags-folder, example_dags","logger":"airflow.dag_processing.bundles.manager.DagBundlesManager"}
{"timestamp":"2025-06-12T10:11:49.305358","level":"info","event":"Filling up the DagBag from /opt/airflow/dags/banking_airflow_pipeline/dag_data_generation.py","logger":"airflow.models.dagbag.DagBag"}
{"timestamp":"2025-06-12T10:11:49.490539Z","level":"info","event":"Task instance is in running state","chan":"stdout","logger":"task"}
{"timestamp":"2025-06-12T10:11:49.491451Z","level":"info","event":" Previous state of the Task instance: TaskInstanceState.QUEUED","chan":"stdout","logger":"task"}
{"timestamp":"2025-06-12T10:11:49.491828Z","level":"info","event":"Current task name:wait_for_mongodb_dag","chan":"stdout","logger":"task"}
{"timestamp":"2025-06-12T10:11:49.492031Z","level":"info","event":"Dag name:dag_banking_data_generation_v3","chan":"stdout","logger":"task"}
{"timestamp":"2025-06-12T10:11:49.491129","level":"info","event":"Poking for DAG 'dag_load_data_into_mongodb_v1' on 2025-06-12T10:10:10.748848+00:00 ... ","logger":"airflow.task.operators.airflow.providers.standard.sensors.external_task.ExternalTaskSensor"}
{"timestamp":"2025-06-12T10:11:49.504143","level":"info","event":"Rescheduling task, marking task as UP_FOR_RESCHEDULE","logger":"task"}
{"timestamp":"2025-06-12T10:12:20.586051","level":"info","event":"DAG bundles loaded: dags-folder, example_dags","logger":"airflow.dag_processing.bundles.manager.DagBundlesManager"}
{"timestamp":"2025-06-12T10:12:20.588597","level":"info","event":"Filling up the DagBag from /opt/airflow/dags/banking_airflow_pipeline/dag_data_generation.py","logger":"airflow.models.dagbag.DagBag"}
{"timestamp":"2025-06-12T10:12:20.791857Z","level":"info","event":"Task instance is in running state","chan":"stdout","logger":"task"}
{"timestamp":"2025-06-12T10:12:20.792040Z","level":"info","event":" Previous state of the Task instance: TaskInstanceState.QUEUED","chan":"stdout","logger":"task"}
{"timestamp":"2025-06-12T10:12:20.792111Z","level":"info","event":"Current task name:wait_for_mongodb_dag","chan":"stdout","logger":"task"}
{"timestamp":"2025-06-12T10:12:20.792164Z","level":"info","event":"Dag name:dag_banking_data_generation_v3","chan":"stdout","logger":"task"}
{"timestamp":"2025-06-12T10:12:20.792555","level":"info","event":"Poking for DAG 'dag_load_data_into_mongodb_v1' on 2025-06-12T10:10:10.748848+00:00 ... ","logger":"airflow.task.operators.airflow.providers.standard.sensors.external_task.ExternalTaskSensor"}
{"timestamp":"2025-06-12T10:12:20.802330","level":"info","event":"Rescheduling task, marking task as UP_FOR_RESCHEDULE","logger":"task"}
{"timestamp":"2025-06-12T10:12:52.921883","level":"info","event":"DAG bundles loaded: dags-folder, example_dags","logger":"airflow.dag_processing.bundles.manager.DagBundlesManager"}
{"timestamp":"2025-06-12T10:12:52.922630","level":"info","event":"Filling up the DagBag from /opt/airflow/dags/banking_airflow_pipeline/dag_data_generation.py","logger":"airflow.models.dagbag.DagBag"}
{"timestamp":"2025-06-12T10:12:53.259384Z","level":"info","event":"Task instance is in running state","chan":"stdout","logger":"task"}
{"timestamp":"2025-06-12T10:12:53.260519Z","level":"info","event":" Previous state of the Task instance: TaskInstanceState.QUEUED","chan":"stdout","logger":"task"}
{"timestamp":"2025-06-12T10:12:53.261858Z","level":"info","event":"Current task name:wait_for_mongodb_dag","chan":"stdout","logger":"task"}
{"timestamp":"2025-06-12T10:12:53.262119Z","level":"info","event":"Dag name:dag_banking_data_generation_v3","chan":"stdout","logger":"task"}
{"timestamp":"2025-06-12T10:12:53.260956","level":"info","event":"Poking for DAG 'dag_load_data_into_mongodb_v1' on 2025-06-12T10:10:10.748848+00:00 ... ","logger":"airflow.task.operators.airflow.providers.standard.sensors.external_task.ExternalTaskSensor"}
{"timestamp":"2025-06-12T10:12:53.291115","level":"info","event":"Rescheduling task, marking task as UP_FOR_RESCHEDULE","logger":"task"}
{"timestamp":"2025-06-12T10:13:25.921068","level":"info","event":"DAG bundles loaded: dags-folder, example_dags","logger":"airflow.dag_processing.bundles.manager.DagBundlesManager"}
{"timestamp":"2025-06-12T10:13:25.927484","level":"info","event":"Filling up the DagBag from /opt/airflow/dags/banking_airflow_pipeline/dag_data_generation.py","logger":"airflow.models.dagbag.DagBag"}
{"timestamp":"2025-06-12T10:13:26.453924Z","level":"info","event":"Task instance is in running state","chan":"stdout","logger":"task"}
{"timestamp":"2025-06-12T10:13:26.454107Z","level":"info","event":" Previous state of the Task instance: TaskInstanceState.QUEUED","chan":"stdout","logger":"task"}
{"timestamp":"2025-06-12T10:13:26.454180Z","level":"info","event":"Current task name:wait_for_mongodb_dag","chan":"stdout","logger":"task"}
{"timestamp":"2025-06-12T10:13:26.454229Z","level":"info","event":"Dag name:dag_banking_data_generation_v3","chan":"stdout","logger":"task"}
{"timestamp":"2025-06-12T10:13:26.455244","level":"info","event":"Poking for DAG 'dag_load_data_into_mongodb_v1' on 2025-06-12T10:10:10.748848+00:00 ... ","logger":"airflow.task.operators.airflow.providers.standard.sensors.external_task.ExternalTaskSensor"}
{"timestamp":"2025-06-12T10:13:26.471385","level":"info","event":"Rescheduling task, marking task as UP_FOR_RESCHEDULE","logger":"task"}
{"timestamp":"2025-06-12T10:13:57.868197","level":"info","event":"DAG bundles loaded: dags-folder, example_dags","logger":"airflow.dag_processing.bundles.manager.DagBundlesManager"}
{"timestamp":"2025-06-12T10:13:57.871049","level":"info","event":"Filling up the DagBag from /opt/airflow/dags/banking_airflow_pipeline/dag_data_generation.py","logger":"airflow.models.dagbag.DagBag"}
{"timestamp":"2025-06-12T10:13:58.071509Z","level":"info","event":"Task instance is in running state","chan":"stdout","logger":"task"}
{"timestamp":"2025-06-12T10:13:58.071795Z","level":"info","event":" Previous state of the Task instance: TaskInstanceState.QUEUED","chan":"stdout","logger":"task"}
{"timestamp":"2025-06-12T10:13:58.071941Z","level":"info","event":"Current task name:wait_for_mongodb_dag","chan":"stdout","logger":"task"}
{"timestamp":"2025-06-12T10:13:58.072054Z","level":"info","event":"Dag name:dag_banking_data_generation_v3","chan":"stdout","logger":"task"}
{"timestamp":"2025-06-12T10:13:58.072622","level":"info","event":"Poking for DAG 'dag_load_data_into_mongodb_v1' on 2025-06-12T10:10:10.748848+00:00 ... ","logger":"airflow.task.operators.airflow.providers.standard.sensors.external_task.ExternalTaskSensor"}
{"timestamp":"2025-06-12T10:13:58.091153","level":"info","event":"Rescheduling task, marking task as UP_FOR_RESCHEDULE","logger":"task"}
{"timestamp":"2025-06-12T10:14:29.276080","level":"info","event":"DAG bundles loaded: dags-folder, example_dags","logger":"airflow.dag_processing.bundles.manager.DagBundlesManager"}
{"timestamp":"2025-06-12T10:14:29.279346","level":"info","event":"Filling up the DagBag from /opt/airflow/dags/banking_airflow_pipeline/dag_data_generation.py","logger":"airflow.models.dagbag.DagBag"}
{"timestamp":"2025-06-12T10:14:29.508694Z","level":"info","event":"Task instance is in running state","chan":"stdout","logger":"task"}
{"timestamp":"2025-06-12T10:14:29.509548Z","level":"info","event":" Previous state of the Task instance: TaskInstanceState.QUEUED","chan":"stdout","logger":"task"}
{"timestamp":"2025-06-12T10:14:29.509814Z","level":"info","event":"Current task name:wait_for_mongodb_dag","chan":"stdout","logger":"task"}
{"timestamp":"2025-06-12T10:14:29.509991Z","level":"info","event":"Dag name:dag_banking_data_generation_v3","chan":"stdout","logger":"task"}
{"timestamp":"2025-06-12T10:14:29.509272","level":"info","event":"Poking for DAG 'dag_load_data_into_mongodb_v1' on 2025-06-12T10:10:10.748848+00:00 ... ","logger":"airflow.task.operators.airflow.providers.standard.sensors.external_task.ExternalTaskSensor"}
{"timestamp":"2025-06-12T10:14:29.519701","level":"info","event":"Rescheduling task, marking task as UP_FOR_RESCHEDULE","logger":"task"}
{"timestamp":"2025-06-12T10:15:01.607225","level":"info","event":"DAG bundles loaded: dags-folder, example_dags","logger":"airflow.dag_processing.bundles.manager.DagBundlesManager"}
{"timestamp":"2025-06-12T10:15:01.608390","level":"info","event":"Filling up the DagBag from /opt/airflow/dags/banking_airflow_pipeline/dag_data_generation.py","logger":"airflow.models.dagbag.DagBag"}
{"timestamp":"2025-06-12T10:15:01.919188Z","level":"info","event":"Task instance is in running state","chan":"stdout","logger":"task"}
{"timestamp":"2025-06-12T10:15:01.920544Z","level":"info","event":" Previous state of the Task instance: TaskInstanceState.QUEUED","chan":"stdout","logger":"task"}
{"timestamp":"2025-06-12T10:15:01.921016Z","level":"info","event":"Current task name:wait_for_mongodb_dag","chan":"stdout","logger":"task"}
{"timestamp":"2025-06-12T10:15:01.921317Z","level":"info","event":"Dag name:dag_banking_data_generation_v3","chan":"stdout","logger":"task"}
{"timestamp":"2025-06-12T10:15:01.920183","level":"info","event":"Poking for DAG 'dag_load_data_into_mongodb_v1' on 2025-06-12T10:10:10.748848+00:00 ... ","logger":"airflow.task.operators.airflow.providers.standard.sensors.external_task.ExternalTaskSensor"}
{"timestamp":"2025-06-12T10:15:01.945817","level":"info","event":"Rescheduling task, marking task as UP_FOR_RESCHEDULE","logger":"task"}
{"timestamp":"2025-06-12T10:15:33.429656","level":"info","event":"DAG bundles loaded: dags-folder, example_dags","logger":"airflow.dag_processing.bundles.manager.DagBundlesManager"}
{"timestamp":"2025-06-12T10:15:33.430622","level":"info","event":"Filling up the DagBag from /opt/airflow/dags/banking_airflow_pipeline/dag_data_generation.py","logger":"airflow.models.dagbag.DagBag"}
{"timestamp":"2025-06-12T10:15:34.202165Z","level":"info","event":"Task instance is in running state","chan":"stdout","logger":"task"}
{"timestamp":"2025-06-12T10:15:34.202382Z","level":"info","event":" Previous state of the Task instance: TaskInstanceState.QUEUED","chan":"stdout","logger":"task"}
{"timestamp":"2025-06-12T10:15:34.202510Z","level":"info","event":"Current task name:wait_for_mongodb_dag","chan":"stdout","logger":"task"}
{"timestamp":"2025-06-12T10:15:34.202587Z","level":"info","event":"Dag name:dag_banking_data_generation_v3","chan":"stdout","logger":"task"}
{"timestamp":"2025-06-12T10:15:34.202995","level":"info","event":"Poking for DAG 'dag_load_data_into_mongodb_v1' on 2025-06-12T10:10:10.748848+00:00 ... ","logger":"airflow.task.operators.airflow.providers.standard.sensors.external_task.ExternalTaskSensor"}
{"timestamp":"2025-06-12T10:15:34.210807","level":"info","event":"Rescheduling task, marking task as UP_FOR_RESCHEDULE","logger":"task"}
{"timestamp":"2025-06-12T10:16:06.010271","level":"info","event":"DAG bundles loaded: dags-folder, example_dags","logger":"airflow.dag_processing.bundles.manager.DagBundlesManager"}
{"timestamp":"2025-06-12T10:16:06.011988","level":"info","event":"Filling up the DagBag from /opt/airflow/dags/banking_airflow_pipeline/dag_data_generation.py","logger":"airflow.models.dagbag.DagBag"}
{"timestamp":"2025-06-12T10:16:06.178794Z","level":"info","event":"Task instance is in running state","chan":"stdout","logger":"task"}
{"timestamp":"2025-06-12T10:16:06.179369Z","level":"info","event":" Previous state of the Task instance: TaskInstanceState.QUEUED","chan":"stdout","logger":"task"}
{"timestamp":"2025-06-12T10:16:06.179881Z","level":"info","event":"Current task name:wait_for_mongodb_dag","chan":"stdout","logger":"task"}
{"timestamp":"2025-06-12T10:16:06.180100Z","level":"info","event":"Dag name:dag_banking_data_generation_v3","chan":"stdout","logger":"task"}
{"timestamp":"2025-06-12T10:16:06.179239","level":"info","event":"Poking for DAG 'dag_load_data_into_mongodb_v1' on 2025-06-12T10:10:10.748848+00:00 ... ","logger":"airflow.task.operators.airflow.providers.standard.sensors.external_task.ExternalTaskSensor"}
{"timestamp":"2025-06-12T10:16:06.192911","level":"info","event":"Rescheduling task, marking task as UP_FOR_RESCHEDULE","logger":"task"}
{"timestamp":"2025-06-12T10:16:38.473940","level":"info","event":"DAG bundles loaded: dags-folder, example_dags","logger":"airflow.dag_processing.bundles.manager.DagBundlesManager"}
{"timestamp":"2025-06-12T10:16:38.474599","level":"info","event":"Filling up the DagBag from /opt/airflow/dags/banking_airflow_pipeline/dag_data_generation.py","logger":"airflow.models.dagbag.DagBag"}
{"timestamp":"2025-06-12T10:16:38.777969Z","level":"info","event":"Task instance is in running state","chan":"stdout","logger":"task"}
{"timestamp":"2025-06-12T10:16:38.779339Z","level":"info","event":" Previous state of the Task instance: TaskInstanceState.QUEUED","chan":"stdout","logger":"task"}
{"timestamp":"2025-06-12T10:16:38.779725Z","level":"info","event":"Current task name:wait_for_mongodb_dag","chan":"stdout","logger":"task"}
{"timestamp":"2025-06-12T10:16:38.779973Z","level":"info","event":"Dag name:dag_banking_data_generation_v3","chan":"stdout","logger":"task"}
{"timestamp":"2025-06-12T10:16:38.778883","level":"info","event":"Poking for DAG 'dag_load_data_into_mongodb_v1' on 2025-06-12T10:10:10.748848+00:00 ... ","logger":"airflow.task.operators.airflow.providers.standard.sensors.external_task.ExternalTaskSensor"}
{"timestamp":"2025-06-12T10:16:38.791831","level":"info","event":"Rescheduling task, marking task as UP_FOR_RESCHEDULE","logger":"task"}
{"timestamp":"2025-06-12T10:17:09.878300","level":"info","event":"DAG bundles loaded: dags-folder, example_dags","logger":"airflow.dag_processing.bundles.manager.DagBundlesManager"}
{"timestamp":"2025-06-12T10:17:09.879974","level":"info","event":"Filling up the DagBag from /opt/airflow/dags/banking_airflow_pipeline/dag_data_generation.py","logger":"airflow.models.dagbag.DagBag"}
{"timestamp":"2025-06-12T10:17:10.923186Z","level":"info","event":"Task instance is in running state","chan":"stdout","logger":"task"}
{"timestamp":"2025-06-12T10:17:10.924633Z","level":"info","event":" Previous state of the Task instance: TaskInstanceState.QUEUED","chan":"stdout","logger":"task"}
{"timestamp":"2025-06-12T10:17:10.925085Z","level":"info","event":"Current task name:wait_for_mongodb_dag","chan":"stdout","logger":"task"}
{"timestamp":"2025-06-12T10:17:10.925358Z","level":"info","event":"Dag name:dag_banking_data_generation_v3","chan":"stdout","logger":"task"}
{"timestamp":"2025-06-12T10:17:10.924152","level":"info","event":"Poking for DAG 'dag_load_data_into_mongodb_v1' on 2025-06-12T10:10:10.748848+00:00 ... ","logger":"airflow.task.operators.airflow.providers.standard.sensors.external_task.ExternalTaskSensor"}
{"timestamp":"2025-06-12T10:17:10.949286","level":"info","event":"Rescheduling task, marking task as UP_FOR_RESCHEDULE","logger":"task"}
{"timestamp":"2025-06-12T10:17:42.317543","level":"info","event":"DAG bundles loaded: dags-folder, example_dags","logger":"airflow.dag_processing.bundles.manager.DagBundlesManager"}
{"timestamp":"2025-06-12T10:17:42.318332","level":"info","event":"Filling up the DagBag from /opt/airflow/dags/banking_airflow_pipeline/dag_data_generation.py","logger":"airflow.models.dagbag.DagBag"}
{"timestamp":"2025-06-12T10:17:42.847497Z","level":"info","event":"Task instance is in running state","chan":"stdout","logger":"task"}
{"timestamp":"2025-06-12T10:17:42.847697Z","level":"info","event":" Previous state of the Task instance: TaskInstanceState.QUEUED","chan":"stdout","logger":"task"}
{"timestamp":"2025-06-12T10:17:42.847802Z","level":"info","event":"Current task name:wait_for_mongodb_dag","chan":"stdout","logger":"task"}
{"timestamp":"2025-06-12T10:17:42.847857Z","level":"info","event":"Dag name:dag_banking_data_generation_v3","chan":"stdout","logger":"task"}
{"timestamp":"2025-06-12T10:17:42.848242","level":"info","event":"Poking for DAG 'dag_load_data_into_mongodb_v1' on 2025-06-12T10:10:10.748848+00:00 ... ","logger":"airflow.task.operators.airflow.providers.standard.sensors.external_task.ExternalTaskSensor"}
{"timestamp":"2025-06-12T10:17:42.860029","level":"info","event":"Rescheduling task, marking task as UP_FOR_RESCHEDULE","logger":"task"}
{"timestamp":"2025-06-12T10:18:15.043426","level":"info","event":"DAG bundles loaded: dags-folder, example_dags","logger":"airflow.dag_processing.bundles.manager.DagBundlesManager"}
{"timestamp":"2025-06-12T10:18:15.049470","level":"info","event":"Filling up the DagBag from /opt/airflow/dags/banking_airflow_pipeline/dag_data_generation.py","logger":"airflow.models.dagbag.DagBag"}
{"timestamp":"2025-06-12T10:18:15.426315Z","level":"info","event":"Task instance is in running state","chan":"stdout","logger":"task"}
{"timestamp":"2025-06-12T10:18:15.427306Z","level":"info","event":" Previous state of the Task instance: TaskInstanceState.QUEUED","chan":"stdout","logger":"task"}
{"timestamp":"2025-06-12T10:18:15.427585Z","level":"info","event":"Current task name:wait_for_mongodb_dag","chan":"stdout","logger":"task"}
{"timestamp":"2025-06-12T10:18:15.427741Z","level":"info","event":"Dag name:dag_banking_data_generation_v3","chan":"stdout","logger":"task"}
{"timestamp":"2025-06-12T10:18:15.426980","level":"info","event":"Poking for DAG 'dag_load_data_into_mongodb_v1' on 2025-06-12T10:10:10.748848+00:00 ... ","logger":"airflow.task.operators.airflow.providers.standard.sensors.external_task.ExternalTaskSensor"}
{"timestamp":"2025-06-12T10:18:15.439413","level":"info","event":"Rescheduling task, marking task as UP_FOR_RESCHEDULE","logger":"task"}
{"timestamp":"2025-06-12T10:18:47.880171","level":"info","event":"DAG bundles loaded: dags-folder, example_dags","logger":"airflow.dag_processing.bundles.manager.DagBundlesManager"}
{"timestamp":"2025-06-12T10:18:47.884263","level":"info","event":"Filling up the DagBag from /opt/airflow/dags/banking_airflow_pipeline/dag_data_generation.py","logger":"airflow.models.dagbag.DagBag"}
{"timestamp":"2025-06-12T10:18:48.645397Z","level":"info","event":"Task instance is in running state","chan":"stdout","logger":"task"}
{"timestamp":"2025-06-12T10:18:48.646245Z","level":"info","event":" Previous state of the Task instance: TaskInstanceState.QUEUED","chan":"stdout","logger":"task"}
{"timestamp":"2025-06-12T10:18:48.646532Z","level":"info","event":"Current task name:wait_for_mongodb_dag","chan":"stdout","logger":"task"}
{"timestamp":"2025-06-12T10:18:48.646710Z","level":"info","event":"Dag name:dag_banking_data_generation_v3","chan":"stdout","logger":"task"}
{"timestamp":"2025-06-12T10:18:48.645999","level":"info","event":"Poking for DAG 'dag_load_data_into_mongodb_v1' on 2025-06-12T10:10:10.748848+00:00 ... ","logger":"airflow.task.operators.airflow.providers.standard.sensors.external_task.ExternalTaskSensor"}
{"timestamp":"2025-06-12T10:18:48.655858","level":"info","event":"Rescheduling task, marking task as UP_FOR_RESCHEDULE","logger":"task"}
{"timestamp":"2025-06-12T10:19:19.760196","level":"info","event":"DAG bundles loaded: dags-folder, example_dags","logger":"airflow.dag_processing.bundles.manager.DagBundlesManager"}
{"timestamp":"2025-06-12T10:19:19.760971","level":"info","event":"Filling up the DagBag from /opt/airflow/dags/banking_airflow_pipeline/dag_data_generation.py","logger":"airflow.models.dagbag.DagBag"}
{"timestamp":"2025-06-12T10:19:19.942267Z","level":"info","event":"Task instance is in running state","chan":"stdout","logger":"task"}
{"timestamp":"2025-06-12T10:19:19.942409Z","level":"info","event":" Previous state of the Task instance: TaskInstanceState.QUEUED","chan":"stdout","logger":"task"}
{"timestamp":"2025-06-12T10:19:19.942467Z","level":"info","event":"Current task name:wait_for_mongodb_dag","chan":"stdout","logger":"task"}
{"timestamp":"2025-06-12T10:19:19.942509Z","level":"info","event":"Dag name:dag_banking_data_generation_v3","chan":"stdout","logger":"task"}
{"timestamp":"2025-06-12T10:19:19.942912","level":"info","event":"Poking for DAG 'dag_load_data_into_mongodb_v1' on 2025-06-12T10:10:10.748848+00:00 ... ","logger":"airflow.task.operators.airflow.providers.standard.sensors.external_task.ExternalTaskSensor"}
{"timestamp":"2025-06-12T10:19:19.951746","level":"info","event":"Rescheduling task, marking task as UP_FOR_RESCHEDULE","logger":"task"}
{"timestamp":"2025-06-12T10:19:52.008732","level":"info","event":"DAG bundles loaded: dags-folder, example_dags","logger":"airflow.dag_processing.bundles.manager.DagBundlesManager"}
{"timestamp":"2025-06-12T10:19:52.012670","level":"info","event":"Filling up the DagBag from /opt/airflow/dags/banking_airflow_pipeline/dag_data_generation.py","logger":"airflow.models.dagbag.DagBag"}
{"timestamp":"2025-06-12T10:19:52.549976Z","level":"info","event":"Task instance is in running state","chan":"stdout","logger":"task"}
{"timestamp":"2025-06-12T10:19:52.554242Z","level":"info","event":" Previous state of the Task instance: TaskInstanceState.QUEUED","chan":"stdout","logger":"task"}
{"timestamp":"2025-06-12T10:19:52.554611Z","level":"info","event":"Current task name:wait_for_mongodb_dag","chan":"stdout","logger":"task"}
{"timestamp":"2025-06-12T10:19:52.554846Z","level":"info","event":"Dag name:dag_banking_data_generation_v3","chan":"stdout","logger":"task"}
{"timestamp":"2025-06-12T10:19:52.553886","level":"info","event":"Poking for DAG 'dag_load_data_into_mongodb_v1' on 2025-06-12T10:10:10.748848+00:00 ... ","logger":"airflow.task.operators.airflow.providers.standard.sensors.external_task.ExternalTaskSensor"}
{"timestamp":"2025-06-12T10:19:52.570176","level":"info","event":"Rescheduling task, marking task as UP_FOR_RESCHEDULE","logger":"task"}
{"timestamp":"2025-06-12T10:20:23.862344","level":"info","event":"DAG bundles loaded: dags-folder, example_dags","logger":"airflow.dag_processing.bundles.manager.DagBundlesManager"}
{"timestamp":"2025-06-12T10:20:23.863220","level":"info","event":"Filling up the DagBag from /opt/airflow/dags/banking_airflow_pipeline/dag_data_generation.py","logger":"airflow.models.dagbag.DagBag"}
{"timestamp":"2025-06-12T10:20:24.053875Z","level":"info","event":"Task instance is in running state","chan":"stdout","logger":"task"}
{"timestamp":"2025-06-12T10:20:24.054762Z","level":"info","event":" Previous state of the Task instance: TaskInstanceState.QUEUED","chan":"stdout","logger":"task"}
{"timestamp":"2025-06-12T10:20:24.055051Z","level":"info","event":"Current task name:wait_for_mongodb_dag","chan":"stdout","logger":"task"}
{"timestamp":"2025-06-12T10:20:24.055228Z","level":"info","event":"Dag name:dag_banking_data_generation_v3","chan":"stdout","logger":"task"}
{"timestamp":"2025-06-12T10:20:24.054437","level":"info","event":"Poking for DAG 'dag_load_data_into_mongodb_v1' on 2025-06-12T10:10:10.748848+00:00 ... ","logger":"airflow.task.operators.airflow.providers.standard.sensors.external_task.ExternalTaskSensor"}
{"timestamp":"2025-06-12T10:20:24.064151","level":"info","event":"Rescheduling task, marking task as UP_FOR_RESCHEDULE","logger":"task"}
{"timestamp":"2025-06-12T10:20:55.162398","level":"info","event":"DAG bundles loaded: dags-folder, example_dags","logger":"airflow.dag_processing.bundles.manager.DagBundlesManager"}
{"timestamp":"2025-06-12T10:20:55.163336","level":"info","event":"Filling up the DagBag from /opt/airflow/dags/banking_airflow_pipeline/dag_data_generation.py","logger":"airflow.models.dagbag.DagBag"}
{"timestamp":"2025-06-12T10:20:55.690201Z","level":"info","event":"Task instance is in running state","chan":"stdout","logger":"task"}
{"timestamp":"2025-06-12T10:20:55.690356Z","level":"info","event":" Previous state of the Task instance: TaskInstanceState.QUEUED","chan":"stdout","logger":"task"}
{"timestamp":"2025-06-12T10:20:55.690445Z","level":"info","event":"Current task name:wait_for_mongodb_dag","chan":"stdout","logger":"task"}
{"timestamp":"2025-06-12T10:20:55.690497Z","level":"info","event":"Dag name:dag_banking_data_generation_v3","chan":"stdout","logger":"task"}
{"timestamp":"2025-06-12T10:20:55.690917","level":"info","event":"Poking for DAG 'dag_load_data_into_mongodb_v1' on 2025-06-12T10:10:10.748848+00:00 ... ","logger":"airflow.task.operators.airflow.providers.standard.sensors.external_task.ExternalTaskSensor"}
{"timestamp":"2025-06-12T10:20:55.700501","level":"error","event":"Task failed with exception","logger":"task","error_detail":[{"exc_type":"AirflowSensorTimeout","exc_value":"Sensor has timed out; run duration of 610.80122 seconds exceeds the specified timeout of 600.0.","exc_notes":[],"syntax_error":null,"is_cause":false,"frames":[{"filename":"/home/airflow/.local/lib/python3.12/site-packages/airflow/sdk/execution_time/task_runner.py","lineno":838,"name":"run"},{"filename":"/home/airflow/.local/lib/python3.12/site-packages/airflow/sdk/execution_time/task_runner.py","lineno":1130,"name":"_execute_task"},{"filename":"/home/airflow/.local/lib/python3.12/site-packages/airflow/sdk/bases/operator.py","lineno":408,"name":"wrapper"},{"filename":"/home/airflow/.local/lib/python3.12/site-packages/airflow/providers/standard/sensors/external_task.py","lineno":418,"name":"execute"},{"filename":"/home/airflow/.local/lib/python3.12/site-packages/airflow/sdk/bases/operator.py","lineno":408,"name":"wrapper"},{"filename":"/home/airflow/.local/lib/python3.12/site-packages/airflow/sdk/bases/sensor.py","lineno":243,"name":"execute"}]}]}
{"timestamp":"2025-06-12T10:20:55.782718Z","level":"info","event":"Task instance in failure state","chan":"stdout","logger":"task"}
{"timestamp":"2025-06-12T10:20:55.782927Z","level":"info","event":"Task start","chan":"stdout","logger":"task"}
{"timestamp":"2025-06-12T10:20:55.783003Z","level":"info","event":"Task:<Task(ExternalTaskSensor): wait_for_mongodb_dag>","chan":"stdout","logger":"task"}
{"timestamp":"2025-06-12T10:20:55.783060Z","level":"info","event":"Failure caused by Sensor has timed out; run duration of 610.80122 seconds exceeds the specified timeout of 600.0.","chan":"stdout","logger":"task"}
{"timestamp":"2025-06-12T10:20:55.783208Z","level":"warning","event":"Process exited abnormally","exit_code":1,"logger":"task"}
{"timestamp":"2025-06-12T10:20:55.704799","level":"error","event":"Top level error","logger":"task","error_detail":[{"exc_type":"UndefinedError","exc_value":"'airflow.sdk.execution_time.task_runner.RuntimeTaskInstance object' has no attribute 'log_url'","exc_notes":[],"syntax_error":null,"is_cause":false,"frames":[{"filename":"/home/airflow/.local/lib/python3.12/site-packages/airflow/sdk/execution_time/task_runner.py","lineno":1268,"name":"main"},{"filename":"/home/airflow/.local/lib/python3.12/site-packages/airflow/sdk/execution_time/task_runner.py","lineno":1248,"name":"finalize"},{"filename":"/home/airflow/.local/lib/python3.12/site-packages/airflow/sdk/execution_time/task_runner.py","lineno":1076,"name":"_send_task_error_email"},{"filename":"/home/airflow/.local/lib/python3.12/site-packages/airflow/models/taskinstance.py","lineno":473,"name":"_get_email_subject_content"},{"filename":"/home/airflow/.local/lib/python3.12/site-packages/airflow/models/taskinstance.py","lineno":470,"name":"render"},{"filename":"/home/airflow/.local/lib/python3.12/site-packages/airflow/utils/helpers.py","lineno":244,"name":"render_template_to_string"},{"filename":"/home/airflow/.local/lib/python3.12/site-packages/airflow/utils/helpers.py","lineno":239,"name":"render_template"},{"filename":"<template>","lineno":22,"name":"root"},{"filename":"/home/airflow/.local/lib/python3.12/site-packages/jinja2/runtime.py","lineno":859,"name":"_fail_with_undefined_error"}]}]}
