{"timestamp":"2025-06-12T10:59:52.666391","level":"info","event":"DAG bundles loaded: dags-folder, example_dags","logger":"airflow.dag_processing.bundles.manager.DagBundlesManager"}
{"timestamp":"2025-06-12T10:59:52.667509","level":"info","event":"Filling up the DagBag from /opt/airflow/dags/banking_airflow_pipeline/dag_ingesting_banking_data_into_PostgreSQL.py","logger":"airflow.models.dagbag.DagBag"}
{"timestamp":"2025-06-12T10:59:53.351518Z","level":"info","event":"Task instance is in running state","chan":"stdout","logger":"task"}
{"timestamp":"2025-06-12T10:59:53.351683Z","level":"info","event":" Previous state of the Task instance: TaskInstanceState.QUEUED","chan":"stdout","logger":"task"}
{"timestamp":"2025-06-12T10:59:53.351750Z","level":"info","event":"Current task name:load_customer_data","chan":"stdout","logger":"task"}
{"timestamp":"2025-06-12T10:59:53.351824Z","level":"info","event":"Dag name:dag_load_data_into_postgres_v5","chan":"stdout","logger":"task"}
{"timestamp":"2025-06-12T10:59:53.247504","level":"info","event":"Connecting to PostgreSQL database...","logger":"root"}
{"timestamp":"2025-06-12T10:59:53.340888","level":"info","event":"Connection established successfully.","logger":"root"}
{"timestamp":"2025-06-12T10:59:53.343265","level":"info","event":"Reading CSV files from sftp path: /opt/airflow/sftp_data/run_20250612_105924","logger":"root"}
{"timestamp":"2025-06-12T10:59:53.737350","level":"info","event":"Adding metadata to dataframes...","logger":"root"}
{"timestamp":"2025-06-12T10:59:53.752531","level":"info","event":"Loading customer data into PostgreSQL...","logger":"root"}
{"timestamp":"2025-06-12T10:59:54.389514","level":"info","event":"Loading customers data into PostgreSQL...","logger":"root"}
{"timestamp":"2025-06-12T10:59:54.610952","level":"info","event":"Customer data loaded successfully.","logger":"root"}
{"timestamp":"2025-06-12T10:59:54.657064","level":"info","event":"Loading data into PostgreSQL...","logger":"root"}
{"timestamp":"2025-06-12T10:59:54.659045","level":"info","event":"PostgreSQL connection closed.","logger":"root"}
{"timestamp":"2025-06-12T10:59:54.659303","level":"info","event":"Data loading completed successfully.","logger":"root"}
{"timestamp":"2025-06-12T10:59:54.664670","level":"info","event":"Done. Returned value was: None","logger":"airflow.task.operators.airflow.providers.standard.decorators.python._PythonDecoratedOperator"}
{"timestamp":"2025-06-12T10:59:54.745604Z","level":"info","event":"Task instance in success state","chan":"stdout","logger":"task"}
{"timestamp":"2025-06-12T10:59:54.754860Z","level":"info","event":" Previous state of the Task instance: TaskInstanceState.RUNNING","chan":"stdout","logger":"task"}
{"timestamp":"2025-06-12T10:59:54.755673Z","level":"info","event":"Task operator:<Task(_PythonDecoratedOperator): load_customer_data>","chan":"stdout","logger":"task"}
