{"timestamp":"2025-06-12T12:34:55.596995","level":"info","event":"DAG bundles loaded: dags-folder, example_dags","logger":"airflow.dag_processing.bundles.manager.DagBundlesManager"}
{"timestamp":"2025-06-12T12:34:55.597712","level":"info","event":"Filling up the DagBag from /opt/airflow/dags/banking_airflow_pipeline/dag_ingesting_banking_data_into_PostgreSQL.py","logger":"airflow.models.dagbag.DagBag"}
{"timestamp":"2025-06-12T12:34:55.904450Z","level":"info","event":"Task instance is in running state","chan":"stdout","logger":"task"}
{"timestamp":"2025-06-12T12:34:55.904729Z","level":"info","event":" Previous state of the Task instance: TaskInstanceState.QUEUED","chan":"stdout","logger":"task"}
{"timestamp":"2025-06-12T12:34:55.904897Z","level":"info","event":"Current task name:load_accounts_data","chan":"stdout","logger":"task"}
{"timestamp":"2025-06-12T12:34:55.905017Z","level":"info","event":"Dag name:dag_load_data_into_postgres_v5","chan":"stdout","logger":"task"}
{"timestamp":"2025-06-12T12:34:55.861849","level":"info","event":"Connecting to PostgreSQL database...","logger":"root"}
{"timestamp":"2025-06-12T12:34:55.892666","level":"info","event":"Connection established successfully.","logger":"root"}
{"timestamp":"2025-06-12T12:34:55.893454","level":"info","event":"Reading CSV files from local path: /opt/airflow/dags/banking_airflow_pipeline/data/run_20250612_123424","logger":"root"}
{"timestamp":"2025-06-12T12:34:56.010955","level":"info","event":"Adding metadata to dataframes...","logger":"root"}
{"timestamp":"2025-06-12T12:34:56.053592","level":"info","event":"Loading accounts data into PostgreSQL...","logger":"root"}
{"timestamp":"2025-06-12T12:34:56.696015","level":"info","event":"Loading accounts data into PostgreSQL...","logger":"root"}
{"timestamp":"2025-06-12T12:34:56.972162","level":"info","event":"Accounts data loaded successfully.","logger":"root"}
{"timestamp":"2025-06-12T12:34:56.985529","level":"info","event":"Loading data into PostgreSQL...","logger":"root"}
{"timestamp":"2025-06-12T12:34:56.986987","level":"info","event":"PostgreSQL connection closed.","logger":"root"}
{"timestamp":"2025-06-12T12:34:56.987124","level":"info","event":"Data loading completed successfully.","logger":"root"}
{"timestamp":"2025-06-12T12:34:56.987629","level":"info","event":"Done. Returned value was: None","logger":"airflow.task.operators.airflow.providers.standard.decorators.python._PythonDecoratedOperator"}
{"timestamp":"2025-06-12T12:34:57.051362Z","level":"info","event":"Task instance in success state","chan":"stdout","logger":"task"}
{"timestamp":"2025-06-12T12:34:57.051718Z","level":"info","event":" Previous state of the Task instance: TaskInstanceState.RUNNING","chan":"stdout","logger":"task"}
{"timestamp":"2025-06-12T12:34:57.052835Z","level":"info","event":"Task operator:<Task(_PythonDecoratedOperator): load_accounts_data>","chan":"stdout","logger":"task"}
