{"timestamp":"2025-06-13T06:32:04.813077","level":"info","event":"DAG bundles loaded: dags-folder, example_dags","logger":"airflow.dag_processing.bundles.manager.DagBundlesManager"}
{"timestamp":"2025-06-13T06:32:04.813537","level":"info","event":"Filling up the DagBag from /opt/airflow/dags/banking_airflow_pipeline/dag_ingesting_banking_data_into_PostgreSQL.py","logger":"airflow.models.dagbag.DagBag"}
{"timestamp":"2025-06-13T06:32:04.873855Z","level":"info","event":"Task instance is in running state","chan":"stdout","logger":"task"}
{"timestamp":"2025-06-13T06:32:04.874277Z","level":"info","event":" Previous state of the Task instance: TaskInstanceState.QUEUED","chan":"stdout","logger":"task"}
{"timestamp":"2025-06-13T06:32:04.874487Z","level":"info","event":"Current task name:load_customer_data","chan":"stdout","logger":"task"}
{"timestamp":"2025-06-13T06:32:04.874635Z","level":"info","event":"Dag name:dag_load_data_into_postgres_v8","chan":"stdout","logger":"task"}
{"timestamp":"2025-06-13T06:32:04.845820","level":"info","event":"Connecting to PostgreSQL database...","logger":"root"}
{"timestamp":"2025-06-13T06:32:04.855986","level":"info","event":"Connection established successfully.","logger":"root"}
{"timestamp":"2025-06-13T06:32:04.858444","level":"info","event":"Reading CSV files from sftp path: /opt/airflow/sftp_data/run_20250613_063137","logger":"root"}
{"timestamp":"2025-06-13T06:32:04.869774","level":"info","event":"Adding metadata to dataframes...","logger":"root"}
{"timestamp":"2025-06-13T06:32:04.871562","level":"info","event":"Loading customer data into PostgreSQL...","logger":"root"}
{"timestamp":"2025-06-13T06:32:04.888626","level":"info","event":"Loading customers data into PostgreSQL...","logger":"root"}
{"timestamp":"2025-06-13T06:32:04.904083","level":"info","event":"Customer data loaded successfully.","logger":"root"}
{"timestamp":"2025-06-13T06:32:04.976115","level":"info","event":"Loading data into PostgreSQL...","logger":"root"}
{"timestamp":"2025-06-13T06:32:04.976331","level":"info","event":"PostgreSQL connection closed.","logger":"root"}
{"timestamp":"2025-06-13T06:32:04.976404","level":"info","event":"Data loading completed successfully.","logger":"root"}
{"timestamp":"2025-06-13T06:32:04.976811","level":"info","event":"Done. Returned value was: None","logger":"airflow.task.operators.airflow.providers.standard.decorators.python._PythonDecoratedOperator"}
{"timestamp":"2025-06-13T06:32:05.010354Z","level":"info","event":"Task instance in success state","chan":"stdout","logger":"task"}
{"timestamp":"2025-06-13T06:32:05.010502Z","level":"info","event":" Previous state of the Task instance: TaskInstanceState.RUNNING","chan":"stdout","logger":"task"}
{"timestamp":"2025-06-13T06:32:05.010567Z","level":"info","event":"Task operator:<Task(_PythonDecoratedOperator): load_customer_data>","chan":"stdout","logger":"task"}
