{"timestamp":"2025-06-11T06:14:58.089798","level":"info","event":"DAG bundles loaded: dags-folder, example_dags","logger":"airflow.dag_processing.bundles.manager.DagBundlesManager"}
{"timestamp":"2025-06-11T06:14:58.090968","level":"info","event":"Filling up the DagBag from /opt/airflow/dags/banking_airflow_pipeline/dag_ingest_data_from_sftp.py","logger":"airflow.models.dagbag.DagBag"}
{"timestamp":"2025-06-11T06:14:58.165493Z","level":"info","event":"Task instance is in running state","chan":"stdout","logger":"task"}
{"timestamp":"2025-06-11T06:14:58.166569Z","level":"info","event":" Previous state of the Task instance: TaskInstanceState.QUEUED","chan":"stdout","logger":"task"}
{"timestamp":"2025-06-11T06:14:58.166851Z","level":"info","event":"Current task name:load_customer_data_from_sftp","chan":"stdout","logger":"task"}
{"timestamp":"2025-06-11T06:14:58.167024Z","level":"info","event":"Dag name:load_data_into_postgres","chan":"stdout","logger":"task"}
{"timestamp":"2025-06-11T06:14:58.115023","level":"info","event":"Connecting to PostgreSQL database...","logger":"root"}
{"timestamp":"2025-06-11T06:14:58.128603","level":"info","event":"Connection established successfully.","logger":"root"}
{"timestamp":"2025-06-11T06:14:58.128821","level":"info","event":"Reading CSV files from local path: /opt/airflow/sftp_data/","logger":"root"}
{"timestamp":"2025-06-11T06:14:58.175798","level":"info","event":"Adding metadata to dataframes...","logger":"root"}
{"timestamp":"2025-06-11T06:14:58.177863","level":"info","event":"Loading customer data into PostgreSQL...","logger":"root"}
{"timestamp":"2025-06-11T06:14:58.261151","level":"info","event":"Loading customers data into PostgreSQL...","logger":"root"}
{"timestamp":"2025-06-11T06:14:58.277117","level":"error","event":"Task failed with exception","logger":"task","error_detail":[{"exc_type":"UniqueViolation","exc_value":"duplicate key value violates unique constraint \"customer_pkey\"\nDETAIL:  Key (customer_id)=(770487) already exists.\nCONTEXT:  COPY customer, line 1\n","exc_notes":[],"syntax_error":null,"is_cause":false,"frames":[{"filename":"/home/airflow/.local/lib/python3.12/site-packages/airflow/sdk/execution_time/task_runner.py","lineno":838,"name":"run"},{"filename":"/home/airflow/.local/lib/python3.12/site-packages/airflow/sdk/execution_time/task_runner.py","lineno":1130,"name":"_execute_task"},{"filename":"/home/airflow/.local/lib/python3.12/site-packages/airflow/sdk/bases/operator.py","lineno":408,"name":"wrapper"},{"filename":"/home/airflow/.local/lib/python3.12/site-packages/airflow/providers/standard/operators/python.py","lineno":212,"name":"execute"},{"filename":"/home/airflow/.local/lib/python3.12/site-packages/airflow/providers/standard/operators/python.py","lineno":235,"name":"execute_callable"},{"filename":"/home/airflow/.local/lib/python3.12/site-packages/airflow/sdk/execution_time/callback_runner.py","lineno":81,"name":"run"},{"filename":"/opt/airflow/dags/banking_airflow_pipeline/load_data_from_2Source_into_pg.py","lineno":301,"name":"load_customer_data_into_pg"}]}]}
{"timestamp":"2025-06-11T06:14:58.278420Z","level":"info","event":"Task instance in failure state","chan":"stdout","logger":"task"}
{"timestamp":"2025-06-11T06:14:58.278653Z","level":"info","event":"Task start","chan":"stdout","logger":"task"}
{"timestamp":"2025-06-11T06:14:58.278731Z","level":"info","event":"Task:<Task(PythonOperator): load_customer_data_from_sftp>","chan":"stdout","logger":"task"}
{"timestamp":"2025-06-11T06:14:58.278845Z","level":"info","event":"Failure caused by duplicate key value violates unique constraint \"customer_pkey\"","chan":"stdout","logger":"task"}
{"timestamp":"2025-06-11T06:14:58.278915Z","level":"info","event":"DETAIL:  Key (customer_id)=(770487) already exists.","chan":"stdout","logger":"task"}
{"timestamp":"2025-06-11T06:14:58.278963Z","level":"info","event":"CONTEXT:  COPY customer, line 1","chan":"stdout","logger":"task"}
{"timestamp":"2025-06-11T06:14:58.279011Z","level":"info","event":"","chan":"stdout","logger":"task"}
