{"timestamp":"2025-06-12T10:10:44.164226","level":"info","event":"DAG bundles loaded: dags-folder, example_dags","logger":"airflow.dag_processing.bundles.manager.DagBundlesManager"}
{"timestamp":"2025-06-12T10:10:44.167380","level":"info","event":"Filling up the DagBag from /opt/airflow/dags/banking_airflow_pipeline/dag_data_generation.py","logger":"airflow.models.dagbag.DagBag"}
{"timestamp":"2025-06-12T10:10:45.153512Z","level":"info","event":"Task instance is in running state","chan":"stdout","logger":"task"}
{"timestamp":"2025-06-12T10:10:45.153967Z","level":"info","event":" Previous state of the Task instance: TaskInstanceState.QUEUED","chan":"stdout","logger":"task"}
{"timestamp":"2025-06-12T10:10:45.154232Z","level":"info","event":"Current task name:wait_for_postgres_dag","chan":"stdout","logger":"task"}
{"timestamp":"2025-06-12T10:10:45.154420Z","level":"info","event":"Dag name:dag_banking_data_generation_v3","chan":"stdout","logger":"task"}
{"timestamp":"2025-06-12T10:10:45.118338","level":"info","event":"Poking for DAG 'dag_load_data_into_postgres_v1' on 2025-06-12T10:10:10.748848+00:00 ... ","logger":"airflow.task.operators.airflow.providers.standard.sensors.external_task.ExternalTaskSensor"}
{"timestamp":"2025-06-12T10:10:45.155077","level":"info","event":"Rescheduling task, marking task as UP_FOR_RESCHEDULE","logger":"task"}
{"timestamp":"2025-06-12T10:11:16.333720","level":"info","event":"DAG bundles loaded: dags-folder, example_dags","logger":"airflow.dag_processing.bundles.manager.DagBundlesManager"}
{"timestamp":"2025-06-12T10:11:16.334457","level":"info","event":"Filling up the DagBag from /opt/airflow/dags/banking_airflow_pipeline/dag_data_generation.py","logger":"airflow.models.dagbag.DagBag"}
{"timestamp":"2025-06-12T10:11:17.226853Z","level":"info","event":"Task instance is in running state","chan":"stdout","logger":"task"}
{"timestamp":"2025-06-12T10:11:17.227338Z","level":"info","event":" Previous state of the Task instance: TaskInstanceState.QUEUED","chan":"stdout","logger":"task"}
{"timestamp":"2025-06-12T10:11:17.227568Z","level":"info","event":"Current task name:wait_for_postgres_dag","chan":"stdout","logger":"task"}
{"timestamp":"2025-06-12T10:11:17.227807Z","level":"info","event":"Dag name:dag_banking_data_generation_v3","chan":"stdout","logger":"task"}
{"timestamp":"2025-06-12T10:11:17.228212","level":"info","event":"Poking for DAG 'dag_load_data_into_postgres_v1' on 2025-06-12T10:10:10.748848+00:00 ... ","logger":"airflow.task.operators.airflow.providers.standard.sensors.external_task.ExternalTaskSensor"}
{"timestamp":"2025-06-12T10:11:17.239872","level":"info","event":"Rescheduling task, marking task as UP_FOR_RESCHEDULE","logger":"task"}
{"timestamp":"2025-06-12T10:11:49.263132","level":"info","event":"DAG bundles loaded: dags-folder, example_dags","logger":"airflow.dag_processing.bundles.manager.DagBundlesManager"}
{"timestamp":"2025-06-12T10:11:49.263802","level":"info","event":"Filling up the DagBag from /opt/airflow/dags/banking_airflow_pipeline/dag_data_generation.py","logger":"airflow.models.dagbag.DagBag"}
{"timestamp":"2025-06-12T10:11:49.457737Z","level":"info","event":"Task instance is in running state","chan":"stdout","logger":"task"}
{"timestamp":"2025-06-12T10:11:49.458162Z","level":"info","event":" Previous state of the Task instance: TaskInstanceState.QUEUED","chan":"stdout","logger":"task"}
{"timestamp":"2025-06-12T10:11:49.458391Z","level":"info","event":"Current task name:wait_for_postgres_dag","chan":"stdout","logger":"task"}
{"timestamp":"2025-06-12T10:11:49.458579Z","level":"info","event":"Dag name:dag_banking_data_generation_v3","chan":"stdout","logger":"task"}
{"timestamp":"2025-06-12T10:11:49.458095","level":"info","event":"Poking for DAG 'dag_load_data_into_postgres_v1' on 2025-06-12T10:10:10.748848+00:00 ... ","logger":"airflow.task.operators.airflow.providers.standard.sensors.external_task.ExternalTaskSensor"}
{"timestamp":"2025-06-12T10:11:49.468660","level":"info","event":"Rescheduling task, marking task as UP_FOR_RESCHEDULE","logger":"task"}
{"timestamp":"2025-06-12T10:12:20.643043","level":"info","event":"DAG bundles loaded: dags-folder, example_dags","logger":"airflow.dag_processing.bundles.manager.DagBundlesManager"}
{"timestamp":"2025-06-12T10:12:20.643599","level":"info","event":"Filling up the DagBag from /opt/airflow/dags/banking_airflow_pipeline/dag_data_generation.py","logger":"airflow.models.dagbag.DagBag"}
{"timestamp":"2025-06-12T10:12:20.907864Z","level":"info","event":"Task instance is in running state","chan":"stdout","logger":"task"}
{"timestamp":"2025-06-12T10:12:20.908740Z","level":"info","event":" Previous state of the Task instance: TaskInstanceState.QUEUED","chan":"stdout","logger":"task"}
{"timestamp":"2025-06-12T10:12:20.909145Z","level":"info","event":"Current task name:wait_for_postgres_dag","chan":"stdout","logger":"task"}
{"timestamp":"2025-06-12T10:12:20.909354Z","level":"info","event":"Dag name:dag_banking_data_generation_v3","chan":"stdout","logger":"task"}
{"timestamp":"2025-06-12T10:12:20.908464","level":"info","event":"Poking for DAG 'dag_load_data_into_postgres_v1' on 2025-06-12T10:10:10.748848+00:00 ... ","logger":"airflow.task.operators.airflow.providers.standard.sensors.external_task.ExternalTaskSensor"}
{"timestamp":"2025-06-12T10:12:20.922420","level":"info","event":"Rescheduling task, marking task as UP_FOR_RESCHEDULE","logger":"task"}
{"timestamp":"2025-06-12T10:12:53.174060","level":"info","event":"DAG bundles loaded: dags-folder, example_dags","logger":"airflow.dag_processing.bundles.manager.DagBundlesManager"}
{"timestamp":"2025-06-12T10:12:53.175370","level":"info","event":"Filling up the DagBag from /opt/airflow/dags/banking_airflow_pipeline/dag_data_generation.py","logger":"airflow.models.dagbag.DagBag"}
{"timestamp":"2025-06-12T10:12:53.522058Z","level":"info","event":"Task instance is in running state","chan":"stdout","logger":"task"}
{"timestamp":"2025-06-12T10:12:53.524379Z","level":"info","event":" Previous state of the Task instance: TaskInstanceState.QUEUED","chan":"stdout","logger":"task"}
{"timestamp":"2025-06-12T10:12:53.524700Z","level":"info","event":"Current task name:wait_for_postgres_dag","chan":"stdout","logger":"task"}
{"timestamp":"2025-06-12T10:12:53.524963Z","level":"info","event":"Dag name:dag_banking_data_generation_v3","chan":"stdout","logger":"task"}
{"timestamp":"2025-06-12T10:12:53.524074","level":"info","event":"Poking for DAG 'dag_load_data_into_postgres_v1' on 2025-06-12T10:10:10.748848+00:00 ... ","logger":"airflow.task.operators.airflow.providers.standard.sensors.external_task.ExternalTaskSensor"}
{"timestamp":"2025-06-12T10:12:53.540392","level":"info","event":"Rescheduling task, marking task as UP_FOR_RESCHEDULE","logger":"task"}
{"timestamp":"2025-06-12T10:13:25.648747","level":"info","event":"DAG bundles loaded: dags-folder, example_dags","logger":"airflow.dag_processing.bundles.manager.DagBundlesManager"}
{"timestamp":"2025-06-12T10:13:25.651513","level":"info","event":"Filling up the DagBag from /opt/airflow/dags/banking_airflow_pipeline/dag_data_generation.py","logger":"airflow.models.dagbag.DagBag"}
{"timestamp":"2025-06-12T10:13:26.241904Z","level":"info","event":"Task instance is in running state","chan":"stdout","logger":"task"}
{"timestamp":"2025-06-12T10:13:26.244848Z","level":"info","event":" Previous state of the Task instance: TaskInstanceState.QUEUED","chan":"stdout","logger":"task"}
{"timestamp":"2025-06-12T10:13:26.245206Z","level":"info","event":"Current task name:wait_for_postgres_dag","chan":"stdout","logger":"task"}
{"timestamp":"2025-06-12T10:13:26.248844Z","level":"info","event":"Dag name:dag_banking_data_generation_v3","chan":"stdout","logger":"task"}
{"timestamp":"2025-06-12T10:13:26.242314","level":"info","event":"Poking for DAG 'dag_load_data_into_postgres_v1' on 2025-06-12T10:10:10.748848+00:00 ... ","logger":"airflow.task.operators.airflow.providers.standard.sensors.external_task.ExternalTaskSensor"}
{"timestamp":"2025-06-12T10:13:26.276287","level":"info","event":"Rescheduling task, marking task as UP_FOR_RESCHEDULE","logger":"task"}
{"timestamp":"2025-06-12T10:13:57.893476","level":"info","event":"DAG bundles loaded: dags-folder, example_dags","logger":"airflow.dag_processing.bundles.manager.DagBundlesManager"}
{"timestamp":"2025-06-12T10:13:57.895230","level":"info","event":"Filling up the DagBag from /opt/airflow/dags/banking_airflow_pipeline/dag_data_generation.py","logger":"airflow.models.dagbag.DagBag"}
{"timestamp":"2025-06-12T10:13:58.123832Z","level":"info","event":"Task instance is in running state","chan":"stdout","logger":"task"}
{"timestamp":"2025-06-12T10:13:58.124024Z","level":"info","event":" Previous state of the Task instance: TaskInstanceState.QUEUED","chan":"stdout","logger":"task"}
{"timestamp":"2025-06-12T10:13:58.124095Z","level":"info","event":"Current task name:wait_for_postgres_dag","chan":"stdout","logger":"task"}
{"timestamp":"2025-06-12T10:13:58.124143Z","level":"info","event":"Dag name:dag_banking_data_generation_v3","chan":"stdout","logger":"task"}
{"timestamp":"2025-06-12T10:13:58.124147","level":"info","event":"Poking for DAG 'dag_load_data_into_postgres_v1' on 2025-06-12T10:10:10.748848+00:00 ... ","logger":"airflow.task.operators.airflow.providers.standard.sensors.external_task.ExternalTaskSensor"}
{"timestamp":"2025-06-12T10:13:58.137178","level":"info","event":"Rescheduling task, marking task as UP_FOR_RESCHEDULE","logger":"task"}
{"timestamp":"2025-06-12T10:14:29.275826","level":"info","event":"DAG bundles loaded: dags-folder, example_dags","logger":"airflow.dag_processing.bundles.manager.DagBundlesManager"}
{"timestamp":"2025-06-12T10:14:29.276537","level":"info","event":"Filling up the DagBag from /opt/airflow/dags/banking_airflow_pipeline/dag_data_generation.py","logger":"airflow.models.dagbag.DagBag"}
{"timestamp":"2025-06-12T10:14:29.514744Z","level":"info","event":"Task instance is in running state","chan":"stdout","logger":"task"}
{"timestamp":"2025-06-12T10:14:29.515588Z","level":"info","event":" Previous state of the Task instance: TaskInstanceState.QUEUED","chan":"stdout","logger":"task"}
{"timestamp":"2025-06-12T10:14:29.515865Z","level":"info","event":"Current task name:wait_for_postgres_dag","chan":"stdout","logger":"task"}
{"timestamp":"2025-06-12T10:14:29.516058Z","level":"info","event":"Dag name:dag_banking_data_generation_v3","chan":"stdout","logger":"task"}
{"timestamp":"2025-06-12T10:14:29.515306","level":"info","event":"Poking for DAG 'dag_load_data_into_postgres_v1' on 2025-06-12T10:10:10.748848+00:00 ... ","logger":"airflow.task.operators.airflow.providers.standard.sensors.external_task.ExternalTaskSensor"}
{"timestamp":"2025-06-12T10:14:29.529688","level":"info","event":"Rescheduling task, marking task as UP_FOR_RESCHEDULE","logger":"task"}
{"timestamp":"2025-06-12T10:15:01.582612","level":"info","event":"DAG bundles loaded: dags-folder, example_dags","logger":"airflow.dag_processing.bundles.manager.DagBundlesManager"}
{"timestamp":"2025-06-12T10:15:01.586237","level":"info","event":"Filling up the DagBag from /opt/airflow/dags/banking_airflow_pipeline/dag_data_generation.py","logger":"airflow.models.dagbag.DagBag"}
{"timestamp":"2025-06-12T10:15:02.327531Z","level":"info","event":"Task instance is in running state","chan":"stdout","logger":"task"}
{"timestamp":"2025-06-12T10:15:02.327738Z","level":"info","event":" Previous state of the Task instance: TaskInstanceState.QUEUED","chan":"stdout","logger":"task"}
{"timestamp":"2025-06-12T10:15:02.327833Z","level":"info","event":"Current task name:wait_for_postgres_dag","chan":"stdout","logger":"task"}
{"timestamp":"2025-06-12T10:15:02.327888Z","level":"info","event":"Dag name:dag_banking_data_generation_v3","chan":"stdout","logger":"task"}
{"timestamp":"2025-06-12T10:15:02.328808","level":"info","event":"Poking for DAG 'dag_load_data_into_postgres_v1' on 2025-06-12T10:10:10.748848+00:00 ... ","logger":"airflow.task.operators.airflow.providers.standard.sensors.external_task.ExternalTaskSensor"}
{"timestamp":"2025-06-12T10:15:02.348523","level":"info","event":"Rescheduling task, marking task as UP_FOR_RESCHEDULE","logger":"task"}
{"timestamp":"2025-06-12T10:15:33.511160","level":"info","event":"DAG bundles loaded: dags-folder, example_dags","logger":"airflow.dag_processing.bundles.manager.DagBundlesManager"}
{"timestamp":"2025-06-12T10:15:33.514393","level":"info","event":"Filling up the DagBag from /opt/airflow/dags/banking_airflow_pipeline/dag_data_generation.py","logger":"airflow.models.dagbag.DagBag"}
{"timestamp":"2025-06-12T10:15:33.937040Z","level":"info","event":"Task instance is in running state","chan":"stdout","logger":"task"}
{"timestamp":"2025-06-12T10:15:33.937209Z","level":"info","event":" Previous state of the Task instance: TaskInstanceState.QUEUED","chan":"stdout","logger":"task"}
{"timestamp":"2025-06-12T10:15:33.937288Z","level":"info","event":"Current task name:wait_for_postgres_dag","chan":"stdout","logger":"task"}
{"timestamp":"2025-06-12T10:15:33.937335Z","level":"info","event":"Dag name:dag_banking_data_generation_v3","chan":"stdout","logger":"task"}
{"timestamp":"2025-06-12T10:15:33.937914","level":"info","event":"Poking for DAG 'dag_load_data_into_postgres_v1' on 2025-06-12T10:10:10.748848+00:00 ... ","logger":"airflow.task.operators.airflow.providers.standard.sensors.external_task.ExternalTaskSensor"}
{"timestamp":"2025-06-12T10:15:33.948749","level":"info","event":"Rescheduling task, marking task as UP_FOR_RESCHEDULE","logger":"task"}
{"timestamp":"2025-06-12T10:16:04.952349","level":"info","event":"DAG bundles loaded: dags-folder, example_dags","logger":"airflow.dag_processing.bundles.manager.DagBundlesManager"}
{"timestamp":"2025-06-12T10:16:04.953024","level":"info","event":"Filling up the DagBag from /opt/airflow/dags/banking_airflow_pipeline/dag_data_generation.py","logger":"airflow.models.dagbag.DagBag"}
{"timestamp":"2025-06-12T10:16:05.689056Z","level":"info","event":"Task instance is in running state","chan":"stdout","logger":"task"}
{"timestamp":"2025-06-12T10:16:05.689215Z","level":"info","event":" Previous state of the Task instance: TaskInstanceState.QUEUED","chan":"stdout","logger":"task"}
{"timestamp":"2025-06-12T10:16:05.689270Z","level":"info","event":"Current task name:wait_for_postgres_dag","chan":"stdout","logger":"task"}
{"timestamp":"2025-06-12T10:16:05.689311Z","level":"info","event":"Dag name:dag_banking_data_generation_v3","chan":"stdout","logger":"task"}
{"timestamp":"2025-06-12T10:16:05.689387","level":"info","event":"Poking for DAG 'dag_load_data_into_postgres_v1' on 2025-06-12T10:10:10.748848+00:00 ... ","logger":"airflow.task.operators.airflow.providers.standard.sensors.external_task.ExternalTaskSensor"}
{"timestamp":"2025-06-12T10:16:05.705187","level":"info","event":"Rescheduling task, marking task as UP_FOR_RESCHEDULE","logger":"task"}
{"timestamp":"2025-06-12T10:16:38.671986","level":"info","event":"DAG bundles loaded: dags-folder, example_dags","logger":"airflow.dag_processing.bundles.manager.DagBundlesManager"}
{"timestamp":"2025-06-12T10:16:38.672677","level":"info","event":"Filling up the DagBag from /opt/airflow/dags/banking_airflow_pipeline/dag_data_generation.py","logger":"airflow.models.dagbag.DagBag"}
{"timestamp":"2025-06-12T10:16:39.162323Z","level":"info","event":"Task instance is in running state","chan":"stdout","logger":"task"}
{"timestamp":"2025-06-12T10:16:39.162534Z","level":"info","event":" Previous state of the Task instance: TaskInstanceState.QUEUED","chan":"stdout","logger":"task"}
{"timestamp":"2025-06-12T10:16:39.162607Z","level":"info","event":"Current task name:wait_for_postgres_dag","chan":"stdout","logger":"task"}
{"timestamp":"2025-06-12T10:16:39.162660Z","level":"info","event":"Dag name:dag_banking_data_generation_v3","chan":"stdout","logger":"task"}
{"timestamp":"2025-06-12T10:16:39.163294","level":"info","event":"Poking for DAG 'dag_load_data_into_postgres_v1' on 2025-06-12T10:10:10.748848+00:00 ... ","logger":"airflow.task.operators.airflow.providers.standard.sensors.external_task.ExternalTaskSensor"}
{"timestamp":"2025-06-12T10:16:39.172924","level":"info","event":"Rescheduling task, marking task as UP_FOR_RESCHEDULE","logger":"task"}
{"timestamp":"2025-06-12T10:17:11.583962","level":"info","event":"DAG bundles loaded: dags-folder, example_dags","logger":"airflow.dag_processing.bundles.manager.DagBundlesManager"}
{"timestamp":"2025-06-12T10:17:11.587082","level":"info","event":"Filling up the DagBag from /opt/airflow/dags/banking_airflow_pipeline/dag_data_generation.py","logger":"airflow.models.dagbag.DagBag"}
{"timestamp":"2025-06-12T10:17:11.890080Z","level":"info","event":"Task instance is in running state","chan":"stdout","logger":"task"}
{"timestamp":"2025-06-12T10:17:11.891865Z","level":"info","event":" Previous state of the Task instance: TaskInstanceState.QUEUED","chan":"stdout","logger":"task"}
{"timestamp":"2025-06-12T10:17:11.892259Z","level":"info","event":"Current task name:wait_for_postgres_dag","chan":"stdout","logger":"task"}
{"timestamp":"2025-06-12T10:17:11.893828Z","level":"info","event":"Dag name:dag_banking_data_generation_v3","chan":"stdout","logger":"task"}
{"timestamp":"2025-06-12T10:17:11.890819","level":"info","event":"Poking for DAG 'dag_load_data_into_postgres_v1' on 2025-06-12T10:10:10.748848+00:00 ... ","logger":"airflow.task.operators.airflow.providers.standard.sensors.external_task.ExternalTaskSensor"}
{"timestamp":"2025-06-12T10:17:11.920203","level":"info","event":"Rescheduling task, marking task as UP_FOR_RESCHEDULE","logger":"task"}
{"timestamp":"2025-06-12T10:17:42.851052","level":"info","event":"DAG bundles loaded: dags-folder, example_dags","logger":"airflow.dag_processing.bundles.manager.DagBundlesManager"}
{"timestamp":"2025-06-12T10:17:42.851733","level":"info","event":"Filling up the DagBag from /opt/airflow/dags/banking_airflow_pipeline/dag_data_generation.py","logger":"airflow.models.dagbag.DagBag"}
{"timestamp":"2025-06-12T10:17:43.080401Z","level":"info","event":"Task instance is in running state","chan":"stdout","logger":"task"}
{"timestamp":"2025-06-12T10:17:43.080573Z","level":"info","event":" Previous state of the Task instance: TaskInstanceState.QUEUED","chan":"stdout","logger":"task"}
{"timestamp":"2025-06-12T10:17:43.080633Z","level":"info","event":"Current task name:wait_for_postgres_dag","chan":"stdout","logger":"task"}
{"timestamp":"2025-06-12T10:17:43.080672Z","level":"info","event":"Dag name:dag_banking_data_generation_v3","chan":"stdout","logger":"task"}
{"timestamp":"2025-06-12T10:17:43.080085","level":"info","event":"Poking for DAG 'dag_load_data_into_postgres_v1' on 2025-06-12T10:10:10.748848+00:00 ... ","logger":"airflow.task.operators.airflow.providers.standard.sensors.external_task.ExternalTaskSensor"}
{"timestamp":"2025-06-12T10:17:43.098097","level":"info","event":"Rescheduling task, marking task as UP_FOR_RESCHEDULE","logger":"task"}
{"timestamp":"2025-06-12T10:18:15.081857","level":"info","event":"DAG bundles loaded: dags-folder, example_dags","logger":"airflow.dag_processing.bundles.manager.DagBundlesManager"}
{"timestamp":"2025-06-12T10:18:15.087307","level":"info","event":"Filling up the DagBag from /opt/airflow/dags/banking_airflow_pipeline/dag_data_generation.py","logger":"airflow.models.dagbag.DagBag"}
{"timestamp":"2025-06-12T10:18:16.012340Z","level":"info","event":"Task instance is in running state","chan":"stdout","logger":"task"}
{"timestamp":"2025-06-12T10:18:16.012522Z","level":"info","event":" Previous state of the Task instance: TaskInstanceState.QUEUED","chan":"stdout","logger":"task"}
{"timestamp":"2025-06-12T10:18:16.012594Z","level":"info","event":"Current task name:wait_for_postgres_dag","chan":"stdout","logger":"task"}
{"timestamp":"2025-06-12T10:18:16.012644Z","level":"info","event":"Dag name:dag_banking_data_generation_v3","chan":"stdout","logger":"task"}
{"timestamp":"2025-06-12T10:18:16.014055","level":"info","event":"Poking for DAG 'dag_load_data_into_postgres_v1' on 2025-06-12T10:10:10.748848+00:00 ... ","logger":"airflow.task.operators.airflow.providers.standard.sensors.external_task.ExternalTaskSensor"}
{"timestamp":"2025-06-12T10:18:16.031348","level":"info","event":"Rescheduling task, marking task as UP_FOR_RESCHEDULE","logger":"task"}
{"timestamp":"2025-06-12T10:18:48.046569","level":"info","event":"DAG bundles loaded: dags-folder, example_dags","logger":"airflow.dag_processing.bundles.manager.DagBundlesManager"}
{"timestamp":"2025-06-12T10:18:48.047189","level":"info","event":"Filling up the DagBag from /opt/airflow/dags/banking_airflow_pipeline/dag_data_generation.py","logger":"airflow.models.dagbag.DagBag"}
{"timestamp":"2025-06-12T10:18:48.344156Z","level":"info","event":"Task instance is in running state","chan":"stdout","logger":"task"}
{"timestamp":"2025-06-12T10:18:48.346837Z","level":"info","event":" Previous state of the Task instance: TaskInstanceState.QUEUED","chan":"stdout","logger":"task"}
{"timestamp":"2025-06-12T10:18:48.347183Z","level":"info","event":"Current task name:wait_for_postgres_dag","chan":"stdout","logger":"task"}
{"timestamp":"2025-06-12T10:18:48.347370Z","level":"info","event":"Dag name:dag_banking_data_generation_v3","chan":"stdout","logger":"task"}
{"timestamp":"2025-06-12T10:18:48.347847","level":"info","event":"Poking for DAG 'dag_load_data_into_postgres_v1' on 2025-06-12T10:10:10.748848+00:00 ... ","logger":"airflow.task.operators.airflow.providers.standard.sensors.external_task.ExternalTaskSensor"}
{"timestamp":"2025-06-12T10:18:48.367540","level":"info","event":"Rescheduling task, marking task as UP_FOR_RESCHEDULE","logger":"task"}
{"timestamp":"2025-06-12T10:19:19.581027","level":"info","event":"DAG bundles loaded: dags-folder, example_dags","logger":"airflow.dag_processing.bundles.manager.DagBundlesManager"}
{"timestamp":"2025-06-12T10:19:19.583393","level":"info","event":"Filling up the DagBag from /opt/airflow/dags/banking_airflow_pipeline/dag_data_generation.py","logger":"airflow.models.dagbag.DagBag"}
{"timestamp":"2025-06-12T10:19:20.135969Z","level":"info","event":"Task instance is in running state","chan":"stdout","logger":"task"}
{"timestamp":"2025-06-12T10:19:20.139830Z","level":"info","event":" Previous state of the Task instance: TaskInstanceState.QUEUED","chan":"stdout","logger":"task"}
{"timestamp":"2025-06-12T10:19:20.140171Z","level":"info","event":"Current task name:wait_for_postgres_dag","chan":"stdout","logger":"task"}
{"timestamp":"2025-06-12T10:19:20.140285Z","level":"info","event":"Dag name:dag_banking_data_generation_v3","chan":"stdout","logger":"task"}
{"timestamp":"2025-06-12T10:19:20.137060","level":"info","event":"Poking for DAG 'dag_load_data_into_postgres_v1' on 2025-06-12T10:10:10.748848+00:00 ... ","logger":"airflow.task.operators.airflow.providers.standard.sensors.external_task.ExternalTaskSensor"}
{"timestamp":"2025-06-12T10:19:20.169048","level":"info","event":"Rescheduling task, marking task as UP_FOR_RESCHEDULE","logger":"task"}
{"timestamp":"2025-06-12T10:19:52.155718","level":"info","event":"DAG bundles loaded: dags-folder, example_dags","logger":"airflow.dag_processing.bundles.manager.DagBundlesManager"}
{"timestamp":"2025-06-12T10:19:52.158594","level":"info","event":"Filling up the DagBag from /opt/airflow/dags/banking_airflow_pipeline/dag_data_generation.py","logger":"airflow.models.dagbag.DagBag"}
{"timestamp":"2025-06-12T10:19:52.843247Z","level":"info","event":"Task instance is in running state","chan":"stdout","logger":"task"}
{"timestamp":"2025-06-12T10:19:52.843529Z","level":"info","event":" Previous state of the Task instance: TaskInstanceState.QUEUED","chan":"stdout","logger":"task"}
{"timestamp":"2025-06-12T10:19:52.843705Z","level":"info","event":"Current task name:wait_for_postgres_dag","chan":"stdout","logger":"task"}
{"timestamp":"2025-06-12T10:19:52.844167Z","level":"info","event":"Dag name:dag_banking_data_generation_v3","chan":"stdout","logger":"task"}
{"timestamp":"2025-06-12T10:19:52.843522","level":"info","event":"Poking for DAG 'dag_load_data_into_postgres_v1' on 2025-06-12T10:10:10.748848+00:00 ... ","logger":"airflow.task.operators.airflow.providers.standard.sensors.external_task.ExternalTaskSensor"}
{"timestamp":"2025-06-12T10:19:52.855985","level":"info","event":"Rescheduling task, marking task as UP_FOR_RESCHEDULE","logger":"task"}
{"timestamp":"2025-06-12T10:20:23.822335","level":"info","event":"DAG bundles loaded: dags-folder, example_dags","logger":"airflow.dag_processing.bundles.manager.DagBundlesManager"}
{"timestamp":"2025-06-12T10:20:23.823040","level":"info","event":"Filling up the DagBag from /opt/airflow/dags/banking_airflow_pipeline/dag_data_generation.py","logger":"airflow.models.dagbag.DagBag"}
{"timestamp":"2025-06-12T10:20:24.324740Z","level":"info","event":"Task instance is in running state","chan":"stdout","logger":"task"}
{"timestamp":"2025-06-12T10:20:24.324956Z","level":"info","event":" Previous state of the Task instance: TaskInstanceState.QUEUED","chan":"stdout","logger":"task"}
{"timestamp":"2025-06-12T10:20:24.325024Z","level":"info","event":"Current task name:wait_for_postgres_dag","chan":"stdout","logger":"task"}
{"timestamp":"2025-06-12T10:20:24.325075Z","level":"info","event":"Dag name:dag_banking_data_generation_v3","chan":"stdout","logger":"task"}
{"timestamp":"2025-06-12T10:20:24.325806","level":"info","event":"Poking for DAG 'dag_load_data_into_postgres_v1' on 2025-06-12T10:10:10.748848+00:00 ... ","logger":"airflow.task.operators.airflow.providers.standard.sensors.external_task.ExternalTaskSensor"}
{"timestamp":"2025-06-12T10:20:24.337952","level":"info","event":"Rescheduling task, marking task as UP_FOR_RESCHEDULE","logger":"task"}
{"timestamp":"2025-06-12T10:20:55.168932","level":"info","event":"DAG bundles loaded: dags-folder, example_dags","logger":"airflow.dag_processing.bundles.manager.DagBundlesManager"}
{"timestamp":"2025-06-12T10:20:55.176207","level":"info","event":"Filling up the DagBag from /opt/airflow/dags/banking_airflow_pipeline/dag_data_generation.py","logger":"airflow.models.dagbag.DagBag"}
{"timestamp":"2025-06-12T10:20:55.356586Z","level":"info","event":"Task instance is in running state","chan":"stdout","logger":"task"}
{"timestamp":"2025-06-12T10:20:55.357516Z","level":"info","event":" Previous state of the Task instance: TaskInstanceState.QUEUED","chan":"stdout","logger":"task"}
{"timestamp":"2025-06-12T10:20:55.357810Z","level":"info","event":"Current task name:wait_for_postgres_dag","chan":"stdout","logger":"task"}
{"timestamp":"2025-06-12T10:20:55.357999Z","level":"info","event":"Dag name:dag_banking_data_generation_v3","chan":"stdout","logger":"task"}
{"timestamp":"2025-06-12T10:20:55.357224","level":"info","event":"Poking for DAG 'dag_load_data_into_postgres_v1' on 2025-06-12T10:10:10.748848+00:00 ... ","logger":"airflow.task.operators.airflow.providers.standard.sensors.external_task.ExternalTaskSensor"}
{"timestamp":"2025-06-12T10:20:55.367052","level":"error","event":"Task failed with exception","logger":"task","error_detail":[{"exc_type":"AirflowSensorTimeout","exc_value":"Sensor has timed out; run duration of 610.181237 seconds exceeds the specified timeout of 600.0.","exc_notes":[],"syntax_error":null,"is_cause":false,"frames":[{"filename":"/home/airflow/.local/lib/python3.12/site-packages/airflow/sdk/execution_time/task_runner.py","lineno":838,"name":"run"},{"filename":"/home/airflow/.local/lib/python3.12/site-packages/airflow/sdk/execution_time/task_runner.py","lineno":1130,"name":"_execute_task"},{"filename":"/home/airflow/.local/lib/python3.12/site-packages/airflow/sdk/bases/operator.py","lineno":408,"name":"wrapper"},{"filename":"/home/airflow/.local/lib/python3.12/site-packages/airflow/providers/standard/sensors/external_task.py","lineno":418,"name":"execute"},{"filename":"/home/airflow/.local/lib/python3.12/site-packages/airflow/sdk/bases/operator.py","lineno":408,"name":"wrapper"},{"filename":"/home/airflow/.local/lib/python3.12/site-packages/airflow/sdk/bases/sensor.py","lineno":243,"name":"execute"}]}]}
{"timestamp":"2025-06-12T10:20:55.413241Z","level":"info","event":"Task instance in failure state","chan":"stdout","logger":"task"}
{"timestamp":"2025-06-12T10:20:55.413601Z","level":"info","event":"Task start","chan":"stdout","logger":"task"}
{"timestamp":"2025-06-12T10:20:55.413829Z","level":"info","event":"Task:<Task(ExternalTaskSensor): wait_for_postgres_dag>","chan":"stdout","logger":"task"}
{"timestamp":"2025-06-12T10:20:55.414007Z","level":"info","event":"Failure caused by Sensor has timed out; run duration of 610.181237 seconds exceeds the specified timeout of 600.0.","chan":"stdout","logger":"task"}
{"timestamp":"2025-06-12T10:20:55.414291Z","level":"warning","event":"Process exited abnormally","exit_code":1,"logger":"task"}
{"timestamp":"2025-06-12T10:20:55.375815","level":"error","event":"Top level error","logger":"task","error_detail":[{"exc_type":"UndefinedError","exc_value":"'airflow.sdk.execution_time.task_runner.RuntimeTaskInstance object' has no attribute 'log_url'","exc_notes":[],"syntax_error":null,"is_cause":false,"frames":[{"filename":"/home/airflow/.local/lib/python3.12/site-packages/airflow/sdk/execution_time/task_runner.py","lineno":1268,"name":"main"},{"filename":"/home/airflow/.local/lib/python3.12/site-packages/airflow/sdk/execution_time/task_runner.py","lineno":1248,"name":"finalize"},{"filename":"/home/airflow/.local/lib/python3.12/site-packages/airflow/sdk/execution_time/task_runner.py","lineno":1076,"name":"_send_task_error_email"},{"filename":"/home/airflow/.local/lib/python3.12/site-packages/airflow/models/taskinstance.py","lineno":473,"name":"_get_email_subject_content"},{"filename":"/home/airflow/.local/lib/python3.12/site-packages/airflow/models/taskinstance.py","lineno":470,"name":"render"},{"filename":"/home/airflow/.local/lib/python3.12/site-packages/airflow/utils/helpers.py","lineno":244,"name":"render_template_to_string"},{"filename":"/home/airflow/.local/lib/python3.12/site-packages/airflow/utils/helpers.py","lineno":239,"name":"render_template"},{"filename":"<template>","lineno":22,"name":"root"},{"filename":"/home/airflow/.local/lib/python3.12/site-packages/jinja2/runtime.py","lineno":859,"name":"_fail_with_undefined_error"}]}]}
