{"timestamp":"2025-06-11T05:55:27.739912","level":"info","event":"DAG bundles loaded: dags-folder, example_dags","logger":"airflow.dag_processing.bundles.manager.DagBundlesManager"}
{"timestamp":"2025-06-11T05:55:27.740634","level":"info","event":"Filling up the DagBag from /opt/airflow/dags/banking_airflow_pipeline/dag_ingest_data_from_sftp.py","logger":"airflow.models.dagbag.DagBag"}
{"timestamp":"2025-06-11T05:55:27.819703Z","level":"info","event":"Task instance is in running state","chan":"stdout","logger":"task"}
{"timestamp":"2025-06-11T05:55:27.819904Z","level":"info","event":" Previous state of the Task instance: TaskInstanceState.QUEUED","chan":"stdout","logger":"task"}
{"timestamp":"2025-06-11T05:55:27.819971Z","level":"info","event":"Current task name:load_customer_data_from_sftp","chan":"stdout","logger":"task"}
{"timestamp":"2025-06-11T05:55:27.820019Z","level":"info","event":"Dag name:load_data_into_postgres","chan":"stdout","logger":"task"}
{"timestamp":"2025-06-11T05:55:27.783376","level":"info","event":"Connecting to PostgreSQL database...","logger":"root"}
{"timestamp":"2025-06-11T05:55:27.814653","level":"info","event":"Connection established successfully.","logger":"root"}
{"timestamp":"2025-06-11T05:55:27.817673","level":"info","event":"Reading CSV files from local path: /opt/airflow/sftp_data/","logger":"root"}
{"timestamp":"2025-06-11T05:55:27.915702","level":"info","event":"Adding metadata to dataframes...","logger":"root"}
{"timestamp":"2025-06-11T05:55:27.918906","level":"info","event":"Loading customer data into PostgreSQL...","logger":"root"}
{"timestamp":"2025-06-11T05:55:28.061929","level":"info","event":"Loading customers data into PostgreSQL...","logger":"root"}
{"timestamp":"2025-06-11T05:55:28.179897","level":"info","event":"Customer data loaded successfully.","logger":"root"}
{"timestamp":"2025-06-11T05:55:28.224327","level":"info","event":"Loading data into PostgreSQL...","logger":"root"}
{"timestamp":"2025-06-11T05:55:28.225215","level":"info","event":"PostgreSQL connection closed.","logger":"root"}
{"timestamp":"2025-06-11T05:55:28.225383","level":"info","event":"Data loading completed successfully.","logger":"root"}
{"timestamp":"2025-06-11T05:55:28.231941","level":"info","event":"Done. Returned value was: Data loaded successfully from local customers csv to PostgreSQL database.","logger":"airflow.task.operators.airflow.providers.standard.operators.python.PythonOperator"}
{"timestamp":"2025-06-11T05:55:28.232861","level":"info","event":"Pushing xcom","ti":"RuntimeTaskInstance(id=UUID('01975d8e-c374-7136-9d9d-c0cd2a800b7f'), task_id='load_customer_data_from_sftp', dag_id='load_data_into_postgres', run_id='scheduled__2025-06-11T05:55:26.439069+00:00', try_number=1, map_index=-1, hostname='70ffd000aa3c', context_carrier={}, task=<Task(PythonOperator): load_customer_data_from_sftp>, bundle_instance=LocalDagBundle(name=dags-folder), max_tries=1, start_date=datetime.datetime(2025, 6, 11, 5, 55, 26, 936632, tzinfo=TzInfo(UTC)), end_date=None, state=<TaskInstanceState.RUNNING: 'running'>, is_mapped=False, rendered_map_index=None)","logger":"task"}
{"timestamp":"2025-06-11T05:55:28.314954Z","level":"info","event":"Task instance in success state","chan":"stdout","logger":"task"}
{"timestamp":"2025-06-11T05:55:28.315593Z","level":"info","event":" Previous state of the Task instance: TaskInstanceState.RUNNING","chan":"stdout","logger":"task"}
{"timestamp":"2025-06-11T05:55:28.315775Z","level":"info","event":"Task operator:<Task(PythonOperator): load_customer_data_from_sftp>","chan":"stdout","logger":"task"}
