{"timestamp":"2025-06-13T01:40:23.295491","level":"info","event":"DAG bundles loaded: dags-folder, example_dags","logger":"airflow.dag_processing.bundles.manager.DagBundlesManager"}
{"timestamp":"2025-06-13T01:40:23.296138","level":"info","event":"Filling up the DagBag from /opt/airflow/dags/banking_airflow_pipeline/dag_ingesting_banking_data_into_PostgreSQL.py","logger":"airflow.models.dagbag.DagBag"}
{"timestamp":"2025-06-13T01:40:23.381403Z","level":"info","event":"Task instance is in running state","chan":"stdout","logger":"task"}
{"timestamp":"2025-06-13T01:40:23.383847Z","level":"info","event":" Previous state of the Task instance: TaskInstanceState.QUEUED","chan":"stdout","logger":"task"}
{"timestamp":"2025-06-13T01:40:23.384182Z","level":"info","event":"Current task name:load_transactions_data","chan":"stdout","logger":"task"}
{"timestamp":"2025-06-13T01:40:23.384253Z","level":"info","event":"Dag name:dag_load_data_into_postgres_v6","chan":"stdout","logger":"task"}
{"timestamp":"2025-06-13T01:40:23.355614","level":"info","event":"Connecting to PostgreSQL database...","logger":"root"}
{"timestamp":"2025-06-13T01:40:23.373704","level":"info","event":"Connection established successfully.","logger":"root"}
{"timestamp":"2025-06-13T01:40:23.376337","level":"info","event":"Reading CSV files from local path: /opt/airflow/dags/banking_airflow_pipeline/data/run_20250613_013941","logger":"root"}
{"timestamp":"2025-06-13T01:40:23.413806","level":"info","event":"Adding metadata to dataframes...","logger":"root"}
{"timestamp":"2025-06-13T01:40:23.415605","level":"info","event":"Loading transactions data into PostgreSQL...","logger":"root"}
{"timestamp":"2025-06-13T01:40:23.595256","level":"error","event":"Task failed with exception","logger":"task","error_detail":[{"exc_type":"ForeignKeyViolation","exc_value":"insert or update on table \"transactions\" violates foreign key constraint \"transactions_account_id_fkey\"\nDETAIL:  Key (account_id)=(4462488) is not present in table \"accounts\".\n","exc_notes":[],"syntax_error":null,"is_cause":false,"frames":[{"filename":"/home/airflow/.local/lib/python3.12/site-packages/airflow/sdk/execution_time/task_runner.py","lineno":838,"name":"run"},{"filename":"/home/airflow/.local/lib/python3.12/site-packages/airflow/sdk/execution_time/task_runner.py","lineno":1130,"name":"_execute_task"},{"filename":"/home/airflow/.local/lib/python3.12/site-packages/airflow/sdk/bases/operator.py","lineno":408,"name":"wrapper"},{"filename":"/home/airflow/.local/lib/python3.12/site-packages/airflow/sdk/bases/decorator.py","lineno":251,"name":"execute"},{"filename":"/home/airflow/.local/lib/python3.12/site-packages/airflow/sdk/bases/operator.py","lineno":408,"name":"wrapper"},{"filename":"/home/airflow/.local/lib/python3.12/site-packages/airflow/providers/standard/operators/python.py","lineno":212,"name":"execute"},{"filename":"/home/airflow/.local/lib/python3.12/site-packages/airflow/providers/standard/operators/python.py","lineno":235,"name":"execute_callable"},{"filename":"/home/airflow/.local/lib/python3.12/site-packages/airflow/sdk/execution_time/callback_runner.py","lineno":81,"name":"run"},{"filename":"/opt/airflow/dags/banking_airflow_pipeline/dag_ingesting_banking_data_into_PostgreSQL.py","lineno":54,"name":"load_transactions_data"},{"filename":"/opt/airflow/dags/banking_airflow_pipeline/load_data_from_2Source_into_pg.py","lineno":119,"name":"load_transaction_data_into_pg"}]}]}
{"timestamp":"2025-06-13T01:40:23.596606Z","level":"info","event":"Task instance in failure state","chan":"stdout","logger":"task"}
{"timestamp":"2025-06-13T01:40:23.597488Z","level":"info","event":"Task start","chan":"stdout","logger":"task"}
{"timestamp":"2025-06-13T01:40:23.597652Z","level":"info","event":"Task:<Task(_PythonDecoratedOperator): load_transactions_data>","chan":"stdout","logger":"task"}
{"timestamp":"2025-06-13T01:40:23.597714Z","level":"info","event":"Failure caused by insert or update on table \"transactions\" violates foreign key constraint \"transactions_account_id_fkey\"","chan":"stdout","logger":"task"}
{"timestamp":"2025-06-13T01:40:23.597804Z","level":"info","event":"DETAIL:  Key (account_id)=(4462488) is not present in table \"accounts\".","chan":"stdout","logger":"task"}
{"timestamp":"2025-06-13T01:40:23.597857Z","level":"info","event":"","chan":"stdout","logger":"task"}
{"timestamp":"2025-06-13T01:40:23.606055","level":"error","event":"Top level error","logger":"task","error_detail":[{"exc_type":"UndefinedError","exc_value":"'airflow.sdk.execution_time.task_runner.RuntimeTaskInstance object' has no attribute 'log_url'","exc_notes":[],"syntax_error":null,"is_cause":false,"frames":[{"filename":"/home/airflow/.local/lib/python3.12/site-packages/airflow/sdk/execution_time/task_runner.py","lineno":1268,"name":"main"},{"filename":"/home/airflow/.local/lib/python3.12/site-packages/airflow/sdk/execution_time/task_runner.py","lineno":1248,"name":"finalize"},{"filename":"/home/airflow/.local/lib/python3.12/site-packages/airflow/sdk/execution_time/task_runner.py","lineno":1076,"name":"_send_task_error_email"},{"filename":"/home/airflow/.local/lib/python3.12/site-packages/airflow/models/taskinstance.py","lineno":473,"name":"_get_email_subject_content"},{"filename":"/home/airflow/.local/lib/python3.12/site-packages/airflow/models/taskinstance.py","lineno":470,"name":"render"},{"filename":"/home/airflow/.local/lib/python3.12/site-packages/airflow/utils/helpers.py","lineno":244,"name":"render_template_to_string"},{"filename":"/home/airflow/.local/lib/python3.12/site-packages/airflow/utils/helpers.py","lineno":239,"name":"render_template"},{"filename":"<template>","lineno":22,"name":"root"},{"filename":"/home/airflow/.local/lib/python3.12/site-packages/jinja2/runtime.py","lineno":859,"name":"_fail_with_undefined_error"}]}]}
{"timestamp":"2025-06-13T01:40:23.622865Z","level":"warning","event":"Process exited abnormally","exit_code":1,"logger":"task"}
