{"timestamp":"2025-06-13T08:50:09.993466","level":"info","event":"DAG bundles loaded: dags-folder, example_dags","logger":"airflow.dag_processing.bundles.manager.DagBundlesManager"}
{"timestamp":"2025-06-13T08:50:09.993987","level":"info","event":"Filling up the DagBag from /opt/airflow/dags/banking_airflow_pipeline/dag_ingesting_banking_data_into_PostgreSQL.py","logger":"airflow.models.dagbag.DagBag"}
{"timestamp":"2025-06-13T08:50:10.049276Z","level":"info","event":"Task instance is in running state","chan":"stdout","logger":"task"}
{"timestamp":"2025-06-13T08:50:10.049552Z","level":"info","event":" Previous state of the Task instance: TaskInstanceState.QUEUED","chan":"stdout","logger":"task"}
{"timestamp":"2025-06-13T08:50:10.049733Z","level":"info","event":"Current task name:load_credit_cards_data","chan":"stdout","logger":"task"}
{"timestamp":"2025-06-13T08:50:10.049914Z","level":"info","event":"Dag name:dag_load_data_into_postgres_v9","chan":"stdout","logger":"task"}
{"timestamp":"2025-06-13T08:50:10.025380","level":"info","event":"Connecting to PostgreSQL database...","logger":"root"}
{"timestamp":"2025-06-13T08:50:10.034988","level":"info","event":"Connection established successfully.","logger":"root"}
{"timestamp":"2025-06-13T08:50:10.035322","level":"info","event":"Reading CSV files from local path: /opt/airflow/dags/banking_airflow_pipeline/data/run_20250613_084937","logger":"root"}
{"timestamp":"2025-06-13T08:50:10.042059","level":"info","event":"Adding metadata to dataframes...","logger":"root"}
{"timestamp":"2025-06-13T08:50:10.043281","level":"info","event":"Loading accounts data into PostgreSQL...","logger":"root"}
{"timestamp":"2025-06-13T08:50:10.054867","level":"info","event":"Loading credit cards data into PostgreSQL...","logger":"root"}
{"timestamp":"2025-06-13T08:50:10.071696","level":"info","event":"Credit cards data loaded successfully.","logger":"root"}
{"timestamp":"2025-06-13T08:50:10.094446","level":"info","event":"Loading data into PostgreSQL...","logger":"root"}
{"timestamp":"2025-06-13T08:50:10.094661","level":"info","event":"PostgreSQL connection closed.","logger":"root"}
{"timestamp":"2025-06-13T08:50:10.094736","level":"info","event":"Data loading completed successfully.","logger":"root"}
{"timestamp":"2025-06-13T08:50:10.094933","level":"info","event":"Done. Returned value was: None","logger":"airflow.task.operators.airflow.providers.standard.decorators.python._PythonDecoratedOperator"}
{"timestamp":"2025-06-13T08:50:10.131784Z","level":"info","event":"Task instance in success state","chan":"stdout","logger":"task"}
{"timestamp":"2025-06-13T08:50:10.131951Z","level":"info","event":" Previous state of the Task instance: TaskInstanceState.RUNNING","chan":"stdout","logger":"task"}
{"timestamp":"2025-06-13T08:50:10.132011Z","level":"info","event":"Task operator:<Task(_PythonDecoratedOperator): load_credit_cards_data>","chan":"stdout","logger":"task"}
