{"timestamp":"2025-06-12T06:03:31.384056","level":"info","event":"DAG bundles loaded: dags-folder, example_dags","logger":"airflow.dag_processing.bundles.manager.DagBundlesManager"}
{"timestamp":"2025-06-12T06:03:31.387230","level":"info","event":"Filling up the DagBag from /opt/airflow/dags/banking_airflow_pipeline/dag_ingest_log_data_into_mongodb.py","logger":"airflow.models.dagbag.DagBag"}
{"timestamp":"2025-06-12T06:03:31.622708Z","level":"info","event":"Task instance is in running state","chan":"stdout","logger":"task"}
{"timestamp":"2025-06-12T06:03:31.622896Z","level":"info","event":" Previous state of the Task instance: TaskInstanceState.QUEUED","chan":"stdout","logger":"task"}
{"timestamp":"2025-06-12T06:03:31.622961Z","level":"info","event":"Current task name:wait_for_data_generation","chan":"stdout","logger":"task"}
{"timestamp":"2025-06-12T06:03:31.623011Z","level":"info","event":"Dag name:dag_load_data_into_mongodb","chan":"stdout","logger":"task"}
{"timestamp":"2025-06-12T06:03:31.546843","level":"info","event":"Poking for DAG 'dag_banking_data_generation' on 2025-06-12T06:03:28.589292+00:00 ... ","logger":"airflow.task.operators.airflow.providers.standard.sensors.external_task.ExternalTaskSensor"}
{"timestamp":"2025-06-12T06:03:31.625412","level":"info","event":"Rescheduling task, marking task as UP_FOR_RESCHEDULE","logger":"task"}
{"timestamp":"2025-06-12T06:04:04.212652","level":"info","event":"DAG bundles loaded: dags-folder, example_dags","logger":"airflow.dag_processing.bundles.manager.DagBundlesManager"}
{"timestamp":"2025-06-12T06:04:04.213364","level":"info","event":"Filling up the DagBag from /opt/airflow/dags/banking_airflow_pipeline/dag_ingest_log_data_into_mongodb.py","logger":"airflow.models.dagbag.DagBag"}
{"timestamp":"2025-06-12T06:04:04.614633Z","level":"info","event":"Task instance is in running state","chan":"stdout","logger":"task"}
{"timestamp":"2025-06-12T06:04:04.614817Z","level":"info","event":" Previous state of the Task instance: TaskInstanceState.QUEUED","chan":"stdout","logger":"task"}
{"timestamp":"2025-06-12T06:04:04.614886Z","level":"info","event":"Current task name:wait_for_data_generation","chan":"stdout","logger":"task"}
{"timestamp":"2025-06-12T06:04:04.614955Z","level":"info","event":"Dag name:dag_load_data_into_mongodb","chan":"stdout","logger":"task"}
{"timestamp":"2025-06-12T06:04:04.618301","level":"info","event":"Poking for DAG 'dag_banking_data_generation' on 2025-06-12T06:03:28.589292+00:00 ... ","logger":"airflow.task.operators.airflow.providers.standard.sensors.external_task.ExternalTaskSensor"}
{"timestamp":"2025-06-12T06:04:04.643732","level":"info","event":"Rescheduling task, marking task as UP_FOR_RESCHEDULE","logger":"task"}
{"timestamp":"2025-06-12T06:04:36.283232","level":"info","event":"DAG bundles loaded: dags-folder, example_dags","logger":"airflow.dag_processing.bundles.manager.DagBundlesManager"}
{"timestamp":"2025-06-12T06:04:36.284377","level":"info","event":"Filling up the DagBag from /opt/airflow/dags/banking_airflow_pipeline/dag_ingest_log_data_into_mongodb.py","logger":"airflow.models.dagbag.DagBag"}
{"timestamp":"2025-06-12T06:04:36.733857Z","level":"info","event":"Task instance is in running state","chan":"stdout","logger":"task"}
{"timestamp":"2025-06-12T06:04:36.734000Z","level":"info","event":" Previous state of the Task instance: TaskInstanceState.QUEUED","chan":"stdout","logger":"task"}
{"timestamp":"2025-06-12T06:04:36.734055Z","level":"info","event":"Current task name:wait_for_data_generation","chan":"stdout","logger":"task"}
{"timestamp":"2025-06-12T06:04:36.734106Z","level":"info","event":"Dag name:dag_load_data_into_mongodb","chan":"stdout","logger":"task"}
{"timestamp":"2025-06-12T06:04:36.736078","level":"info","event":"Poking for DAG 'dag_banking_data_generation' on 2025-06-12T06:03:28.589292+00:00 ... ","logger":"airflow.task.operators.airflow.providers.standard.sensors.external_task.ExternalTaskSensor"}
{"timestamp":"2025-06-12T06:04:36.765107","level":"info","event":"Rescheduling task, marking task as UP_FOR_RESCHEDULE","logger":"task"}
{"timestamp":"2025-06-12T06:05:08.222020","level":"info","event":"DAG bundles loaded: dags-folder, example_dags","logger":"airflow.dag_processing.bundles.manager.DagBundlesManager"}
{"timestamp":"2025-06-12T06:05:08.225006","level":"info","event":"Filling up the DagBag from /opt/airflow/dags/banking_airflow_pipeline/dag_ingest_log_data_into_mongodb.py","logger":"airflow.models.dagbag.DagBag"}
{"timestamp":"2025-06-12T06:05:08.897405Z","level":"info","event":"Task instance is in running state","chan":"stdout","logger":"task"}
{"timestamp":"2025-06-12T06:05:08.897641Z","level":"info","event":" Previous state of the Task instance: TaskInstanceState.QUEUED","chan":"stdout","logger":"task"}
{"timestamp":"2025-06-12T06:05:08.898328Z","level":"info","event":"Current task name:wait_for_data_generation","chan":"stdout","logger":"task"}
{"timestamp":"2025-06-12T06:05:08.898507Z","level":"info","event":"Dag name:dag_load_data_into_mongodb","chan":"stdout","logger":"task"}
{"timestamp":"2025-06-12T06:05:08.897665","level":"info","event":"Poking for DAG 'dag_banking_data_generation' on 2025-06-12T06:03:28.589292+00:00 ... ","logger":"airflow.task.operators.airflow.providers.standard.sensors.external_task.ExternalTaskSensor"}
{"timestamp":"2025-06-12T06:05:08.921337","level":"info","event":"Rescheduling task, marking task as UP_FOR_RESCHEDULE","logger":"task"}
{"timestamp":"2025-06-12T06:05:41.240599","level":"info","event":"DAG bundles loaded: dags-folder, example_dags","logger":"airflow.dag_processing.bundles.manager.DagBundlesManager"}
{"timestamp":"2025-06-12T06:05:41.241369","level":"info","event":"Filling up the DagBag from /opt/airflow/dags/banking_airflow_pipeline/dag_ingest_log_data_into_mongodb.py","logger":"airflow.models.dagbag.DagBag"}
{"timestamp":"2025-06-12T06:05:41.575431Z","level":"info","event":"Task instance is in running state","chan":"stdout","logger":"task"}
{"timestamp":"2025-06-12T06:05:41.575580Z","level":"info","event":" Previous state of the Task instance: TaskInstanceState.QUEUED","chan":"stdout","logger":"task"}
{"timestamp":"2025-06-12T06:05:41.575634Z","level":"info","event":"Current task name:wait_for_data_generation","chan":"stdout","logger":"task"}
{"timestamp":"2025-06-12T06:05:41.575670Z","level":"info","event":"Dag name:dag_load_data_into_mongodb","chan":"stdout","logger":"task"}
{"timestamp":"2025-06-12T06:05:41.576046","level":"info","event":"Poking for DAG 'dag_banking_data_generation' on 2025-06-12T06:03:28.589292+00:00 ... ","logger":"airflow.task.operators.airflow.providers.standard.sensors.external_task.ExternalTaskSensor"}
{"timestamp":"2025-06-12T06:05:41.584388","level":"info","event":"Rescheduling task, marking task as UP_FOR_RESCHEDULE","logger":"task"}
{"timestamp":"2025-06-12T06:06:12.953025","level":"info","event":"DAG bundles loaded: dags-folder, example_dags","logger":"airflow.dag_processing.bundles.manager.DagBundlesManager"}
{"timestamp":"2025-06-12T06:06:12.953701","level":"info","event":"Filling up the DagBag from /opt/airflow/dags/banking_airflow_pipeline/dag_ingest_log_data_into_mongodb.py","logger":"airflow.models.dagbag.DagBag"}
{"timestamp":"2025-06-12T06:06:13.168081Z","level":"info","event":"Task instance is in running state","chan":"stdout","logger":"task"}
{"timestamp":"2025-06-12T06:06:13.168241Z","level":"info","event":" Previous state of the Task instance: TaskInstanceState.QUEUED","chan":"stdout","logger":"task"}
{"timestamp":"2025-06-12T06:06:13.168314Z","level":"info","event":"Current task name:wait_for_data_generation","chan":"stdout","logger":"task"}
{"timestamp":"2025-06-12T06:06:13.168358Z","level":"info","event":"Dag name:dag_load_data_into_mongodb","chan":"stdout","logger":"task"}
{"timestamp":"2025-06-12T06:06:13.168746","level":"info","event":"Poking for DAG 'dag_banking_data_generation' on 2025-06-12T06:03:28.589292+00:00 ... ","logger":"airflow.task.operators.airflow.providers.standard.sensors.external_task.ExternalTaskSensor"}
{"timestamp":"2025-06-12T06:06:13.182714","level":"info","event":"Rescheduling task, marking task as UP_FOR_RESCHEDULE","logger":"task"}
{"timestamp":"2025-06-12T06:06:44.571919","level":"info","event":"DAG bundles loaded: dags-folder, example_dags","logger":"airflow.dag_processing.bundles.manager.DagBundlesManager"}
{"timestamp":"2025-06-12T06:06:44.572641","level":"info","event":"Filling up the DagBag from /opt/airflow/dags/banking_airflow_pipeline/dag_ingest_log_data_into_mongodb.py","logger":"airflow.models.dagbag.DagBag"}
{"timestamp":"2025-06-12T06:06:44.766346Z","level":"info","event":"Task instance is in running state","chan":"stdout","logger":"task"}
{"timestamp":"2025-06-12T06:06:44.766569Z","level":"info","event":" Previous state of the Task instance: TaskInstanceState.QUEUED","chan":"stdout","logger":"task"}
{"timestamp":"2025-06-12T06:06:44.766693Z","level":"info","event":"Current task name:wait_for_data_generation","chan":"stdout","logger":"task"}
{"timestamp":"2025-06-12T06:06:44.766810Z","level":"info","event":"Dag name:dag_load_data_into_mongodb","chan":"stdout","logger":"task"}
{"timestamp":"2025-06-12T06:06:44.765977","level":"info","event":"Poking for DAG 'dag_banking_data_generation' on 2025-06-12T06:03:28.589292+00:00 ... ","logger":"airflow.task.operators.airflow.providers.standard.sensors.external_task.ExternalTaskSensor"}
{"timestamp":"2025-06-12T06:06:44.780301","level":"info","event":"Rescheduling task, marking task as UP_FOR_RESCHEDULE","logger":"task"}
{"timestamp":"2025-06-12T06:07:17.063196","level":"info","event":"DAG bundles loaded: dags-folder, example_dags","logger":"airflow.dag_processing.bundles.manager.DagBundlesManager"}
{"timestamp":"2025-06-12T06:07:17.064503","level":"info","event":"Filling up the DagBag from /opt/airflow/dags/banking_airflow_pipeline/dag_ingest_log_data_into_mongodb.py","logger":"airflow.models.dagbag.DagBag"}
{"timestamp":"2025-06-12T06:07:17.308281Z","level":"info","event":"Task instance is in running state","chan":"stdout","logger":"task"}
{"timestamp":"2025-06-12T06:07:17.308457Z","level":"info","event":" Previous state of the Task instance: TaskInstanceState.QUEUED","chan":"stdout","logger":"task"}
{"timestamp":"2025-06-12T06:07:17.308525Z","level":"info","event":"Current task name:wait_for_data_generation","chan":"stdout","logger":"task"}
{"timestamp":"2025-06-12T06:07:17.308579Z","level":"info","event":"Dag name:dag_load_data_into_mongodb","chan":"stdout","logger":"task"}
{"timestamp":"2025-06-12T06:07:17.310728","level":"info","event":"Poking for DAG 'dag_banking_data_generation' on 2025-06-12T06:03:28.589292+00:00 ... ","logger":"airflow.task.operators.airflow.providers.standard.sensors.external_task.ExternalTaskSensor"}
{"timestamp":"2025-06-12T06:07:17.324155","level":"info","event":"Rescheduling task, marking task as UP_FOR_RESCHEDULE","logger":"task"}
{"timestamp":"2025-06-12T06:07:48.627094","level":"info","event":"DAG bundles loaded: dags-folder, example_dags","logger":"airflow.dag_processing.bundles.manager.DagBundlesManager"}
{"timestamp":"2025-06-12T06:07:48.628174","level":"info","event":"Filling up the DagBag from /opt/airflow/dags/banking_airflow_pipeline/dag_ingest_log_data_into_mongodb.py","logger":"airflow.models.dagbag.DagBag"}
{"timestamp":"2025-06-12T06:07:48.805523Z","level":"info","event":"Task instance is in running state","chan":"stdout","logger":"task"}
{"timestamp":"2025-06-12T06:07:48.805668Z","level":"info","event":" Previous state of the Task instance: TaskInstanceState.QUEUED","chan":"stdout","logger":"task"}
{"timestamp":"2025-06-12T06:07:48.805725Z","level":"info","event":"Current task name:wait_for_data_generation","chan":"stdout","logger":"task"}
{"timestamp":"2025-06-12T06:07:48.805804Z","level":"info","event":"Dag name:dag_load_data_into_mongodb","chan":"stdout","logger":"task"}
{"timestamp":"2025-06-12T06:07:48.805961","level":"info","event":"Poking for DAG 'dag_banking_data_generation' on 2025-06-12T06:03:28.589292+00:00 ... ","logger":"airflow.task.operators.airflow.providers.standard.sensors.external_task.ExternalTaskSensor"}
{"timestamp":"2025-06-12T06:07:48.814462","level":"info","event":"Rescheduling task, marking task as UP_FOR_RESCHEDULE","logger":"task"}
{"timestamp":"2025-06-12T06:08:20.773844","level":"info","event":"DAG bundles loaded: dags-folder, example_dags","logger":"airflow.dag_processing.bundles.manager.DagBundlesManager"}
{"timestamp":"2025-06-12T06:08:20.774837","level":"info","event":"Filling up the DagBag from /opt/airflow/dags/banking_airflow_pipeline/dag_ingest_log_data_into_mongodb.py","logger":"airflow.models.dagbag.DagBag"}
{"timestamp":"2025-06-12T06:08:21.012089Z","level":"info","event":"Task instance is in running state","chan":"stdout","logger":"task"}
{"timestamp":"2025-06-12T06:08:21.012248Z","level":"info","event":" Previous state of the Task instance: TaskInstanceState.QUEUED","chan":"stdout","logger":"task"}
{"timestamp":"2025-06-12T06:08:21.012306Z","level":"info","event":"Current task name:wait_for_data_generation","chan":"stdout","logger":"task"}
{"timestamp":"2025-06-12T06:08:21.012356Z","level":"info","event":"Dag name:dag_load_data_into_mongodb","chan":"stdout","logger":"task"}
{"timestamp":"2025-06-12T06:08:21.012419","level":"info","event":"Poking for DAG 'dag_banking_data_generation' on 2025-06-12T06:03:28.589292+00:00 ... ","logger":"airflow.task.operators.airflow.providers.standard.sensors.external_task.ExternalTaskSensor"}
{"timestamp":"2025-06-12T06:08:21.026412","level":"info","event":"Rescheduling task, marking task as UP_FOR_RESCHEDULE","logger":"task"}
{"timestamp":"2025-06-12T06:08:53.378891","level":"info","event":"DAG bundles loaded: dags-folder, example_dags","logger":"airflow.dag_processing.bundles.manager.DagBundlesManager"}
{"timestamp":"2025-06-12T06:08:53.382978","level":"info","event":"Filling up the DagBag from /opt/airflow/dags/banking_airflow_pipeline/dag_ingest_log_data_into_mongodb.py","logger":"airflow.models.dagbag.DagBag"}
{"timestamp":"2025-06-12T06:08:53.752716Z","level":"info","event":"Task instance is in running state","chan":"stdout","logger":"task"}
{"timestamp":"2025-06-12T06:08:53.752884Z","level":"info","event":" Previous state of the Task instance: TaskInstanceState.QUEUED","chan":"stdout","logger":"task"}
{"timestamp":"2025-06-12T06:08:53.752967Z","level":"info","event":"Current task name:wait_for_data_generation","chan":"stdout","logger":"task"}
{"timestamp":"2025-06-12T06:08:53.753014Z","level":"info","event":"Dag name:dag_load_data_into_mongodb","chan":"stdout","logger":"task"}
{"timestamp":"2025-06-12T06:08:53.753372","level":"info","event":"Poking for DAG 'dag_banking_data_generation' on 2025-06-12T06:03:28.589292+00:00 ... ","logger":"airflow.task.operators.airflow.providers.standard.sensors.external_task.ExternalTaskSensor"}
{"timestamp":"2025-06-12T06:08:53.761456","level":"error","event":"Task failed with exception","logger":"task","error_detail":[{"exc_type":"AirflowSensorTimeout","exc_value":"Sensor has timed out; run duration of 322.118694 seconds exceeds the specified timeout of 300.0.","exc_notes":[],"syntax_error":null,"is_cause":false,"frames":[{"filename":"/home/airflow/.local/lib/python3.12/site-packages/airflow/sdk/execution_time/task_runner.py","lineno":838,"name":"run"},{"filename":"/home/airflow/.local/lib/python3.12/site-packages/airflow/sdk/execution_time/task_runner.py","lineno":1130,"name":"_execute_task"},{"filename":"/home/airflow/.local/lib/python3.12/site-packages/airflow/sdk/bases/operator.py","lineno":408,"name":"wrapper"},{"filename":"/home/airflow/.local/lib/python3.12/site-packages/airflow/providers/standard/sensors/external_task.py","lineno":418,"name":"execute"},{"filename":"/home/airflow/.local/lib/python3.12/site-packages/airflow/sdk/bases/operator.py","lineno":408,"name":"wrapper"},{"filename":"/home/airflow/.local/lib/python3.12/site-packages/airflow/sdk/bases/sensor.py","lineno":243,"name":"execute"}]}]}
{"timestamp":"2025-06-12T06:08:53.787348Z","level":"info","event":"Task instance in failure state","chan":"stdout","logger":"task"}
{"timestamp":"2025-06-12T06:08:53.787514Z","level":"info","event":"Task start","chan":"stdout","logger":"task"}
{"timestamp":"2025-06-12T06:08:53.787578Z","level":"info","event":"Task:<Task(ExternalTaskSensor): wait_for_data_generation>","chan":"stdout","logger":"task"}
{"timestamp":"2025-06-12T06:08:53.787640Z","level":"info","event":"Failure caused by Sensor has timed out; run duration of 322.118694 seconds exceeds the specified timeout of 300.0.","chan":"stdout","logger":"task"}
