{"timestamp":"2025-06-11T06:22:06.277156","level":"info","event":"DAG bundles loaded: dags-folder, example_dags","logger":"airflow.dag_processing.bundles.manager.DagBundlesManager"}
{"timestamp":"2025-06-11T06:22:06.280036","level":"info","event":"Filling up the DagBag from /opt/airflow/dags/banking_airflow_pipeline/dag_ingest_data_from_sftp.py","logger":"airflow.models.dagbag.DagBag"}
{"timestamp":"2025-06-11T06:22:06.305645","level":"info","event":"Connecting to PostgreSQL database...","logger":"root"}
{"timestamp":"2025-06-11T06:22:06.363210Z","level":"info","event":"Task instance is in running state","chan":"stdout","logger":"task"}
{"timestamp":"2025-06-11T06:22:06.365826Z","level":"info","event":" Previous state of the Task instance: TaskInstanceState.QUEUED","chan":"stdout","logger":"task"}
{"timestamp":"2025-06-11T06:22:06.366358Z","level":"info","event":"Current task name:load_credit_card_transactions_data_from_sftp","chan":"stdout","logger":"task"}
{"timestamp":"2025-06-11T06:22:06.366511Z","level":"info","event":"Dag name:load_data_into_postgres","chan":"stdout","logger":"task"}
{"timestamp":"2025-06-11T06:22:06.321097","level":"info","event":"Connection established successfully.","logger":"root"}
{"timestamp":"2025-06-11T06:22:06.321287","level":"info","event":"Reading CSV files from local path: /opt/airflow/dags/banking_airflow_pipeline/data/","logger":"root"}
{"timestamp":"2025-06-11T06:22:06.370099","level":"info","event":"Adding metadata to dataframes...","logger":"root"}
{"timestamp":"2025-06-11T06:22:06.371712","level":"info","event":"Loading credit card transactions data into PostgreSQL...","logger":"root"}
{"timestamp":"2025-06-11T06:22:06.824613","level":"info","event":"Credit card transactions data loaded successfully.","logger":"root"}
{"timestamp":"2025-06-11T06:22:06.871951","level":"info","event":"Loading data into PostgreSQL...","logger":"root"}
{"timestamp":"2025-06-11T06:22:06.872274","level":"info","event":"PostgreSQL connection closed.","logger":"root"}
{"timestamp":"2025-06-11T06:22:06.872368","level":"info","event":"Data loading completed successfully.","logger":"root"}
{"timestamp":"2025-06-11T06:22:06.874240","level":"info","event":"Done. Returned value was: Data loaded successfully from local credit card transactions csv to PostgreSQL database.","logger":"airflow.task.operators.airflow.providers.standard.operators.python.PythonOperator"}
{"timestamp":"2025-06-11T06:22:06.877828","level":"info","event":"Pushing xcom","ti":"RuntimeTaskInstance(id=UUID('01975da7-005d-76f3-af98-384aaabd4b16'), task_id='load_credit_card_transactions_data_from_sftp', dag_id='load_data_into_postgres', run_id='scheduled__2025-06-11T06:21:54.613355+00:00', try_number=1, map_index=-1, hostname='70ffd000aa3c', context_carrier={}, task=<Task(PythonOperator): load_credit_card_transactions_data_from_sftp>, bundle_instance=LocalDagBundle(name=dags-folder), max_tries=1, start_date=datetime.datetime(2025, 6, 11, 6, 22, 5, 407292, tzinfo=TzInfo(UTC)), end_date=None, state=<TaskInstanceState.RUNNING: 'running'>, is_mapped=False, rendered_map_index=None)","logger":"task"}
{"timestamp":"2025-06-11T06:22:06.972100Z","level":"info","event":"Task instance in success state","chan":"stdout","logger":"task"}
{"timestamp":"2025-06-11T06:22:06.972455Z","level":"info","event":" Previous state of the Task instance: TaskInstanceState.RUNNING","chan":"stdout","logger":"task"}
{"timestamp":"2025-06-11T06:22:06.972642Z","level":"info","event":"Task operator:<Task(PythonOperator): load_credit_card_transactions_data_from_sftp>","chan":"stdout","logger":"task"}
