{"timestamp":"2025-06-13T01:34:03.098280","level":"info","event":"DAG bundles loaded: dags-folder, example_dags","logger":"airflow.dag_processing.bundles.manager.DagBundlesManager"}
{"timestamp":"2025-06-13T01:34:03.099031","level":"info","event":"Filling up the DagBag from /opt/airflow/dags/banking_airflow_pipeline/dag_ingesting_banking_data_into_PostgreSQL.py","logger":"airflow.models.dagbag.DagBag"}
{"timestamp":"2025-06-13T01:34:03.261562Z","level":"info","event":"Task instance is in running state","chan":"stdout","logger":"task"}
{"timestamp":"2025-06-13T01:34:03.261957Z","level":"info","event":" Previous state of the Task instance: TaskInstanceState.QUEUED","chan":"stdout","logger":"task"}
{"timestamp":"2025-06-13T01:34:03.262074Z","level":"info","event":"Current task name:load_customer_data","chan":"stdout","logger":"task"}
{"timestamp":"2025-06-13T01:34:03.262137Z","level":"info","event":"Dag name:dag_load_data_into_postgres_v6","chan":"stdout","logger":"task"}
{"timestamp":"2025-06-13T01:34:03.224179","level":"info","event":"Connecting to PostgreSQL database...","logger":"root"}
{"timestamp":"2025-06-13T01:34:03.267475","level":"info","event":"Connection established successfully.","logger":"root"}
{"timestamp":"2025-06-13T01:34:03.299878","level":"info","event":"Reading CSV files from sftp path: /opt/airflow/sftp_data/run_20250613_013336","logger":"root"}
{"timestamp":"2025-06-13T01:34:03.476343","level":"info","event":"Adding metadata to dataframes...","logger":"root"}
{"timestamp":"2025-06-13T01:34:03.496491","level":"info","event":"Loading customer data into PostgreSQL...","logger":"root"}
{"timestamp":"2025-06-13T01:34:03.620476","level":"info","event":"Loading customers data into PostgreSQL...","logger":"root"}
{"timestamp":"2025-06-13T01:34:03.657482","level":"info","event":"Customer data loaded successfully.","logger":"root"}
{"timestamp":"2025-06-13T01:34:03.679077","level":"info","event":"Loading data into PostgreSQL...","logger":"root"}
{"timestamp":"2025-06-13T01:34:03.681598","level":"info","event":"PostgreSQL connection closed.","logger":"root"}
{"timestamp":"2025-06-13T01:34:03.681817","level":"info","event":"Data loading completed successfully.","logger":"root"}
{"timestamp":"2025-06-13T01:34:03.682965","level":"info","event":"Done. Returned value was: None","logger":"airflow.task.operators.airflow.providers.standard.decorators.python._PythonDecoratedOperator"}
{"timestamp":"2025-06-13T01:34:03.745360Z","level":"info","event":"Task instance in success state","chan":"stdout","logger":"task"}
{"timestamp":"2025-06-13T01:34:03.745742Z","level":"info","event":" Previous state of the Task instance: TaskInstanceState.RUNNING","chan":"stdout","logger":"task"}
{"timestamp":"2025-06-13T01:34:03.747801Z","level":"info","event":"Task operator:<Task(_PythonDecoratedOperator): load_customer_data>","chan":"stdout","logger":"task"}
