{"timestamp":"2025-06-12T09:57:21.551324","level":"info","event":"DAG bundles loaded: dags-folder, example_dags","logger":"airflow.dag_processing.bundles.manager.DagBundlesManager"}
{"timestamp":"2025-06-12T09:57:21.552028","level":"info","event":"Filling up the DagBag from /opt/airflow/dags/banking_airflow_pipeline/dag_ingesting_banking_data_into_PostgreSQL.py","logger":"airflow.models.dagbag.DagBag"}
{"timestamp":"2025-06-12T09:57:21.590728","level":"info","event":"Connecting to PostgreSQL database...","logger":"root"}
{"timestamp":"2025-06-12T09:57:21.647601Z","level":"info","event":"Task instance is in running state","chan":"stdout","logger":"task"}
{"timestamp":"2025-06-12T09:57:21.647883Z","level":"info","event":" Previous state of the Task instance: TaskInstanceState.QUEUED","chan":"stdout","logger":"task"}
{"timestamp":"2025-06-12T09:57:21.648074Z","level":"info","event":"Current task name:load_customer_data","chan":"stdout","logger":"task"}
{"timestamp":"2025-06-12T09:57:21.648219Z","level":"info","event":"Dag name:dag_load_data_into_postgres_v3","chan":"stdout","logger":"task"}
{"timestamp":"2025-06-12T09:57:21.610842","level":"info","event":"Connection established successfully.","logger":"root"}
{"timestamp":"2025-06-12T09:57:21.611477","level":"info","event":"Reading CSV files from sftp path: /opt/airflow/sftp_data/run_20250612_075504","logger":"root"}
{"timestamp":"2025-06-12T09:57:21.662677","level":"info","event":"Adding metadata to dataframes...","logger":"root"}
{"timestamp":"2025-06-12T09:57:21.665462","level":"info","event":"Loading customer data into PostgreSQL...","logger":"root"}
{"timestamp":"2025-06-12T09:57:21.731957","level":"info","event":"Loading customers data into PostgreSQL...","logger":"root"}
{"timestamp":"2025-06-12T09:57:21.747041","level":"error","event":"Task failed with exception","logger":"task","error_detail":[{"exc_type":"UniqueViolation","exc_value":"duplicate key value violates unique constraint \"customer_pkey\"\nDETAIL:  Key (customer_id)=(243890) already exists.\nCONTEXT:  COPY customer, line 1\n","exc_notes":[],"syntax_error":null,"is_cause":false,"frames":[{"filename":"/home/airflow/.local/lib/python3.12/site-packages/airflow/sdk/execution_time/task_runner.py","lineno":838,"name":"run"},{"filename":"/home/airflow/.local/lib/python3.12/site-packages/airflow/sdk/execution_time/task_runner.py","lineno":1130,"name":"_execute_task"},{"filename":"/home/airflow/.local/lib/python3.12/site-packages/airflow/sdk/bases/operator.py","lineno":408,"name":"wrapper"},{"filename":"/home/airflow/.local/lib/python3.12/site-packages/airflow/sdk/bases/decorator.py","lineno":251,"name":"execute"},{"filename":"/home/airflow/.local/lib/python3.12/site-packages/airflow/sdk/bases/operator.py","lineno":408,"name":"wrapper"},{"filename":"/home/airflow/.local/lib/python3.12/site-packages/airflow/providers/standard/operators/python.py","lineno":212,"name":"execute"},{"filename":"/home/airflow/.local/lib/python3.12/site-packages/airflow/providers/standard/operators/python.py","lineno":235,"name":"execute_callable"},{"filename":"/home/airflow/.local/lib/python3.12/site-packages/airflow/sdk/execution_time/callback_runner.py","lineno":81,"name":"run"},{"filename":"/opt/airflow/dags/banking_airflow_pipeline/dag_ingesting_banking_data_into_PostgreSQL.py","lineno":44,"name":"load_customer_data"},{"filename":"/opt/airflow/dags/banking_airflow_pipeline/load_data_from_2Source_into_pg.py","lineno":324,"name":"load_customer_data_into_pg"}]}]}
{"timestamp":"2025-06-12T09:57:21.826812Z","level":"info","event":"Task instance in failure state","chan":"stdout","logger":"task"}
{"timestamp":"2025-06-12T09:57:21.826956Z","level":"info","event":"Task start","chan":"stdout","logger":"task"}
{"timestamp":"2025-06-12T09:57:21.827021Z","level":"info","event":"Task:<Task(_PythonDecoratedOperator): load_customer_data>","chan":"stdout","logger":"task"}
{"timestamp":"2025-06-12T09:57:21.827075Z","level":"info","event":"Failure caused by duplicate key value violates unique constraint \"customer_pkey\"","chan":"stdout","logger":"task"}
{"timestamp":"2025-06-12T09:57:21.827135Z","level":"info","event":"DETAIL:  Key (customer_id)=(243890) already exists.","chan":"stdout","logger":"task"}
{"timestamp":"2025-06-12T09:57:21.827184Z","level":"info","event":"CONTEXT:  COPY customer, line 1","chan":"stdout","logger":"task"}
{"timestamp":"2025-06-12T09:57:21.827236Z","level":"info","event":"","chan":"stdout","logger":"task"}
