{"timestamp":"2025-06-12T09:59:22.987516","level":"info","event":"DAG bundles loaded: dags-folder, example_dags","logger":"airflow.dag_processing.bundles.manager.DagBundlesManager"}
{"timestamp":"2025-06-12T09:59:22.988224","level":"info","event":"Filling up the DagBag from /opt/airflow/dags/banking_airflow_pipeline/dag_ingesting_banking_data_into_PostgreSQL.py","logger":"airflow.models.dagbag.DagBag"}
{"timestamp":"2025-06-12T09:59:23.072111Z","level":"info","event":"Task instance is in running state","chan":"stdout","logger":"task"}
{"timestamp":"2025-06-12T09:59:23.075000Z","level":"info","event":" Previous state of the Task instance: TaskInstanceState.QUEUED","chan":"stdout","logger":"task"}
{"timestamp":"2025-06-12T09:59:23.075248Z","level":"info","event":"Current task name:load_customer_data","chan":"stdout","logger":"task"}
{"timestamp":"2025-06-12T09:59:23.075420Z","level":"info","event":"Dag name:dag_load_data_into_postgres_v3","chan":"stdout","logger":"task"}
{"timestamp":"2025-06-12T09:59:23.038381","level":"info","event":"Connecting to PostgreSQL database...","logger":"root"}
{"timestamp":"2025-06-12T09:59:23.052577","level":"info","event":"Connection established successfully.","logger":"root"}
{"timestamp":"2025-06-12T09:59:23.053275","level":"info","event":"Reading CSV files from sftp path: /opt/airflow/sftp_data/run_20250612_075504","logger":"root"}
{"timestamp":"2025-06-12T09:59:23.084532","level":"info","event":"Adding metadata to dataframes...","logger":"root"}
{"timestamp":"2025-06-12T09:59:23.086560","level":"info","event":"Loading customer data into PostgreSQL...","logger":"root"}
{"timestamp":"2025-06-12T09:59:23.148438","level":"info","event":"Loading customers data into PostgreSQL...","logger":"root"}
{"timestamp":"2025-06-12T09:59:23.163625","level":"error","event":"Task failed with exception","logger":"task","error_detail":[{"exc_type":"UniqueViolation","exc_value":"duplicate key value violates unique constraint \"customer_pkey\"\nDETAIL:  Key (customer_id)=(243890) already exists.\nCONTEXT:  COPY customer, line 1\n","exc_notes":[],"syntax_error":null,"is_cause":false,"frames":[{"filename":"/home/airflow/.local/lib/python3.12/site-packages/airflow/sdk/execution_time/task_runner.py","lineno":838,"name":"run"},{"filename":"/home/airflow/.local/lib/python3.12/site-packages/airflow/sdk/execution_time/task_runner.py","lineno":1130,"name":"_execute_task"},{"filename":"/home/airflow/.local/lib/python3.12/site-packages/airflow/sdk/bases/operator.py","lineno":408,"name":"wrapper"},{"filename":"/home/airflow/.local/lib/python3.12/site-packages/airflow/sdk/bases/decorator.py","lineno":251,"name":"execute"},{"filename":"/home/airflow/.local/lib/python3.12/site-packages/airflow/sdk/bases/operator.py","lineno":408,"name":"wrapper"},{"filename":"/home/airflow/.local/lib/python3.12/site-packages/airflow/providers/standard/operators/python.py","lineno":212,"name":"execute"},{"filename":"/home/airflow/.local/lib/python3.12/site-packages/airflow/providers/standard/operators/python.py","lineno":235,"name":"execute_callable"},{"filename":"/home/airflow/.local/lib/python3.12/site-packages/airflow/sdk/execution_time/callback_runner.py","lineno":81,"name":"run"},{"filename":"/opt/airflow/dags/banking_airflow_pipeline/dag_ingesting_banking_data_into_PostgreSQL.py","lineno":44,"name":"load_customer_data"},{"filename":"/opt/airflow/dags/banking_airflow_pipeline/load_data_from_2Source_into_pg.py","lineno":324,"name":"load_customer_data_into_pg"}]}]}
{"timestamp":"2025-06-12T09:59:23.165035Z","level":"info","event":"Task instance in failure state","chan":"stdout","logger":"task"}
{"timestamp":"2025-06-12T09:59:23.165204Z","level":"info","event":"Task start","chan":"stdout","logger":"task"}
{"timestamp":"2025-06-12T09:59:23.165328Z","level":"info","event":"Task:<Task(_PythonDecoratedOperator): load_customer_data>","chan":"stdout","logger":"task"}
{"timestamp":"2025-06-12T09:59:23.165477Z","level":"info","event":"Failure caused by duplicate key value violates unique constraint \"customer_pkey\"","chan":"stdout","logger":"task"}
{"timestamp":"2025-06-12T09:59:23.165613Z","level":"info","event":"DETAIL:  Key (customer_id)=(243890) already exists.","chan":"stdout","logger":"task"}
{"timestamp":"2025-06-12T09:59:23.165729Z","level":"info","event":"CONTEXT:  COPY customer, line 1","chan":"stdout","logger":"task"}
{"timestamp":"2025-06-12T09:59:23.171069Z","level":"info","event":"","chan":"stdout","logger":"task"}
{"timestamp":"2025-06-12T09:59:23.538148","level":"error","event":"Top level error","logger":"task","error_detail":[{"exc_type":"UndefinedError","exc_value":"'airflow.sdk.execution_time.task_runner.RuntimeTaskInstance object' has no attribute 'log_url'","exc_notes":[],"syntax_error":null,"is_cause":false,"frames":[{"filename":"/home/airflow/.local/lib/python3.12/site-packages/airflow/sdk/execution_time/task_runner.py","lineno":1268,"name":"main"},{"filename":"/home/airflow/.local/lib/python3.12/site-packages/airflow/sdk/execution_time/task_runner.py","lineno":1248,"name":"finalize"},{"filename":"/home/airflow/.local/lib/python3.12/site-packages/airflow/sdk/execution_time/task_runner.py","lineno":1076,"name":"_send_task_error_email"},{"filename":"/home/airflow/.local/lib/python3.12/site-packages/airflow/models/taskinstance.py","lineno":473,"name":"_get_email_subject_content"},{"filename":"/home/airflow/.local/lib/python3.12/site-packages/airflow/models/taskinstance.py","lineno":470,"name":"render"},{"filename":"/home/airflow/.local/lib/python3.12/site-packages/airflow/utils/helpers.py","lineno":244,"name":"render_template_to_string"},{"filename":"/home/airflow/.local/lib/python3.12/site-packages/airflow/utils/helpers.py","lineno":239,"name":"render_template"},{"filename":"<template>","lineno":22,"name":"root"},{"filename":"/home/airflow/.local/lib/python3.12/site-packages/jinja2/runtime.py","lineno":859,"name":"_fail_with_undefined_error"}]}]}
{"timestamp":"2025-06-12T09:59:28.561231Z","level":"warning","event":"Process exited abnormally","exit_code":1,"logger":"task"}
