{"timestamp":"2025-06-12T05:41:51.499581","level":"info","event":"DAG bundles loaded: dags-folder, example_dags","logger":"airflow.dag_processing.bundles.manager.DagBundlesManager"}
{"timestamp":"2025-06-12T05:41:51.500194","level":"info","event":"Filling up the DagBag from /opt/airflow/dags/banking_airflow_pipeline/dag_ingest_log_data_into_mongodb.py","logger":"airflow.models.dagbag.DagBag"}
{"timestamp":"2025-06-12T05:41:51.669691Z","level":"info","event":"Task instance is in running state","chan":"stdout","logger":"task"}
{"timestamp":"2025-06-12T05:41:51.669955Z","level":"info","event":" Previous state of the Task instance: TaskInstanceState.QUEUED","chan":"stdout","logger":"task"}
{"timestamp":"2025-06-12T05:41:51.670101Z","level":"info","event":"Current task name:wait_for_data_generation","chan":"stdout","logger":"task"}
{"timestamp":"2025-06-12T05:41:51.670221Z","level":"info","event":"Dag name:dag_load_data_into_mongodb","chan":"stdout","logger":"task"}
{"timestamp":"2025-06-12T05:41:51.625731","level":"info","event":"Poking for DAG 'dag_banking_data_generation' on 2025-06-12T05:41:49.474154+00:00 ... ","logger":"airflow.task.operators.airflow.providers.standard.sensors.external_task.ExternalTaskSensor"}
{"timestamp":"2025-06-12T05:41:51.671084","level":"info","event":"Rescheduling task, marking task as UP_FOR_RESCHEDULE","logger":"task"}
{"timestamp":"2025-06-12T05:42:22.923618","level":"info","event":"DAG bundles loaded: dags-folder, example_dags","logger":"airflow.dag_processing.bundles.manager.DagBundlesManager"}
{"timestamp":"2025-06-12T05:42:22.924359","level":"info","event":"Filling up the DagBag from /opt/airflow/dags/banking_airflow_pipeline/dag_ingest_log_data_into_mongodb.py","logger":"airflow.models.dagbag.DagBag"}
{"timestamp":"2025-06-12T05:42:23.091109Z","level":"info","event":"Task instance is in running state","chan":"stdout","logger":"task"}
{"timestamp":"2025-06-12T05:42:23.091243Z","level":"info","event":" Previous state of the Task instance: TaskInstanceState.QUEUED","chan":"stdout","logger":"task"}
{"timestamp":"2025-06-12T05:42:23.091298Z","level":"info","event":"Current task name:wait_for_data_generation","chan":"stdout","logger":"task"}
{"timestamp":"2025-06-12T05:42:23.091344Z","level":"info","event":"Dag name:dag_load_data_into_mongodb","chan":"stdout","logger":"task"}
{"timestamp":"2025-06-12T05:42:23.090785","level":"info","event":"Poking for DAG 'dag_banking_data_generation' on 2025-06-12T05:41:49.474154+00:00 ... ","logger":"airflow.task.operators.airflow.providers.standard.sensors.external_task.ExternalTaskSensor"}
{"timestamp":"2025-06-12T05:42:23.101562","level":"info","event":"Rescheduling task, marking task as UP_FOR_RESCHEDULE","logger":"task"}
{"timestamp":"2025-06-12T05:42:55.043082","level":"info","event":"DAG bundles loaded: dags-folder, example_dags","logger":"airflow.dag_processing.bundles.manager.DagBundlesManager"}
{"timestamp":"2025-06-12T05:42:55.043805","level":"info","event":"Filling up the DagBag from /opt/airflow/dags/banking_airflow_pipeline/dag_ingest_log_data_into_mongodb.py","logger":"airflow.models.dagbag.DagBag"}
{"timestamp":"2025-06-12T05:42:55.225176Z","level":"info","event":"Task instance is in running state","chan":"stdout","logger":"task"}
{"timestamp":"2025-06-12T05:42:55.225335Z","level":"info","event":" Previous state of the Task instance: TaskInstanceState.QUEUED","chan":"stdout","logger":"task"}
{"timestamp":"2025-06-12T05:42:55.225403Z","level":"info","event":"Current task name:wait_for_data_generation","chan":"stdout","logger":"task"}
{"timestamp":"2025-06-12T05:42:55.225455Z","level":"info","event":"Dag name:dag_load_data_into_mongodb","chan":"stdout","logger":"task"}
{"timestamp":"2025-06-12T05:42:55.225591","level":"info","event":"Poking for DAG 'dag_banking_data_generation' on 2025-06-12T05:41:49.474154+00:00 ... ","logger":"airflow.task.operators.airflow.providers.standard.sensors.external_task.ExternalTaskSensor"}
{"timestamp":"2025-06-12T05:42:55.234038","level":"info","event":"Rescheduling task, marking task as UP_FOR_RESCHEDULE","logger":"task"}
{"timestamp":"2025-06-12T05:43:26.842185","level":"info","event":"DAG bundles loaded: dags-folder, example_dags","logger":"airflow.dag_processing.bundles.manager.DagBundlesManager"}
{"timestamp":"2025-06-12T05:43:26.845573","level":"info","event":"Filling up the DagBag from /opt/airflow/dags/banking_airflow_pipeline/dag_ingest_log_data_into_mongodb.py","logger":"airflow.models.dagbag.DagBag"}
{"timestamp":"2025-06-12T05:43:27.094460Z","level":"info","event":"Task instance is in running state","chan":"stdout","logger":"task"}
{"timestamp":"2025-06-12T05:43:27.094610Z","level":"info","event":" Previous state of the Task instance: TaskInstanceState.QUEUED","chan":"stdout","logger":"task"}
{"timestamp":"2025-06-12T05:43:27.094670Z","level":"info","event":"Current task name:wait_for_data_generation","chan":"stdout","logger":"task"}
{"timestamp":"2025-06-12T05:43:27.094723Z","level":"info","event":"Dag name:dag_load_data_into_mongodb","chan":"stdout","logger":"task"}
{"timestamp":"2025-06-12T05:43:27.096064","level":"info","event":"Poking for DAG 'dag_banking_data_generation' on 2025-06-12T05:41:49.474154+00:00 ... ","logger":"airflow.task.operators.airflow.providers.standard.sensors.external_task.ExternalTaskSensor"}
{"timestamp":"2025-06-12T05:43:27.109383","level":"info","event":"Rescheduling task, marking task as UP_FOR_RESCHEDULE","logger":"task"}
{"timestamp":"2025-06-12T05:43:59.212790","level":"info","event":"DAG bundles loaded: dags-folder, example_dags","logger":"airflow.dag_processing.bundles.manager.DagBundlesManager"}
{"timestamp":"2025-06-12T05:43:59.215462","level":"info","event":"Filling up the DagBag from /opt/airflow/dags/banking_airflow_pipeline/dag_ingest_log_data_into_mongodb.py","logger":"airflow.models.dagbag.DagBag"}
{"timestamp":"2025-06-12T05:43:59.436397Z","level":"info","event":"Task instance is in running state","chan":"stdout","logger":"task"}
{"timestamp":"2025-06-12T05:43:59.436531Z","level":"info","event":" Previous state of the Task instance: TaskInstanceState.QUEUED","chan":"stdout","logger":"task"}
{"timestamp":"2025-06-12T05:43:59.436584Z","level":"info","event":"Current task name:wait_for_data_generation","chan":"stdout","logger":"task"}
{"timestamp":"2025-06-12T05:43:59.436629Z","level":"info","event":"Dag name:dag_load_data_into_mongodb","chan":"stdout","logger":"task"}
{"timestamp":"2025-06-12T05:43:59.437016","level":"info","event":"Poking for DAG 'dag_banking_data_generation' on 2025-06-12T05:41:49.474154+00:00 ... ","logger":"airflow.task.operators.airflow.providers.standard.sensors.external_task.ExternalTaskSensor"}
{"timestamp":"2025-06-12T05:43:59.453877","level":"info","event":"Rescheduling task, marking task as UP_FOR_RESCHEDULE","logger":"task"}
{"timestamp":"2025-06-12T05:44:34.454333","level":"info","event":"DAG bundles loaded: dags-folder, example_dags","logger":"airflow.dag_processing.bundles.manager.DagBundlesManager"}
{"timestamp":"2025-06-12T05:44:34.459074","level":"info","event":"Filling up the DagBag from /opt/airflow/dags/banking_airflow_pipeline/dag_ingest_log_data_into_mongodb.py","logger":"airflow.models.dagbag.DagBag"}
{"timestamp":"2025-06-12T05:44:35.024544Z","level":"info","event":"Task instance is in running state","chan":"stdout","logger":"task"}
{"timestamp":"2025-06-12T05:44:35.024794Z","level":"info","event":" Previous state of the Task instance: TaskInstanceState.QUEUED","chan":"stdout","logger":"task"}
{"timestamp":"2025-06-12T05:44:35.024901Z","level":"info","event":"Current task name:wait_for_data_generation","chan":"stdout","logger":"task"}
{"timestamp":"2025-06-12T05:44:35.024957Z","level":"info","event":"Dag name:dag_load_data_into_mongodb","chan":"stdout","logger":"task"}
{"timestamp":"2025-06-12T05:44:35.025086","level":"info","event":"Poking for DAG 'dag_banking_data_generation' on 2025-06-12T05:41:49.474154+00:00 ... ","logger":"airflow.task.operators.airflow.providers.standard.sensors.external_task.ExternalTaskSensor"}
{"timestamp":"2025-06-12T05:44:35.046514","level":"info","event":"Rescheduling task, marking task as UP_FOR_RESCHEDULE","logger":"task"}
{"timestamp":"2025-06-12T05:45:08.787606","level":"info","event":"DAG bundles loaded: dags-folder, example_dags","logger":"airflow.dag_processing.bundles.manager.DagBundlesManager"}
{"timestamp":"2025-06-12T05:45:08.806367","level":"info","event":"Filling up the DagBag from /opt/airflow/dags/banking_airflow_pipeline/dag_ingest_log_data_into_mongodb.py","logger":"airflow.models.dagbag.DagBag"}
{"timestamp":"2025-06-12T05:45:09.569551Z","level":"info","event":"Task instance is in running state","chan":"stdout","logger":"task"}
{"timestamp":"2025-06-12T05:45:09.569705Z","level":"info","event":" Previous state of the Task instance: TaskInstanceState.QUEUED","chan":"stdout","logger":"task"}
{"timestamp":"2025-06-12T05:45:09.569781Z","level":"info","event":"Current task name:wait_for_data_generation","chan":"stdout","logger":"task"}
{"timestamp":"2025-06-12T05:45:09.569831Z","level":"info","event":"Dag name:dag_load_data_into_mongodb","chan":"stdout","logger":"task"}
{"timestamp":"2025-06-12T05:45:09.574186","level":"info","event":"Poking for DAG 'dag_banking_data_generation' on 2025-06-12T05:41:49.474154+00:00 ... ","logger":"airflow.task.operators.airflow.providers.standard.sensors.external_task.ExternalTaskSensor"}
{"timestamp":"2025-06-12T05:45:09.591859","level":"info","event":"Rescheduling task, marking task as UP_FOR_RESCHEDULE","logger":"task"}
{"timestamp":"2025-06-12T05:45:43.457696","level":"info","event":"DAG bundles loaded: dags-folder, example_dags","logger":"airflow.dag_processing.bundles.manager.DagBundlesManager"}
{"timestamp":"2025-06-12T05:45:43.465005","level":"info","event":"Filling up the DagBag from /opt/airflow/dags/banking_airflow_pipeline/dag_ingest_log_data_into_mongodb.py","logger":"airflow.models.dagbag.DagBag"}
{"timestamp":"2025-06-12T05:45:44.214197Z","level":"info","event":"Task instance is in running state","chan":"stdout","logger":"task"}
{"timestamp":"2025-06-12T05:45:44.214357Z","level":"info","event":" Previous state of the Task instance: TaskInstanceState.QUEUED","chan":"stdout","logger":"task"}
{"timestamp":"2025-06-12T05:45:44.214409Z","level":"info","event":"Current task name:wait_for_data_generation","chan":"stdout","logger":"task"}
{"timestamp":"2025-06-12T05:45:44.214453Z","level":"info","event":"Dag name:dag_load_data_into_mongodb","chan":"stdout","logger":"task"}
{"timestamp":"2025-06-12T05:45:44.217085","level":"info","event":"Poking for DAG 'dag_banking_data_generation' on 2025-06-12T05:41:49.474154+00:00 ... ","logger":"airflow.task.operators.airflow.providers.standard.sensors.external_task.ExternalTaskSensor"}
{"timestamp":"2025-06-12T05:45:44.253086","level":"info","event":"Rescheduling task, marking task as UP_FOR_RESCHEDULE","logger":"task"}
{"timestamp":"2025-06-12T05:46:18.926587","level":"info","event":"DAG bundles loaded: dags-folder, example_dags","logger":"airflow.dag_processing.bundles.manager.DagBundlesManager"}
{"timestamp":"2025-06-12T05:46:18.937463","level":"info","event":"Filling up the DagBag from /opt/airflow/dags/banking_airflow_pipeline/dag_ingest_log_data_into_mongodb.py","logger":"airflow.models.dagbag.DagBag"}
{"timestamp":"2025-06-12T05:46:20.228606Z","level":"info","event":"Task instance is in running state","chan":"stdout","logger":"task"}
{"timestamp":"2025-06-12T05:46:20.228868Z","level":"info","event":" Previous state of the Task instance: TaskInstanceState.QUEUED","chan":"stdout","logger":"task"}
{"timestamp":"2025-06-12T05:46:20.229010Z","level":"info","event":"Current task name:wait_for_data_generation","chan":"stdout","logger":"task"}
{"timestamp":"2025-06-12T05:46:20.229143Z","level":"info","event":"Dag name:dag_load_data_into_mongodb","chan":"stdout","logger":"task"}
{"timestamp":"2025-06-12T05:46:20.234843","level":"info","event":"Poking for DAG 'dag_banking_data_generation' on 2025-06-12T05:41:49.474154+00:00 ... ","logger":"airflow.task.operators.airflow.providers.standard.sensors.external_task.ExternalTaskSensor"}
{"timestamp":"2025-06-12T05:46:20.278746","level":"info","event":"Rescheduling task, marking task as UP_FOR_RESCHEDULE","logger":"task"}
{"timestamp":"2025-06-12T05:46:53.309388","level":"info","event":"DAG bundles loaded: dags-folder, example_dags","logger":"airflow.dag_processing.bundles.manager.DagBundlesManager"}
{"timestamp":"2025-06-12T05:46:53.312150","level":"info","event":"Filling up the DagBag from /opt/airflow/dags/banking_airflow_pipeline/dag_ingest_log_data_into_mongodb.py","logger":"airflow.models.dagbag.DagBag"}
{"timestamp":"2025-06-12T05:46:53.848814Z","level":"info","event":"Task instance is in running state","chan":"stdout","logger":"task"}
{"timestamp":"2025-06-12T05:46:53.848932Z","level":"info","event":" Previous state of the Task instance: TaskInstanceState.QUEUED","chan":"stdout","logger":"task"}
{"timestamp":"2025-06-12T05:46:53.848989Z","level":"info","event":"Current task name:wait_for_data_generation","chan":"stdout","logger":"task"}
{"timestamp":"2025-06-12T05:46:53.849049Z","level":"info","event":"Dag name:dag_load_data_into_mongodb","chan":"stdout","logger":"task"}
{"timestamp":"2025-06-12T05:46:53.851245","level":"info","event":"Poking for DAG 'dag_banking_data_generation' on 2025-06-12T05:41:49.474154+00:00 ... ","logger":"airflow.task.operators.airflow.providers.standard.sensors.external_task.ExternalTaskSensor"}
{"timestamp":"2025-06-12T05:46:53.876640","level":"error","event":"Task failed with exception","logger":"task","error_detail":[{"exc_type":"AirflowSensorTimeout","exc_value":"Sensor has timed out; run duration of 302.193271 seconds exceeds the specified timeout of 300.0.","exc_notes":[],"syntax_error":null,"is_cause":false,"frames":[{"filename":"/home/airflow/.local/lib/python3.12/site-packages/airflow/sdk/execution_time/task_runner.py","lineno":838,"name":"run"},{"filename":"/home/airflow/.local/lib/python3.12/site-packages/airflow/sdk/execution_time/task_runner.py","lineno":1130,"name":"_execute_task"},{"filename":"/home/airflow/.local/lib/python3.12/site-packages/airflow/sdk/bases/operator.py","lineno":408,"name":"wrapper"},{"filename":"/home/airflow/.local/lib/python3.12/site-packages/airflow/providers/standard/sensors/external_task.py","lineno":418,"name":"execute"},{"filename":"/home/airflow/.local/lib/python3.12/site-packages/airflow/sdk/bases/operator.py","lineno":408,"name":"wrapper"},{"filename":"/home/airflow/.local/lib/python3.12/site-packages/airflow/sdk/bases/sensor.py","lineno":243,"name":"execute"}]}]}
{"timestamp":"2025-06-12T05:46:53.917896Z","level":"info","event":"Task instance in failure state","chan":"stdout","logger":"task"}
{"timestamp":"2025-06-12T05:46:53.917991Z","level":"info","event":"Task start","chan":"stdout","logger":"task"}
{"timestamp":"2025-06-12T05:46:53.918045Z","level":"info","event":"Task:<Task(ExternalTaskSensor): wait_for_data_generation>","chan":"stdout","logger":"task"}
{"timestamp":"2025-06-12T05:46:53.918097Z","level":"info","event":"Failure caused by Sensor has timed out; run duration of 302.193271 seconds exceeds the specified timeout of 300.0.","chan":"stdout","logger":"task"}
