{"timestamp":"2025-06-13T02:07:58.081571","level":"info","event":"DAG bundles loaded: dags-folder, example_dags","logger":"airflow.dag_processing.bundles.manager.DagBundlesManager"}
{"timestamp":"2025-06-13T02:07:58.082878","level":"info","event":"Filling up the DagBag from /opt/airflow/dags/banking_airflow_pipeline/dag_ingesting_banking_data_into_PostgreSQL.py","logger":"airflow.models.dagbag.DagBag"}
{"timestamp":"2025-06-13T02:07:58.145114Z","level":"info","event":"Task instance is in running state","chan":"stdout","logger":"task"}
{"timestamp":"2025-06-13T02:07:58.145393Z","level":"info","event":" Previous state of the Task instance: TaskInstanceState.QUEUED","chan":"stdout","logger":"task"}
{"timestamp":"2025-06-13T02:07:58.145518Z","level":"info","event":"Current task name:load_customer_data","chan":"stdout","logger":"task"}
{"timestamp":"2025-06-13T02:07:58.145624Z","level":"info","event":"Dag name:dag_load_data_into_postgres_v7","chan":"stdout","logger":"task"}
{"timestamp":"2025-06-13T02:07:58.118961","level":"info","event":"Connecting to PostgreSQL database...","logger":"root"}
{"timestamp":"2025-06-13T02:07:58.127731","level":"info","event":"Connection established successfully.","logger":"root"}
{"timestamp":"2025-06-13T02:07:58.130326","level":"info","event":"Reading CSV files from sftp path: /opt/airflow/sftp_data/run_20250613_020716","logger":"root"}
{"timestamp":"2025-06-13T02:07:58.142607","level":"info","event":"Adding metadata to dataframes...","logger":"root"}
{"timestamp":"2025-06-13T02:07:58.144128","level":"info","event":"Loading customer data into PostgreSQL...","logger":"root"}
{"timestamp":"2025-06-13T02:07:58.162591","level":"info","event":"Loading customers data into PostgreSQL...","logger":"root"}
{"timestamp":"2025-06-13T02:07:58.178714","level":"info","event":"Customer data loaded successfully.","logger":"root"}
{"timestamp":"2025-06-13T02:07:58.207993","level":"info","event":"Loading data into PostgreSQL...","logger":"root"}
{"timestamp":"2025-06-13T02:07:58.208240","level":"info","event":"PostgreSQL connection closed.","logger":"root"}
{"timestamp":"2025-06-13T02:07:58.208321","level":"info","event":"Data loading completed successfully.","logger":"root"}
{"timestamp":"2025-06-13T02:07:58.208694","level":"info","event":"Done. Returned value was: None","logger":"airflow.task.operators.airflow.providers.standard.decorators.python._PythonDecoratedOperator"}
{"timestamp":"2025-06-13T02:07:58.239609Z","level":"info","event":"Task instance in success state","chan":"stdout","logger":"task"}
{"timestamp":"2025-06-13T02:07:58.239766Z","level":"info","event":" Previous state of the Task instance: TaskInstanceState.RUNNING","chan":"stdout","logger":"task"}
{"timestamp":"2025-06-13T02:07:58.239822Z","level":"info","event":"Task operator:<Task(_PythonDecoratedOperator): load_customer_data>","chan":"stdout","logger":"task"}
