{"timestamp":"2025-06-12T10:54:32.660148","level":"info","event":"DAG bundles loaded: dags-folder, example_dags","logger":"airflow.dag_processing.bundles.manager.DagBundlesManager"}
{"timestamp":"2025-06-12T10:54:32.661139","level":"info","event":"Filling up the DagBag from /opt/airflow/dags/banking_airflow_pipeline/dag_ingesting_banking_data_into_PostgreSQL.py","logger":"airflow.models.dagbag.DagBag"}
{"timestamp":"2025-06-12T10:54:33.188020Z","level":"info","event":"Task instance is in running state","chan":"stdout","logger":"task"}
{"timestamp":"2025-06-12T10:54:33.188324Z","level":"info","event":" Previous state of the Task instance: TaskInstanceState.QUEUED","chan":"stdout","logger":"task"}
{"timestamp":"2025-06-12T10:54:33.188407Z","level":"info","event":"Current task name:load_customer_data","chan":"stdout","logger":"task"}
{"timestamp":"2025-06-12T10:54:33.188458Z","level":"info","event":"Dag name:dag_load_data_into_postgres_v4","chan":"stdout","logger":"task"}
{"timestamp":"2025-06-12T10:54:33.109022","level":"info","event":"Connecting to PostgreSQL database...","logger":"root"}
{"timestamp":"2025-06-12T10:54:33.214196","level":"info","event":"Connection established successfully.","logger":"root"}
{"timestamp":"2025-06-12T10:54:33.218419","level":"info","event":"Reading CSV files from sftp path: /opt/airflow/sftp_data/run_20250612_105253","logger":"root"}
{"timestamp":"2025-06-12T10:54:33.588483","level":"info","event":"Adding metadata to dataframes...","logger":"root"}
{"timestamp":"2025-06-12T10:54:33.603013","level":"info","event":"Loading customer data into PostgreSQL...","logger":"root"}
{"timestamp":"2025-06-12T10:54:34.321901","level":"info","event":"Loading customers data into PostgreSQL...","logger":"root"}
{"timestamp":"2025-06-12T10:54:34.510021","level":"info","event":"Customer data loaded successfully.","logger":"root"}
{"timestamp":"2025-06-12T10:54:34.579519","level":"info","event":"Loading data into PostgreSQL...","logger":"root"}
{"timestamp":"2025-06-12T10:54:34.582291","level":"info","event":"PostgreSQL connection closed.","logger":"root"}
{"timestamp":"2025-06-12T10:54:34.582458","level":"info","event":"Data loading completed successfully.","logger":"root"}
{"timestamp":"2025-06-12T10:54:34.616890","level":"info","event":"Done. Returned value was: None","logger":"airflow.task.operators.airflow.providers.standard.decorators.python._PythonDecoratedOperator"}
{"timestamp":"2025-06-12T10:54:34.704716Z","level":"info","event":"Task instance in success state","chan":"stdout","logger":"task"}
{"timestamp":"2025-06-12T10:54:34.704982Z","level":"info","event":" Previous state of the Task instance: TaskInstanceState.RUNNING","chan":"stdout","logger":"task"}
{"timestamp":"2025-06-12T10:54:34.705105Z","level":"info","event":"Task operator:<Task(_PythonDecoratedOperator): load_customer_data>","chan":"stdout","logger":"task"}
