{"timestamp":"2025-06-12T11:57:33.439677","level":"info","event":"DAG bundles loaded: dags-folder, example_dags","logger":"airflow.dag_processing.bundles.manager.DagBundlesManager"}
{"timestamp":"2025-06-12T11:57:33.440393","level":"info","event":"Filling up the DagBag from /opt/airflow/dags/banking_airflow_pipeline/dag_ingesting_banking_data_into_PostgreSQL.py","logger":"airflow.models.dagbag.DagBag"}
{"timestamp":"2025-06-12T11:57:33.615548Z","level":"info","event":"Task instance is in running state","chan":"stdout","logger":"task"}
{"timestamp":"2025-06-12T11:57:33.615723Z","level":"info","event":" Previous state of the Task instance: TaskInstanceState.QUEUED","chan":"stdout","logger":"task"}
{"timestamp":"2025-06-12T11:57:33.615835Z","level":"info","event":"Current task name:load_accounts_data","chan":"stdout","logger":"task"}
{"timestamp":"2025-06-12T11:57:33.615888Z","level":"info","event":"Dag name:dag_load_data_into_postgres_v5","chan":"stdout","logger":"task"}
{"timestamp":"2025-06-12T11:57:33.593167","level":"info","event":"Connecting to PostgreSQL database...","logger":"root"}
{"timestamp":"2025-06-12T11:57:33.625223","level":"info","event":"Connection established successfully.","logger":"root"}
{"timestamp":"2025-06-12T11:57:33.626053","level":"info","event":"Reading CSV files from local path: /opt/airflow/dags/banking_airflow_pipeline/data/run_20250612_115707","logger":"root"}
{"timestamp":"2025-06-12T11:57:33.665932","level":"info","event":"Adding metadata to dataframes...","logger":"root"}
{"timestamp":"2025-06-12T11:57:33.668612","level":"info","event":"Loading accounts data into PostgreSQL...","logger":"root"}
{"timestamp":"2025-06-12T11:57:33.859291","level":"info","event":"Loading accounts data into PostgreSQL...","logger":"root"}
{"timestamp":"2025-06-12T11:57:33.927407","level":"error","event":"Task failed with exception","logger":"task","error_detail":[{"exc_type":"ForeignKeyViolation","exc_value":"insert or update on table \"accounts\" violates foreign key constraint \"accounts_customer_id_fkey\"\nDETAIL:  Key (customer_id)=(256925) is not present in table \"customer\".\n","exc_notes":[],"syntax_error":null,"is_cause":false,"frames":[{"filename":"/home/airflow/.local/lib/python3.12/site-packages/airflow/sdk/execution_time/task_runner.py","lineno":838,"name":"run"},{"filename":"/home/airflow/.local/lib/python3.12/site-packages/airflow/sdk/execution_time/task_runner.py","lineno":1130,"name":"_execute_task"},{"filename":"/home/airflow/.local/lib/python3.12/site-packages/airflow/sdk/bases/operator.py","lineno":408,"name":"wrapper"},{"filename":"/home/airflow/.local/lib/python3.12/site-packages/airflow/sdk/bases/decorator.py","lineno":251,"name":"execute"},{"filename":"/home/airflow/.local/lib/python3.12/site-packages/airflow/sdk/bases/operator.py","lineno":408,"name":"wrapper"},{"filename":"/home/airflow/.local/lib/python3.12/site-packages/airflow/providers/standard/operators/python.py","lineno":212,"name":"execute"},{"filename":"/home/airflow/.local/lib/python3.12/site-packages/airflow/providers/standard/operators/python.py","lineno":235,"name":"execute_callable"},{"filename":"/home/airflow/.local/lib/python3.12/site-packages/airflow/sdk/execution_time/callback_runner.py","lineno":81,"name":"run"},{"filename":"/opt/airflow/dags/banking_airflow_pipeline/dag_ingesting_banking_data_into_PostgreSQL.py","lineno":49,"name":"load_accounts_data"},{"filename":"/opt/airflow/dags/banking_airflow_pipeline/load_data_from_2Source_into_pg.py","lineno":62,"name":"load_accounts_data_into_pg"}]}]}
{"timestamp":"2025-06-12T11:57:33.933089Z","level":"info","event":"Task instance in failure state","chan":"stdout","logger":"task"}
{"timestamp":"2025-06-12T11:57:33.933319Z","level":"info","event":"Task start","chan":"stdout","logger":"task"}
{"timestamp":"2025-06-12T11:57:33.933463Z","level":"info","event":"Task:<Task(_PythonDecoratedOperator): load_accounts_data>","chan":"stdout","logger":"task"}
{"timestamp":"2025-06-12T11:57:33.933600Z","level":"info","event":"Failure caused by insert or update on table \"accounts\" violates foreign key constraint \"accounts_customer_id_fkey\"","chan":"stdout","logger":"task"}
{"timestamp":"2025-06-12T11:57:33.933798Z","level":"info","event":"DETAIL:  Key (customer_id)=(256925) is not present in table \"customer\".","chan":"stdout","logger":"task"}
{"timestamp":"2025-06-12T11:57:33.933967Z","level":"info","event":"","chan":"stdout","logger":"task"}
{"timestamp":"2025-06-12T11:57:33.940913","level":"error","event":"Top level error","logger":"task","error_detail":[{"exc_type":"UndefinedError","exc_value":"'airflow.sdk.execution_time.task_runner.RuntimeTaskInstance object' has no attribute 'log_url'","exc_notes":[],"syntax_error":null,"is_cause":false,"frames":[{"filename":"/home/airflow/.local/lib/python3.12/site-packages/airflow/sdk/execution_time/task_runner.py","lineno":1268,"name":"main"},{"filename":"/home/airflow/.local/lib/python3.12/site-packages/airflow/sdk/execution_time/task_runner.py","lineno":1248,"name":"finalize"},{"filename":"/home/airflow/.local/lib/python3.12/site-packages/airflow/sdk/execution_time/task_runner.py","lineno":1076,"name":"_send_task_error_email"},{"filename":"/home/airflow/.local/lib/python3.12/site-packages/airflow/models/taskinstance.py","lineno":473,"name":"_get_email_subject_content"},{"filename":"/home/airflow/.local/lib/python3.12/site-packages/airflow/models/taskinstance.py","lineno":470,"name":"render"},{"filename":"/home/airflow/.local/lib/python3.12/site-packages/airflow/utils/helpers.py","lineno":244,"name":"render_template_to_string"},{"filename":"/home/airflow/.local/lib/python3.12/site-packages/airflow/utils/helpers.py","lineno":239,"name":"render_template"},{"filename":"<template>","lineno":22,"name":"root"},{"filename":"/home/airflow/.local/lib/python3.12/site-packages/jinja2/runtime.py","lineno":859,"name":"_fail_with_undefined_error"}]}]}
{"timestamp":"2025-06-12T11:57:33.967119Z","level":"warning","event":"Process exited abnormally","exit_code":1,"logger":"task"}
