{"timestamp":"2025-06-13T02:20:01.463055","level":"info","event":"DAG bundles loaded: dags-folder, example_dags","logger":"airflow.dag_processing.bundles.manager.DagBundlesManager"}
{"timestamp":"2025-06-13T02:20:01.465397","level":"info","event":"Filling up the DagBag from /opt/airflow/dags/banking_airflow_pipeline/dag_ingesting_banking_data_into_PostgreSQL.py","logger":"airflow.models.dagbag.DagBag"}
{"timestamp":"2025-06-13T02:20:01.588039Z","level":"info","event":"Task instance is in running state","chan":"stdout","logger":"task"}
{"timestamp":"2025-06-13T02:20:01.588321Z","level":"info","event":" Previous state of the Task instance: TaskInstanceState.QUEUED","chan":"stdout","logger":"task"}
{"timestamp":"2025-06-13T02:20:01.588396Z","level":"info","event":"Current task name:load_credit_cards_data","chan":"stdout","logger":"task"}
{"timestamp":"2025-06-13T02:20:01.588444Z","level":"info","event":"Dag name:dag_load_data_into_postgres_v7","chan":"stdout","logger":"task"}
{"timestamp":"2025-06-13T02:20:01.501517","level":"info","event":"Connecting to PostgreSQL database...","logger":"root"}
{"timestamp":"2025-06-13T02:20:01.515628","level":"info","event":"Connection established successfully.","logger":"root"}
{"timestamp":"2025-06-13T02:20:01.518547","level":"info","event":"Reading CSV files from local path: /opt/airflow/dags/banking_airflow_pipeline/data/run_20250613_021912","logger":"root"}
{"timestamp":"2025-06-13T02:20:01.532400","level":"info","event":"Adding metadata to dataframes...","logger":"root"}
{"timestamp":"2025-06-13T02:20:01.534131","level":"info","event":"Loading accounts data into PostgreSQL...","logger":"root"}
{"timestamp":"2025-06-13T02:20:01.549115","level":"info","event":"Loading credit cards data into PostgreSQL...","logger":"root"}
{"timestamp":"2025-06-13T02:20:01.586191","level":"info","event":"Credit cards data loaded successfully.","logger":"root"}
{"timestamp":"2025-06-13T02:20:01.615200","level":"info","event":"Loading data into PostgreSQL...","logger":"root"}
{"timestamp":"2025-06-13T02:20:01.618147","level":"info","event":"PostgreSQL connection closed.","logger":"root"}
{"timestamp":"2025-06-13T02:20:01.618271","level":"info","event":"Data loading completed successfully.","logger":"root"}
{"timestamp":"2025-06-13T02:20:01.618467","level":"info","event":"Done. Returned value was: None","logger":"airflow.task.operators.airflow.providers.standard.decorators.python._PythonDecoratedOperator"}
{"timestamp":"2025-06-13T02:20:01.676407Z","level":"info","event":"Task instance in success state","chan":"stdout","logger":"task"}
{"timestamp":"2025-06-13T02:20:01.677297Z","level":"info","event":" Previous state of the Task instance: TaskInstanceState.RUNNING","chan":"stdout","logger":"task"}
{"timestamp":"2025-06-13T02:20:01.678289Z","level":"info","event":"Task operator:<Task(_PythonDecoratedOperator): load_credit_cards_data>","chan":"stdout","logger":"task"}
