{"timestamp":"2025-06-12T09:50:02.404406","level":"info","event":"DAG bundles loaded: dags-folder, example_dags","logger":"airflow.dag_processing.bundles.manager.DagBundlesManager"}
{"timestamp":"2025-06-12T09:50:02.405128","level":"info","event":"Filling up the DagBag from /opt/airflow/dags/banking_airflow_pipeline/dag_ingesting_banking_data_into_PostgreSQL.py","logger":"airflow.models.dagbag.DagBag"}
{"timestamp":"2025-06-12T09:50:02.454306","level":"info","event":"Connecting to PostgreSQL database...","logger":"root"}
{"timestamp":"2025-06-12T09:50:02.468523","level":"info","event":"Connection established successfully.","logger":"root"}
{"timestamp":"2025-06-12T09:50:02.469181","level":"info","event":"Reading CSV files from sftp path: /opt/airflow/sftp_data/run_20250612_075504","logger":"root"}
{"timestamp":"2025-06-12T09:50:02.582296Z","level":"info","event":"Task instance is in running state","chan":"stdout","logger":"task"}
{"timestamp":"2025-06-12T09:50:02.583829Z","level":"info","event":" Previous state of the Task instance: TaskInstanceState.QUEUED","chan":"stdout","logger":"task"}
{"timestamp":"2025-06-12T09:50:02.584152Z","level":"info","event":"Current task name:load_customer_data","chan":"stdout","logger":"task"}
{"timestamp":"2025-06-12T09:50:02.584344Z","level":"info","event":"Dag name:dag_load_data_into_postgres_v3","chan":"stdout","logger":"task"}
{"timestamp":"2025-06-12T09:50:02.505711","level":"info","event":"Adding metadata to dataframes...","logger":"root"}
{"timestamp":"2025-06-12T09:50:02.507617","level":"info","event":"Loading customer data into PostgreSQL...","logger":"root"}
{"timestamp":"2025-06-12T09:50:02.587720","level":"info","event":"Loading customers data into PostgreSQL...","logger":"root"}
{"timestamp":"2025-06-12T09:50:02.664697","level":"info","event":"Customer data loaded successfully.","logger":"root"}
{"timestamp":"2025-06-12T09:50:02.797990","level":"info","event":"Loading data into PostgreSQL...","logger":"root"}
{"timestamp":"2025-06-12T09:50:02.798598","level":"info","event":"PostgreSQL connection closed.","logger":"root"}
{"timestamp":"2025-06-12T09:50:02.798838","level":"info","event":"Data loading completed successfully.","logger":"root"}
{"timestamp":"2025-06-12T09:50:02.804504","level":"info","event":"Done. Returned value was: None","logger":"airflow.task.operators.airflow.providers.standard.decorators.python._PythonDecoratedOperator"}
{"timestamp":"2025-06-12T09:50:02.856799Z","level":"info","event":"Task instance in success state","chan":"stdout","logger":"task"}
{"timestamp":"2025-06-12T09:50:02.857046Z","level":"info","event":" Previous state of the Task instance: TaskInstanceState.RUNNING","chan":"stdout","logger":"task"}
{"timestamp":"2025-06-12T09:50:02.857190Z","level":"info","event":"Task operator:<Task(_PythonDecoratedOperator): load_customer_data>","chan":"stdout","logger":"task"}
