{"timestamp":"2025-06-13T03:36:52.022454","level":"info","event":"DAG bundles loaded: dags-folder, example_dags","logger":"airflow.dag_processing.bundles.manager.DagBundlesManager"}
{"timestamp":"2025-06-13T03:36:52.022973","level":"info","event":"Filling up the DagBag from /opt/airflow/dags/banking_airflow_pipeline/dag_ingesting_banking_data_into_PostgreSQL.py","logger":"airflow.models.dagbag.DagBag"}
{"timestamp":"2025-06-13T03:36:52.052822","level":"info","event":"Connecting to PostgreSQL database...","logger":"root"}
{"timestamp":"2025-06-13T03:36:52.081509Z","level":"info","event":"Task instance is in running state","chan":"stdout","logger":"task"}
{"timestamp":"2025-06-13T03:36:52.081938Z","level":"info","event":" Previous state of the Task instance: TaskInstanceState.QUEUED","chan":"stdout","logger":"task"}
{"timestamp":"2025-06-13T03:36:52.082252Z","level":"info","event":"Current task name:load_accounts_data","chan":"stdout","logger":"task"}
{"timestamp":"2025-06-13T03:36:52.082477Z","level":"info","event":"Dag name:dag_load_data_into_postgres_v8","chan":"stdout","logger":"task"}
{"timestamp":"2025-06-13T03:36:52.063335","level":"info","event":"Connection established successfully.","logger":"root"}
{"timestamp":"2025-06-13T03:36:52.066861","level":"info","event":"Reading CSV files from local path: /opt/airflow/dags/banking_airflow_pipeline/data/run_20250613_033623","logger":"root"}
{"timestamp":"2025-06-13T03:36:52.078331","level":"info","event":"Adding metadata to dataframes...","logger":"root"}
{"timestamp":"2025-06-13T03:36:52.080439","level":"info","event":"Loading accounts data into PostgreSQL...","logger":"root"}
{"timestamp":"2025-06-13T03:36:52.115185","level":"info","event":"Loading accounts data into PostgreSQL...","logger":"root"}
{"timestamp":"2025-06-13T03:36:52.160978","level":"info","event":"Accounts data loaded successfully.","logger":"root"}
{"timestamp":"2025-06-13T03:36:52.209421","level":"info","event":"Loading data into PostgreSQL...","logger":"root"}
{"timestamp":"2025-06-13T03:36:52.209805","level":"info","event":"PostgreSQL connection closed.","logger":"root"}
{"timestamp":"2025-06-13T03:36:52.209958","level":"info","event":"Data loading completed successfully.","logger":"root"}
{"timestamp":"2025-06-13T03:36:52.210315","level":"info","event":"Done. Returned value was: None","logger":"airflow.task.operators.airflow.providers.standard.decorators.python._PythonDecoratedOperator"}
{"timestamp":"2025-06-13T03:36:52.242097Z","level":"info","event":"Task instance in success state","chan":"stdout","logger":"task"}
{"timestamp":"2025-06-13T03:36:52.242237Z","level":"info","event":" Previous state of the Task instance: TaskInstanceState.RUNNING","chan":"stdout","logger":"task"}
{"timestamp":"2025-06-13T03:36:52.242283Z","level":"info","event":"Task operator:<Task(_PythonDecoratedOperator): load_accounts_data>","chan":"stdout","logger":"task"}
