{"timestamp":"2025-06-13T07:18:07.024308","level":"info","event":"DAG bundles loaded: dags-folder, example_dags","logger":"airflow.dag_processing.bundles.manager.DagBundlesManager"}
{"timestamp":"2025-06-13T07:18:07.024988","level":"info","event":"Filling up the DagBag from /opt/airflow/dags/banking_airflow_pipeline/dag_ingesting_banking_data_into_PostgreSQL.py","logger":"airflow.models.dagbag.DagBag"}
{"timestamp":"2025-06-13T07:18:07.111111Z","level":"info","event":"Task instance is in running state","chan":"stdout","logger":"task"}
{"timestamp":"2025-06-13T07:18:07.111493Z","level":"info","event":" Previous state of the Task instance: TaskInstanceState.QUEUED","chan":"stdout","logger":"task"}
{"timestamp":"2025-06-13T07:18:07.113794Z","level":"info","event":"Current task name:load_credit_cards_data","chan":"stdout","logger":"task"}
{"timestamp":"2025-06-13T07:18:07.114017Z","level":"info","event":"Dag name:dag_load_data_into_postgres_v9","chan":"stdout","logger":"task"}
{"timestamp":"2025-06-13T07:18:07.078655","level":"info","event":"Connecting to PostgreSQL database...","logger":"root"}
{"timestamp":"2025-06-13T07:18:07.098200","level":"info","event":"Connection established successfully.","logger":"root"}
{"timestamp":"2025-06-13T07:18:07.102071","level":"info","event":"Reading CSV files from local path: /opt/airflow/dags/banking_airflow_pipeline/data/run_20250613_071738","logger":"root"}
{"timestamp":"2025-06-13T07:18:07.111004","level":"info","event":"Adding metadata to dataframes...","logger":"root"}
{"timestamp":"2025-06-13T07:18:07.112496","level":"info","event":"Loading accounts data into PostgreSQL...","logger":"root"}
{"timestamp":"2025-06-13T07:18:07.125382","level":"info","event":"Loading credit cards data into PostgreSQL...","logger":"root"}
{"timestamp":"2025-06-13T07:18:07.146029","level":"info","event":"Credit cards data loaded successfully.","logger":"root"}
{"timestamp":"2025-06-13T07:18:07.180347","level":"info","event":"Loading data into PostgreSQL...","logger":"root"}
{"timestamp":"2025-06-13T07:18:07.181248","level":"info","event":"PostgreSQL connection closed.","logger":"root"}
{"timestamp":"2025-06-13T07:18:07.183275","level":"info","event":"Data loading completed successfully.","logger":"root"}
{"timestamp":"2025-06-13T07:18:07.183907","level":"info","event":"Done. Returned value was: None","logger":"airflow.task.operators.airflow.providers.standard.decorators.python._PythonDecoratedOperator"}
{"timestamp":"2025-06-13T07:18:07.221293Z","level":"info","event":"Task instance in success state","chan":"stdout","logger":"task"}
{"timestamp":"2025-06-13T07:18:07.221637Z","level":"info","event":" Previous state of the Task instance: TaskInstanceState.RUNNING","chan":"stdout","logger":"task"}
{"timestamp":"2025-06-13T07:18:07.221885Z","level":"info","event":"Task operator:<Task(_PythonDecoratedOperator): load_credit_cards_data>","chan":"stdout","logger":"task"}
