{"timestamp":"2025-06-13T03:22:37.382432","level":"info","event":"DAG bundles loaded: dags-folder, example_dags","logger":"airflow.dag_processing.bundles.manager.DagBundlesManager"}
{"timestamp":"2025-06-13T03:22:37.383095","level":"info","event":"Filling up the DagBag from /opt/airflow/dags/banking_airflow_pipeline/dag_ingesting_banking_data_into_PostgreSQL.py","logger":"airflow.models.dagbag.DagBag"}
{"timestamp":"2025-06-13T03:22:37.415530","level":"info","event":"Connecting to PostgreSQL database...","logger":"root"}
{"timestamp":"2025-06-13T03:22:37.439140Z","level":"info","event":"Task instance is in running state","chan":"stdout","logger":"task"}
{"timestamp":"2025-06-13T03:22:37.439345Z","level":"info","event":" Previous state of the Task instance: TaskInstanceState.QUEUED","chan":"stdout","logger":"task"}
{"timestamp":"2025-06-13T03:22:37.439475Z","level":"info","event":"Current task name:load_customer_data","chan":"stdout","logger":"task"}
{"timestamp":"2025-06-13T03:22:37.439579Z","level":"info","event":"Dag name:dag_load_data_into_postgres_v8","chan":"stdout","logger":"task"}
{"timestamp":"2025-06-13T03:22:37.426868","level":"info","event":"Connection established successfully.","logger":"root"}
{"timestamp":"2025-06-13T03:22:37.433231","level":"info","event":"Reading CSV files from sftp path: /opt/airflow/sftp_data/run_20250613_032210","logger":"root"}
{"timestamp":"2025-06-13T03:22:37.446956","level":"info","event":"Adding metadata to dataframes...","logger":"root"}
{"timestamp":"2025-06-13T03:22:37.448525","level":"info","event":"Loading customer data into PostgreSQL...","logger":"root"}
{"timestamp":"2025-06-13T03:22:37.467239","level":"info","event":"Loading customers data into PostgreSQL...","logger":"root"}
{"timestamp":"2025-06-13T03:22:37.480933","level":"info","event":"Customer data loaded successfully.","logger":"root"}
{"timestamp":"2025-06-13T03:22:37.516946","level":"info","event":"Loading data into PostgreSQL...","logger":"root"}
{"timestamp":"2025-06-13T03:22:37.517185","level":"info","event":"PostgreSQL connection closed.","logger":"root"}
{"timestamp":"2025-06-13T03:22:37.517285","level":"info","event":"Data loading completed successfully.","logger":"root"}
{"timestamp":"2025-06-13T03:22:37.517865","level":"info","event":"Done. Returned value was: None","logger":"airflow.task.operators.airflow.providers.standard.decorators.python._PythonDecoratedOperator"}
{"timestamp":"2025-06-13T03:22:37.551105Z","level":"info","event":"Task instance in success state","chan":"stdout","logger":"task"}
{"timestamp":"2025-06-13T03:22:37.551215Z","level":"info","event":" Previous state of the Task instance: TaskInstanceState.RUNNING","chan":"stdout","logger":"task"}
{"timestamp":"2025-06-13T03:22:37.551251Z","level":"info","event":"Task operator:<Task(_PythonDecoratedOperator): load_customer_data>","chan":"stdout","logger":"task"}
