{"timestamp":"2025-06-14T00:00:30.557472","level":"info","event":"DAG bundles loaded: dags-folder, example_dags","logger":"airflow.dag_processing.bundles.manager.DagBundlesManager"}
{"timestamp":"2025-06-14T00:00:30.560451","level":"info","event":"Filling up the DagBag from /opt/airflow/dags/banking_airflow_pipeline/dag_ingesting_banking_data_into_PostgreSQL.py","logger":"airflow.models.dagbag.DagBag"}
{"timestamp":"2025-06-14T00:00:30.684310Z","level":"info","event":"Task instance is in running state","chan":"stdout","logger":"task"}
{"timestamp":"2025-06-14T00:00:30.684460Z","level":"info","event":" Previous state of the Task instance: TaskInstanceState.QUEUED","chan":"stdout","logger":"task"}
{"timestamp":"2025-06-14T00:00:30.684530Z","level":"info","event":"Current task name:load_accounts_data","chan":"stdout","logger":"task"}
{"timestamp":"2025-06-14T00:00:30.684587Z","level":"info","event":"Dag name:dag_load_data_into_postgres","chan":"stdout","logger":"task"}
{"timestamp":"2025-06-14T00:00:30.648394","level":"info","event":"Connecting to PostgreSQL database...","logger":"root"}
{"timestamp":"2025-06-14T00:00:30.672853","level":"info","event":"Connection established successfully.","logger":"root"}
{"timestamp":"2025-06-14T00:00:30.673212","level":"info","event":"Reading CSV files from local path: /opt/airflow/dags/banking_airflow_pipeline/data/run_20250614_000002","logger":"root"}
{"timestamp":"2025-06-14T00:00:30.716063","level":"info","event":"Adding metadata to dataframes...","logger":"root"}
{"timestamp":"2025-06-14T00:00:30.737207","level":"info","event":"Loading accounts data into PostgreSQL...","logger":"root"}
{"timestamp":"2025-06-14T00:00:30.841116","level":"info","event":"Loading accounts data into PostgreSQL...","logger":"root"}
{"timestamp":"2025-06-14T00:00:30.917840","level":"info","event":"Accounts data loaded successfully.","logger":"root"}
{"timestamp":"2025-06-14T00:00:30.987845","level":"info","event":"Loading data into PostgreSQL...","logger":"root"}
{"timestamp":"2025-06-14T00:00:30.988017","level":"info","event":"PostgreSQL connection closed.","logger":"root"}
{"timestamp":"2025-06-14T00:00:30.988081","level":"info","event":"Data loading completed successfully.","logger":"root"}
{"timestamp":"2025-06-14T00:00:30.988295","level":"info","event":"Done. Returned value was: None","logger":"airflow.task.operators.airflow.providers.standard.decorators.python._PythonDecoratedOperator"}
{"timestamp":"2025-06-14T00:00:31.040150Z","level":"info","event":"Task instance in success state","chan":"stdout","logger":"task"}
{"timestamp":"2025-06-14T00:00:31.040297Z","level":"info","event":" Previous state of the Task instance: TaskInstanceState.RUNNING","chan":"stdout","logger":"task"}
{"timestamp":"2025-06-14T00:00:31.040378Z","level":"info","event":"Task operator:<Task(_PythonDecoratedOperator): load_accounts_data>","chan":"stdout","logger":"task"}
