{"timestamp":"2025-06-13T06:58:59.048511","level":"info","event":"DAG bundles loaded: dags-folder, example_dags","logger":"airflow.dag_processing.bundles.manager.DagBundlesManager"}
{"timestamp":"2025-06-13T06:58:59.049060","level":"info","event":"Filling up the DagBag from /opt/airflow/dags/banking_airflow_pipeline/dag_ingesting_banking_data_into_PostgreSQL.py","logger":"airflow.models.dagbag.DagBag"}
{"timestamp":"2025-06-13T06:58:59.116085Z","level":"info","event":"Task instance is in running state","chan":"stdout","logger":"task"}
{"timestamp":"2025-06-13T06:58:59.119667Z","level":"info","event":" Previous state of the Task instance: TaskInstanceState.QUEUED","chan":"stdout","logger":"task"}
{"timestamp":"2025-06-13T06:58:59.119779Z","level":"info","event":"Current task name:load_customer_data","chan":"stdout","logger":"task"}
{"timestamp":"2025-06-13T06:58:59.119856Z","level":"info","event":"Dag name:dag_load_data_into_postgres_v9","chan":"stdout","logger":"task"}
{"timestamp":"2025-06-13T06:58:59.083314","level":"info","event":"Connecting to PostgreSQL database...","logger":"root"}
{"timestamp":"2025-06-13T06:58:59.098710","level":"info","event":"Connection established successfully.","logger":"root"}
{"timestamp":"2025-06-13T06:58:59.104209","level":"info","event":"Reading CSV files from sftp path: /opt/airflow/sftp_data/run_20250613_065833","logger":"root"}
{"timestamp":"2025-06-13T06:58:59.124684","level":"info","event":"Adding metadata to dataframes...","logger":"root"}
{"timestamp":"2025-06-13T06:58:59.126718","level":"info","event":"Loading customer data into PostgreSQL...","logger":"root"}
{"timestamp":"2025-06-13T06:58:59.145534","level":"info","event":"Loading customers data into PostgreSQL...","logger":"root"}
{"timestamp":"2025-06-13T06:58:59.164991","level":"info","event":"Customer data loaded successfully.","logger":"root"}
{"timestamp":"2025-06-13T06:58:59.180404","level":"info","event":"Loading data into PostgreSQL...","logger":"root"}
{"timestamp":"2025-06-13T06:58:59.183164","level":"info","event":"PostgreSQL connection closed.","logger":"root"}
{"timestamp":"2025-06-13T06:58:59.183267","level":"info","event":"Data loading completed successfully.","logger":"root"}
{"timestamp":"2025-06-13T06:58:59.183598","level":"info","event":"Done. Returned value was: None","logger":"airflow.task.operators.airflow.providers.standard.decorators.python._PythonDecoratedOperator"}
{"timestamp":"2025-06-13T06:58:59.212981Z","level":"info","event":"Task instance in success state","chan":"stdout","logger":"task"}
{"timestamp":"2025-06-13T06:58:59.213138Z","level":"info","event":" Previous state of the Task instance: TaskInstanceState.RUNNING","chan":"stdout","logger":"task"}
{"timestamp":"2025-06-13T06:58:59.213203Z","level":"info","event":"Task operator:<Task(_PythonDecoratedOperator): load_customer_data>","chan":"stdout","logger":"task"}
