{"timestamp":"2025-06-11T05:55:30.921305","level":"info","event":"DAG bundles loaded: dags-folder, example_dags","logger":"airflow.dag_processing.bundles.manager.DagBundlesManager"}
{"timestamp":"2025-06-11T05:55:30.922521","level":"info","event":"Filling up the DagBag from /opt/airflow/dags/banking_airflow_pipeline/dag_ingest_data_from_sftp.py","logger":"airflow.models.dagbag.DagBag"}
{"timestamp":"2025-06-11T05:55:31.047929Z","level":"info","event":"Task instance is in running state","chan":"stdout","logger":"task"}
{"timestamp":"2025-06-11T05:55:31.048232Z","level":"info","event":" Previous state of the Task instance: TaskInstanceState.QUEUED","chan":"stdout","logger":"task"}
{"timestamp":"2025-06-11T05:55:31.048399Z","level":"info","event":"Current task name:load_accounts_data_from_sftp","chan":"stdout","logger":"task"}
{"timestamp":"2025-06-11T05:55:31.048541Z","level":"info","event":"Dag name:load_data_into_postgres","chan":"stdout","logger":"task"}
{"timestamp":"2025-06-11T05:55:30.988578","level":"info","event":"Connecting to PostgreSQL database...","logger":"root"}
{"timestamp":"2025-06-11T05:55:31.028637","level":"info","event":"Connection established successfully.","logger":"root"}
{"timestamp":"2025-06-11T05:55:31.029004","level":"info","event":"Reading CSV files from local path: /opt/airflow/dags/banking_airflow_pipeline/data/","logger":"root"}
{"timestamp":"2025-06-11T05:55:31.086721","level":"info","event":"Adding metadata to dataframes...","logger":"root"}
{"timestamp":"2025-06-11T05:55:31.090965","level":"info","event":"Loading accounts data into PostgreSQL...","logger":"root"}
{"timestamp":"2025-06-11T05:55:31.279989","level":"info","event":"Loading accounts data into PostgreSQL...","logger":"root"}
{"timestamp":"2025-06-11T05:55:31.684332","level":"info","event":"Accounts data loaded successfully.","logger":"root"}
{"timestamp":"2025-06-11T05:55:31.698027","level":"info","event":"Loading data into PostgreSQL...","logger":"root"}
{"timestamp":"2025-06-11T05:55:31.698386","level":"info","event":"PostgreSQL connection closed.","logger":"root"}
{"timestamp":"2025-06-11T05:55:31.698552","level":"info","event":"Data loading completed successfully.","logger":"root"}
{"timestamp":"2025-06-11T05:55:31.699253","level":"info","event":"Done. Returned value was: Data loaded successfully from local accounts csv to PostgreSQL database.","logger":"airflow.task.operators.airflow.providers.standard.operators.python.PythonOperator"}
{"timestamp":"2025-06-11T05:55:31.699742","level":"info","event":"Pushing xcom","ti":"RuntimeTaskInstance(id=UUID('01975d8e-c375-78a6-94ec-d90636b84370'), task_id='load_accounts_data_from_sftp', dag_id='load_data_into_postgres', run_id='scheduled__2025-06-11T05:55:26.439069+00:00', try_number=1, map_index=-1, hostname='70ffd000aa3c', context_carrier={}, task=<Task(PythonOperator): load_accounts_data_from_sftp>, bundle_instance=LocalDagBundle(name=dags-folder), max_tries=1, start_date=datetime.datetime(2025, 6, 11, 5, 55, 29, 326985, tzinfo=TzInfo(UTC)), end_date=None, state=<TaskInstanceState.RUNNING: 'running'>, is_mapped=False, rendered_map_index=None)","logger":"task"}
{"timestamp":"2025-06-11T05:55:31.766693Z","level":"info","event":"Task instance in success state","chan":"stdout","logger":"task"}
{"timestamp":"2025-06-11T05:55:31.767039Z","level":"info","event":" Previous state of the Task instance: TaskInstanceState.RUNNING","chan":"stdout","logger":"task"}
{"timestamp":"2025-06-11T05:55:31.767122Z","level":"info","event":"Task operator:<Task(PythonOperator): load_accounts_data_from_sftp>","chan":"stdout","logger":"task"}
