{"timestamp":"2025-06-13T02:07:59.183130","level":"info","event":"DAG bundles loaded: dags-folder, example_dags","logger":"airflow.dag_processing.bundles.manager.DagBundlesManager"}
{"timestamp":"2025-06-13T02:07:59.184076","level":"info","event":"Filling up the DagBag from /opt/airflow/dags/banking_airflow_pipeline/dag_ingesting_banking_data_into_PostgreSQL.py","logger":"airflow.models.dagbag.DagBag"}
{"timestamp":"2025-06-13T02:07:59.257788Z","level":"info","event":"Task instance is in running state","chan":"stdout","logger":"task"}
{"timestamp":"2025-06-13T02:07:59.258356Z","level":"info","event":" Previous state of the Task instance: TaskInstanceState.QUEUED","chan":"stdout","logger":"task"}
{"timestamp":"2025-06-13T02:07:59.258710Z","level":"info","event":"Current task name:load_accounts_data","chan":"stdout","logger":"task"}
{"timestamp":"2025-06-13T02:07:59.259106Z","level":"info","event":"Dag name:dag_load_data_into_postgres_v7","chan":"stdout","logger":"task"}
{"timestamp":"2025-06-13T02:07:59.215851","level":"info","event":"Connecting to PostgreSQL database...","logger":"root"}
{"timestamp":"2025-06-13T02:07:59.225789","level":"info","event":"Connection established successfully.","logger":"root"}
{"timestamp":"2025-06-13T02:07:59.228845","level":"info","event":"Reading CSV files from local path: /opt/airflow/dags/banking_airflow_pipeline/data/run_20250613_020716","logger":"root"}
{"timestamp":"2025-06-13T02:07:59.241059","level":"info","event":"Adding metadata to dataframes...","logger":"root"}
{"timestamp":"2025-06-13T02:07:59.242693","level":"info","event":"Loading accounts data into PostgreSQL...","logger":"root"}
{"timestamp":"2025-06-13T02:07:59.279946","level":"info","event":"Loading accounts data into PostgreSQL...","logger":"root"}
{"timestamp":"2025-06-13T02:07:59.328033","level":"info","event":"Accounts data loaded successfully.","logger":"root"}
{"timestamp":"2025-06-13T02:07:59.380567","level":"info","event":"Loading data into PostgreSQL...","logger":"root"}
{"timestamp":"2025-06-13T02:07:59.381996","level":"info","event":"PostgreSQL connection closed.","logger":"root"}
{"timestamp":"2025-06-13T02:07:59.382225","level":"info","event":"Data loading completed successfully.","logger":"root"}
{"timestamp":"2025-06-13T02:07:59.382642","level":"info","event":"Done. Returned value was: None","logger":"airflow.task.operators.airflow.providers.standard.decorators.python._PythonDecoratedOperator"}
{"timestamp":"2025-06-13T02:07:59.421033Z","level":"info","event":"Task instance in success state","chan":"stdout","logger":"task"}
{"timestamp":"2025-06-13T02:07:59.421278Z","level":"info","event":" Previous state of the Task instance: TaskInstanceState.RUNNING","chan":"stdout","logger":"task"}
{"timestamp":"2025-06-13T02:07:59.421413Z","level":"info","event":"Task operator:<Task(_PythonDecoratedOperator): load_accounts_data>","chan":"stdout","logger":"task"}
