{"timestamp":"2025-06-13T02:16:05.747291","level":"info","event":"DAG bundles loaded: dags-folder, example_dags","logger":"airflow.dag_processing.bundles.manager.DagBundlesManager"}
{"timestamp":"2025-06-13T02:16:05.748037","level":"info","event":"Filling up the DagBag from /opt/airflow/dags/banking_airflow_pipeline/dag_ingesting_banking_data_into_PostgreSQL.py","logger":"airflow.models.dagbag.DagBag"}
{"timestamp":"2025-06-13T02:16:05.803572Z","level":"info","event":"Task instance is in running state","chan":"stdout","logger":"task"}
{"timestamp":"2025-06-13T02:16:05.803926Z","level":"info","event":" Previous state of the Task instance: TaskInstanceState.QUEUED","chan":"stdout","logger":"task"}
{"timestamp":"2025-06-13T02:16:05.804065Z","level":"info","event":"Current task name:load_customer_data","chan":"stdout","logger":"task"}
{"timestamp":"2025-06-13T02:16:05.804131Z","level":"info","event":"Dag name:dag_load_data_into_postgres_v7","chan":"stdout","logger":"task"}
{"timestamp":"2025-06-13T02:16:05.777992","level":"info","event":"Connecting to PostgreSQL database...","logger":"root"}
{"timestamp":"2025-06-13T02:16:05.787258","level":"info","event":"Connection established successfully.","logger":"root"}
{"timestamp":"2025-06-13T02:16:05.790398","level":"info","event":"Reading CSV files from sftp path: /opt/airflow/sftp_data/run_20250613_021357","logger":"root"}
{"timestamp":"2025-06-13T02:16:05.805725","level":"info","event":"Adding metadata to dataframes...","logger":"root"}
{"timestamp":"2025-06-13T02:16:05.807125","level":"info","event":"Loading customer data into PostgreSQL...","logger":"root"}
{"timestamp":"2025-06-13T02:16:05.825695","level":"info","event":"Loading customers data into PostgreSQL...","logger":"root"}
{"timestamp":"2025-06-13T02:16:05.840253","level":"info","event":"Customer data loaded successfully.","logger":"root"}
{"timestamp":"2025-06-13T02:16:05.859429","level":"info","event":"Loading data into PostgreSQL...","logger":"root"}
{"timestamp":"2025-06-13T02:16:05.859659","level":"info","event":"PostgreSQL connection closed.","logger":"root"}
{"timestamp":"2025-06-13T02:16:05.859788","level":"info","event":"Data loading completed successfully.","logger":"root"}
{"timestamp":"2025-06-13T02:16:05.860195","level":"info","event":"Done. Returned value was: None","logger":"airflow.task.operators.airflow.providers.standard.decorators.python._PythonDecoratedOperator"}
{"timestamp":"2025-06-13T02:16:05.884608Z","level":"info","event":"Task instance in success state","chan":"stdout","logger":"task"}
{"timestamp":"2025-06-13T02:16:05.884815Z","level":"info","event":" Previous state of the Task instance: TaskInstanceState.RUNNING","chan":"stdout","logger":"task"}
{"timestamp":"2025-06-13T02:16:05.884908Z","level":"info","event":"Task operator:<Task(_PythonDecoratedOperator): load_customer_data>","chan":"stdout","logger":"task"}
