{"timestamp":"2025-06-12T10:59:54.274351","level":"info","event":"DAG bundles loaded: dags-folder, example_dags","logger":"airflow.dag_processing.bundles.manager.DagBundlesManager"}
{"timestamp":"2025-06-12T10:59:54.275101","level":"info","event":"Filling up the DagBag from /opt/airflow/dags/banking_airflow_pipeline/dag_ingesting_banking_data_into_PostgreSQL.py","logger":"airflow.models.dagbag.DagBag"}
{"timestamp":"2025-06-12T10:59:54.675704Z","level":"info","event":"Task instance is in running state","chan":"stdout","logger":"task"}
{"timestamp":"2025-06-12T10:59:54.675959Z","level":"info","event":" Previous state of the Task instance: TaskInstanceState.QUEUED","chan":"stdout","logger":"task"}
{"timestamp":"2025-06-12T10:59:54.676044Z","level":"info","event":"Current task name:load_accounts_data","chan":"stdout","logger":"task"}
{"timestamp":"2025-06-12T10:59:54.676094Z","level":"info","event":"Dag name:dag_load_data_into_postgres_v5","chan":"stdout","logger":"task"}
{"timestamp":"2025-06-12T10:59:54.617709","level":"info","event":"Connecting to PostgreSQL database...","logger":"root"}
{"timestamp":"2025-06-12T10:59:54.722637","level":"info","event":"Connection established successfully.","logger":"root"}
{"timestamp":"2025-06-12T10:59:54.726042","level":"info","event":"Reading CSV files from local path: /opt/airflow/dags/banking_airflow_pipeline/data/run_20250612_105924","logger":"root"}
{"timestamp":"2025-06-12T10:59:54.913067","level":"info","event":"Adding metadata to dataframes...","logger":"root"}
{"timestamp":"2025-06-12T10:59:54.938651","level":"info","event":"Loading accounts data into PostgreSQL...","logger":"root"}
{"timestamp":"2025-06-12T10:59:55.457889","level":"info","event":"Loading accounts data into PostgreSQL...","logger":"root"}
{"timestamp":"2025-06-12T10:59:55.555280","level":"error","event":"Task failed with exception","logger":"task","error_detail":[{"exc_type":"UniqueViolation","exc_value":"duplicate key value violates unique constraint \"accounts_pkey\"\nDETAIL:  Key (account_id)=(4872) already exists.\nCONTEXT:  COPY accounts, line 1\n","exc_notes":[],"syntax_error":null,"is_cause":false,"frames":[{"filename":"/home/airflow/.local/lib/python3.12/site-packages/airflow/sdk/execution_time/task_runner.py","lineno":838,"name":"run"},{"filename":"/home/airflow/.local/lib/python3.12/site-packages/airflow/sdk/execution_time/task_runner.py","lineno":1130,"name":"_execute_task"},{"filename":"/home/airflow/.local/lib/python3.12/site-packages/airflow/sdk/bases/operator.py","lineno":408,"name":"wrapper"},{"filename":"/home/airflow/.local/lib/python3.12/site-packages/airflow/sdk/bases/decorator.py","lineno":251,"name":"execute"},{"filename":"/home/airflow/.local/lib/python3.12/site-packages/airflow/sdk/bases/operator.py","lineno":408,"name":"wrapper"},{"filename":"/home/airflow/.local/lib/python3.12/site-packages/airflow/providers/standard/operators/python.py","lineno":212,"name":"execute"},{"filename":"/home/airflow/.local/lib/python3.12/site-packages/airflow/providers/standard/operators/python.py","lineno":235,"name":"execute_callable"},{"filename":"/home/airflow/.local/lib/python3.12/site-packages/airflow/sdk/execution_time/callback_runner.py","lineno":81,"name":"run"},{"filename":"/opt/airflow/dags/banking_airflow_pipeline/dag_ingesting_banking_data_into_PostgreSQL.py","lineno":49,"name":"load_accounts_data"},{"filename":"/opt/airflow/dags/banking_airflow_pipeline/load_data_from_2Source_into_pg.py","lineno":62,"name":"load_accounts_data_into_pg"}]}]}
{"timestamp":"2025-06-12T10:59:55.648702Z","level":"info","event":"Task instance in failure state","chan":"stdout","logger":"task"}
{"timestamp":"2025-06-12T10:59:55.659961Z","level":"info","event":"Task start","chan":"stdout","logger":"task"}
{"timestamp":"2025-06-12T10:59:55.660249Z","level":"info","event":"Task:<Task(_PythonDecoratedOperator): load_accounts_data>","chan":"stdout","logger":"task"}
{"timestamp":"2025-06-12T10:59:55.660397Z","level":"info","event":"Failure caused by duplicate key value violates unique constraint \"accounts_pkey\"","chan":"stdout","logger":"task"}
{"timestamp":"2025-06-12T10:59:55.660564Z","level":"info","event":"DETAIL:  Key (account_id)=(4872) already exists.","chan":"stdout","logger":"task"}
{"timestamp":"2025-06-12T10:59:55.660719Z","level":"info","event":"CONTEXT:  COPY accounts, line 1","chan":"stdout","logger":"task"}
{"timestamp":"2025-06-12T10:59:55.661160Z","level":"info","event":"","chan":"stdout","logger":"task"}
