{"timestamp":"2025-06-13T01:38:21.410592","level":"info","event":"DAG bundles loaded: dags-folder, example_dags","logger":"airflow.dag_processing.bundles.manager.DagBundlesManager"}
{"timestamp":"2025-06-13T01:38:21.411303","level":"info","event":"Filling up the DagBag from /opt/airflow/dags/banking_airflow_pipeline/dag_ingesting_banking_data_into_PostgreSQL.py","logger":"airflow.models.dagbag.DagBag"}
{"timestamp":"2025-06-13T01:38:21.446227","level":"info","event":"Connecting to PostgreSQL database...","logger":"root"}
{"timestamp":"2025-06-13T01:38:21.461249","level":"info","event":"Connection established successfully.","logger":"root"}
{"timestamp":"2025-06-13T01:38:21.465731","level":"info","event":"Reading CSV files from sftp path: /opt/airflow/sftp_data/run_20250613_013741","logger":"root"}
{"timestamp":"2025-06-13T01:38:21.480672","level":"info","event":"Adding metadata to dataframes...","logger":"root"}
{"timestamp":"2025-06-13T01:38:21.483710","level":"info","event":"Loading customer data into PostgreSQL...","logger":"root"}
{"timestamp":"2025-06-13T01:38:21.560998Z","level":"info","event":"Task instance is in running state","chan":"stdout","logger":"task"}
{"timestamp":"2025-06-13T01:38:21.562820Z","level":"info","event":" Previous state of the Task instance: TaskInstanceState.QUEUED","chan":"stdout","logger":"task"}
{"timestamp":"2025-06-13T01:38:21.562980Z","level":"info","event":"Current task name:load_customer_data","chan":"stdout","logger":"task"}
{"timestamp":"2025-06-13T01:38:21.563053Z","level":"info","event":"Dag name:dag_load_data_into_postgres_v6","chan":"stdout","logger":"task"}
{"timestamp":"2025-06-13T01:38:21.539294","level":"info","event":"Loading customers data into PostgreSQL...","logger":"root"}
{"timestamp":"2025-06-13T01:38:21.572699","level":"info","event":"Customer data loaded successfully.","logger":"root"}
{"timestamp":"2025-06-13T01:38:21.592860","level":"info","event":"Loading data into PostgreSQL...","logger":"root"}
{"timestamp":"2025-06-13T01:38:21.601481","level":"info","event":"PostgreSQL connection closed.","logger":"root"}
{"timestamp":"2025-06-13T01:38:21.601640","level":"info","event":"Data loading completed successfully.","logger":"root"}
{"timestamp":"2025-06-13T01:38:21.604614","level":"info","event":"Done. Returned value was: None","logger":"airflow.task.operators.airflow.providers.standard.decorators.python._PythonDecoratedOperator"}
{"timestamp":"2025-06-13T01:38:21.667580Z","level":"info","event":"Task instance in success state","chan":"stdout","logger":"task"}
{"timestamp":"2025-06-13T01:38:21.667947Z","level":"info","event":" Previous state of the Task instance: TaskInstanceState.RUNNING","chan":"stdout","logger":"task"}
{"timestamp":"2025-06-13T01:38:21.668167Z","level":"info","event":"Task operator:<Task(_PythonDecoratedOperator): load_customer_data>","chan":"stdout","logger":"task"}
