{"timestamp":"2025-06-14T00:00:28.519369","level":"info","event":"DAG bundles loaded: dags-folder, example_dags","logger":"airflow.dag_processing.bundles.manager.DagBundlesManager"}
{"timestamp":"2025-06-14T00:00:28.521201","level":"info","event":"Filling up the DagBag from /opt/airflow/dags/banking_airflow_pipeline/dag_ingesting_banking_data_into_PostgreSQL.py","logger":"airflow.models.dagbag.DagBag"}
{"timestamp":"2025-06-14T00:00:28.593157Z","level":"info","event":"Task instance is in running state","chan":"stdout","logger":"task"}
{"timestamp":"2025-06-14T00:00:28.593276Z","level":"info","event":" Previous state of the Task instance: TaskInstanceState.QUEUED","chan":"stdout","logger":"task"}
{"timestamp":"2025-06-14T00:00:28.593323Z","level":"info","event":"Current task name:load_customer_data","chan":"stdout","logger":"task"}
{"timestamp":"2025-06-14T00:00:28.593364Z","level":"info","event":"Dag name:dag_load_data_into_postgres","chan":"stdout","logger":"task"}
{"timestamp":"2025-06-14T00:00:28.556098","level":"info","event":"Connecting to PostgreSQL database...","logger":"root"}
{"timestamp":"2025-06-14T00:00:28.581983","level":"info","event":"Connection established successfully.","logger":"root"}
{"timestamp":"2025-06-14T00:00:28.585694","level":"info","event":"Reading CSV files from sftp path: /opt/airflow/sftp_data/run_20250614_000002","logger":"root"}
{"timestamp":"2025-06-14T00:00:28.602119","level":"info","event":"Adding metadata to dataframes...","logger":"root"}
{"timestamp":"2025-06-14T00:00:28.603562","level":"info","event":"Loading customer data into PostgreSQL...","logger":"root"}
{"timestamp":"2025-06-14T00:00:28.620760","level":"info","event":"Loading customers data into PostgreSQL...","logger":"root"}
{"timestamp":"2025-06-14T00:00:28.640656","level":"info","event":"Customer data loaded successfully.","logger":"root"}
{"timestamp":"2025-06-14T00:00:28.681388","level":"info","event":"Loading data into PostgreSQL...","logger":"root"}
{"timestamp":"2025-06-14T00:00:28.683830","level":"info","event":"PostgreSQL connection closed.","logger":"root"}
{"timestamp":"2025-06-14T00:00:28.684011","level":"info","event":"Data loading completed successfully.","logger":"root"}
{"timestamp":"2025-06-14T00:00:28.685170","level":"info","event":"Done. Returned value was: None","logger":"airflow.task.operators.airflow.providers.standard.decorators.python._PythonDecoratedOperator"}
{"timestamp":"2025-06-14T00:00:28.728009Z","level":"info","event":"Task instance in success state","chan":"stdout","logger":"task"}
{"timestamp":"2025-06-14T00:00:28.728227Z","level":"info","event":" Previous state of the Task instance: TaskInstanceState.RUNNING","chan":"stdout","logger":"task"}
{"timestamp":"2025-06-14T00:00:28.728375Z","level":"info","event":"Task operator:<Task(_PythonDecoratedOperator): load_customer_data>","chan":"stdout","logger":"task"}
