{"timestamp":"2025-06-12T04:47:17.927967","level":"info","event":"DAG bundles loaded: dags-folder, example_dags","logger":"airflow.dag_processing.bundles.manager.DagBundlesManager"}
{"timestamp":"2025-06-12T04:47:17.929005","level":"info","event":"Filling up the DagBag from /opt/airflow/dags/banking_airflow_pipeline/dag_data_generation.py","logger":"airflow.models.dagbag.DagBag"}
{"timestamp":"2025-06-12T04:47:19.185590Z","level":"info","event":"Task instance is in running state","chan":"stdout","logger":"task"}
{"timestamp":"2025-06-12T04:47:19.185787Z","level":"info","event":" Previous state of the Task instance: TaskInstanceState.QUEUED","chan":"stdout","logger":"task"}
{"timestamp":"2025-06-12T04:47:19.185866Z","level":"info","event":"Current task name:load_customer_data_into_pg","chan":"stdout","logger":"task"}
{"timestamp":"2025-06-12T04:47:19.185917Z","level":"info","event":"Dag name:banking_data_generation_dag","chan":"stdout","logger":"task"}
{"timestamp":"2025-06-12T04:47:19.144716","level":"info","event":"Connecting to PostgreSQL database...","logger":"root"}
{"timestamp":"2025-06-12T04:47:19.271665","level":"info","event":"Connection established successfully.","logger":"root"}
{"timestamp":"2025-06-12T04:47:19.272262","level":"info","event":"Reading CSV files from sftp path: /opt/airflow/sftp_data/run_20250612_044618","logger":"root"}
{"timestamp":"2025-06-12T04:47:19.534350","level":"info","event":"Adding metadata to dataframes...","logger":"root"}
{"timestamp":"2025-06-12T04:47:19.548529","level":"info","event":"Loading customer data into PostgreSQL...","logger":"root"}
{"timestamp":"2025-06-12T04:47:19.733542","level":"info","event":"Loading customers data into PostgreSQL...","logger":"root"}
{"timestamp":"2025-06-12T04:47:19.822972","level":"info","event":"Customer data loaded successfully.","logger":"root"}
{"timestamp":"2025-06-12T04:47:19.915959","level":"info","event":"Loading data into PostgreSQL...","logger":"root"}
{"timestamp":"2025-06-12T04:47:19.916347","level":"info","event":"PostgreSQL connection closed.","logger":"root"}
{"timestamp":"2025-06-12T04:47:19.916474","level":"info","event":"Data loading completed successfully.","logger":"root"}
{"timestamp":"2025-06-12T04:47:19.917597","level":"info","event":"Done. Returned value was: Data loaded successfully from local customers csv to PostgreSQL database.","logger":"airflow.task.operators.airflow.providers.standard.operators.python.PythonOperator"}
{"timestamp":"2025-06-12T04:47:19.922899","level":"info","event":"Pushing xcom","ti":"RuntimeTaskInstance(id=UUID('01976275-a147-74fe-ab12-30d4e5a73a61'), task_id='load_customer_data_into_pg', dag_id='banking_data_generation_dag', run_id='scheduled__2025-06-12T04:46:05.328601+00:00', try_number=1, map_index=-1, hostname='557b185c0777', context_carrier={}, task=<Task(PythonOperator): load_customer_data_into_pg>, bundle_instance=LocalDagBundle(name=dags-folder), max_tries=1, start_date=datetime.datetime(2025, 6, 12, 4, 47, 14, 504161, tzinfo=TzInfo(UTC)), end_date=None, state=<TaskInstanceState.RUNNING: 'running'>, is_mapped=False, rendered_map_index=None)","logger":"task"}
{"timestamp":"2025-06-12T04:47:19.997492Z","level":"info","event":"Task instance in success state","chan":"stdout","logger":"task"}
{"timestamp":"2025-06-12T04:47:19.997661Z","level":"info","event":" Previous state of the Task instance: TaskInstanceState.RUNNING","chan":"stdout","logger":"task"}
{"timestamp":"2025-06-12T04:47:19.997720Z","level":"info","event":"Task operator:<Task(PythonOperator): load_customer_data_into_pg>","chan":"stdout","logger":"task"}
