{"timestamp":"2025-06-11T06:09:55.707406","level":"info","event":"DAG bundles loaded: dags-folder, example_dags","logger":"airflow.dag_processing.bundles.manager.DagBundlesManager"}
{"timestamp":"2025-06-11T06:09:55.708309","level":"info","event":"Filling up the DagBag from /opt/airflow/dags/banking_airflow_pipeline/dag_ingest_data_from_sftp.py","logger":"airflow.models.dagbag.DagBag"}
{"timestamp":"2025-06-11T06:09:55.835249Z","level":"info","event":"Task instance is in running state","chan":"stdout","logger":"task"}
{"timestamp":"2025-06-11T06:09:55.835505Z","level":"info","event":" Previous state of the Task instance: TaskInstanceState.QUEUED","chan":"stdout","logger":"task"}
{"timestamp":"2025-06-11T06:09:55.835656Z","level":"info","event":"Current task name:load_customer_data_from_sftp","chan":"stdout","logger":"task"}
{"timestamp":"2025-06-11T06:09:55.839530Z","level":"info","event":"Dag name:load_data_into_postgres","chan":"stdout","logger":"task"}
{"timestamp":"2025-06-11T06:09:55.769262","level":"info","event":"Connecting to PostgreSQL database...","logger":"root"}
{"timestamp":"2025-06-11T06:09:55.784342","level":"info","event":"Connection established successfully.","logger":"root"}
{"timestamp":"2025-06-11T06:09:55.784522","level":"info","event":"Reading CSV files from local path: /opt/airflow/sftp_data/","logger":"root"}
{"timestamp":"2025-06-11T06:09:55.849604","level":"info","event":"Adding metadata to dataframes...","logger":"root"}
{"timestamp":"2025-06-11T06:09:55.851302","level":"info","event":"Loading customer data into PostgreSQL...","logger":"root"}
{"timestamp":"2025-06-11T06:09:55.944829","level":"info","event":"Loading customers data into PostgreSQL...","logger":"root"}
{"timestamp":"2025-06-11T06:09:56.033718","level":"info","event":"Customer data loaded successfully.","logger":"root"}
{"timestamp":"2025-06-11T06:09:56.081939","level":"info","event":"Loading data into PostgreSQL...","logger":"root"}
{"timestamp":"2025-06-11T06:09:56.082197","level":"info","event":"PostgreSQL connection closed.","logger":"root"}
{"timestamp":"2025-06-11T06:09:56.082294","level":"info","event":"Data loading completed successfully.","logger":"root"}
{"timestamp":"2025-06-11T06:09:56.086012","level":"info","event":"Done. Returned value was: Data loaded successfully from local customers csv to PostgreSQL database.","logger":"airflow.task.operators.airflow.providers.standard.operators.python.PythonOperator"}
{"timestamp":"2025-06-11T06:09:56.086317","level":"info","event":"Pushing xcom","ti":"RuntimeTaskInstance(id=UUID('01975d9c-02a3-73e1-ae07-6de8611b9795'), task_id='load_customer_data_from_sftp', dag_id='load_data_into_postgres', run_id='scheduled__2025-06-11T06:09:54.613355+00:00', try_number=1, map_index=-1, hostname='70ffd000aa3c', context_carrier={}, task=<Task(PythonOperator): load_customer_data_from_sftp>, bundle_instance=LocalDagBundle(name=dags-folder), max_tries=1, start_date=datetime.datetime(2025, 6, 11, 6, 9, 55, 24167, tzinfo=TzInfo(UTC)), end_date=None, state=<TaskInstanceState.RUNNING: 'running'>, is_mapped=False, rendered_map_index=None)","logger":"task"}
{"timestamp":"2025-06-11T06:09:56.192693Z","level":"info","event":"Task instance in success state","chan":"stdout","logger":"task"}
{"timestamp":"2025-06-11T06:09:56.192907Z","level":"info","event":" Previous state of the Task instance: TaskInstanceState.RUNNING","chan":"stdout","logger":"task"}
{"timestamp":"2025-06-11T06:09:56.192977Z","level":"info","event":"Task operator:<Task(PythonOperator): load_customer_data_from_sftp>","chan":"stdout","logger":"task"}
